
*** Running vivado
    with args -log alu.vds -m64 -product Vivado -mode batch -messageDb vivado.pb -notrace -source alu.tcl


****** Vivado v2019.1 (64-bit)
  **** SW Build 2552052 on Fri May 24 14:49:42 MDT 2019
  **** IP Build 2548770 on Fri May 24 18:01:18 MDT 2019
    ** Copyright 1986-2019 Xilinx, Inc. All Rights Reserved.

source alu.tcl -notrace
Command: synth_design -top alu -part xc7a200tfbg676-2
Starting synth_design
Attempting to get a license for feature 'Synthesis' and/or device 'xc7a200t'
INFO: [Common 17-349] Got license for feature 'Synthesis' and/or device 'xc7a200t'
INFO: [Device 21-403] Loading part xc7a200tfbg676-2
INFO: Launching helper process for spawning children vivado processes
INFO: Helper process launched with PID 2012 
---------------------------------------------------------------------------------
Starting RTL Elaboration : Time (s): cpu = 00:00:03 ; elapsed = 00:00:03 . Memory (MB): peak = 746.656 ; gain = 179.941
---------------------------------------------------------------------------------
INFO: [Synth 8-6157] synthesizing module 'alu' [F:/111111/exp_1.srcs/sources_1/new/alu.v:23]
INFO: [Synth 8-155] case statement is not full and has no default [F:/111111/exp_1.srcs/sources_1/new/alu.v:34]
INFO: [Synth 8-6155] done synthesizing module 'alu' (1#1) [F:/111111/exp_1.srcs/sources_1/new/alu.v:23]
WARNING: [Synth 8-3917] design alu has port cout driven by constant 0
---------------------------------------------------------------------------------
Finished RTL Elaboration : Time (s): cpu = 00:00:04 ; elapsed = 00:00:04 . Memory (MB): peak = 803.938 ; gain = 237.223
---------------------------------------------------------------------------------

Report Check Netlist: 
+------+------------------+-------+---------+-------+------------------+
|      |Item              |Errors |Warnings |Status |Description       |
+------+------------------+-------+---------+-------+------------------+
|1     |multi_driven_nets |      0|        0|Passed |Multi driven nets |
+------+------------------+-------+---------+-------+------------------+
---------------------------------------------------------------------------------
Start Handling Custom Attributes
---------------------------------------------------------------------------------
---------------------------------------------------------------------------------
Finished Handling Custom Attributes : Time (s): cpu = 00:00:04 ; elapsed = 00:00:08 . Memory (MB): peak = 807.953 ; gain = 241.238
---------------------------------------------------------------------------------
---------------------------------------------------------------------------------
Finished RTL Optimization Phase 1 : Time (s): cpu = 00:00:04 ; elapsed = 00:00:08 . Memory (MB): peak = 807.953 ; gain = 241.238
---------------------------------------------------------------------------------
INFO: [Project 1-570] Preparing netlist for logic optimization

Processing XDC Constraints
Initializing timing engine
Parsing XDC File [F:/111111/exp_1.srcs/constrs_1/new/alu.xdc]
WARNING: [Vivado 12-584] No ports matched 'lcd_data_io[6]'. [F:/111111/exp_1.srcs/constrs_1/new/alu.xdc:1]
CRITICAL WARNING: [Common 17-55] 'set_property' expects at least one object. [F:/111111/exp_1.srcs/constrs_1/new/alu.xdc:1]
Resolution: If [get_<value>] was used to populate the object, check to make sure this command returns at least one valid object.
WARNING: [Vivado 12-584] No ports matched 'ct_rstn'. [F:/111111/exp_1.srcs/constrs_1/new/alu.xdc:2]
CRITICAL WARNING: [Common 17-55] 'set_property' expects at least one object. [F:/111111/exp_1.srcs/constrs_1/new/alu.xdc:2]
Resolution: If [get_<value>] was used to populate the object, check to make sure this command returns at least one valid object.
WARNING: [Vivado 12-584] No ports matched 'lcd_data_io[5]'. [F:/111111/exp_1.srcs/constrs_1/new/alu.xdc:3]
CRITICAL WARNING: [Common 17-55] 'set_property' expects at least one object. [F:/111111/exp_1.srcs/constrs_1/new/alu.xdc:3]
Resolution: If [get_<value>] was used to populate the object, check to make sure this command returns at least one valid object.
WARNING: [Vivado 12-584] No ports matched 'lcd_data_io[12]'. [F:/111111/exp_1.srcs/constrs_1/new/alu.xdc:4]
CRITICAL WARNING: [Common 17-55] 'set_property' expects at least one object. [F:/111111/exp_1.srcs/constrs_1/new/alu.xdc:4]
Resolution: If [get_<value>] was used to populate the object, check to make sure this command returns at least one valid object.
WARNING: [Vivado 12-584] No ports matched 'lcd_data_io[1]'. [F:/111111/exp_1.srcs/constrs_1/new/alu.xdc:5]
CRITICAL WARNING: [Common 17-55] 'set_property' expects at least one object. [F:/111111/exp_1.srcs/constrs_1/new/alu.xdc:5]
Resolution: If [get_<value>] was used to populate the object, check to make sure this command returns at least one valid object.
WARNING: [Vivado 12-584] No ports matched 'ct_sda'. [F:/111111/exp_1.srcs/constrs_1/new/alu.xdc:6]
CRITICAL WARNING: [Common 17-55] 'set_property' expects at least one object. [F:/111111/exp_1.srcs/constrs_1/new/alu.xdc:6]
Resolution: If [get_<value>] was used to populate the object, check to make sure this command returns at least one valid object.
WARNING: [Vivado 12-584] No ports matched 'ct_scl'. [F:/111111/exp_1.srcs/constrs_1/new/alu.xdc:7]
CRITICAL WARNING: [Common 17-55] 'set_property' expects at least one object. [F:/111111/exp_1.srcs/constrs_1/new/alu.xdc:7]
Resolution: If [get_<value>] was used to populate the object, check to make sure this command returns at least one valid object.
WARNING: [Vivado 12-584] No ports matched 'lcd_data_io[4]'. [F:/111111/exp_1.srcs/constrs_1/new/alu.xdc:8]
CRITICAL WARNING: [Common 17-55] 'set_property' expects at least one object. [F:/111111/exp_1.srcs/constrs_1/new/alu.xdc:8]
Resolution: If [get_<value>] was used to populate the object, check to make sure this command returns at least one valid object.
WARNING: [Vivado 12-584] No ports matched 'lcd_data_io[11]'. [F:/111111/exp_1.srcs/constrs_1/new/alu.xdc:9]
CRITICAL WARNING: [Common 17-55] 'set_property' expects at least one object. [F:/111111/exp_1.srcs/constrs_1/new/alu.xdc:9]
Resolution: If [get_<value>] was used to populate the object, check to make sure this command returns at least one valid object.
WARNING: [Vivado 12-584] No ports matched 'lcd_wr'. [F:/111111/exp_1.srcs/constrs_1/new/alu.xdc:10]
CRITICAL WARNING: [Common 17-55] 'set_property' expects at least one object. [F:/111111/exp_1.srcs/constrs_1/new/alu.xdc:10]
Resolution: If [get_<value>] was used to populate the object, check to make sure this command returns at least one valid object.
WARNING: [Vivado 12-584] No ports matched 'lcd_bl_ctr'. [F:/111111/exp_1.srcs/constrs_1/new/alu.xdc:11]
CRITICAL WARNING: [Common 17-55] 'set_property' expects at least one object. [F:/111111/exp_1.srcs/constrs_1/new/alu.xdc:11]
Resolution: If [get_<value>] was used to populate the object, check to make sure this command returns at least one valid object.
WARNING: [Vivado 12-584] No ports matched 'resetn'. [F:/111111/exp_1.srcs/constrs_1/new/alu.xdc:12]
CRITICAL WARNING: [Common 17-55] 'set_property' expects at least one object. [F:/111111/exp_1.srcs/constrs_1/new/alu.xdc:12]
Resolution: If [get_<value>] was used to populate the object, check to make sure this command returns at least one valid object.
WARNING: [Vivado 12-584] No ports matched 'lcd_data_io[3]'. [F:/111111/exp_1.srcs/constrs_1/new/alu.xdc:13]
CRITICAL WARNING: [Common 17-55] 'set_property' expects at least one object. [F:/111111/exp_1.srcs/constrs_1/new/alu.xdc:13]
Resolution: If [get_<value>] was used to populate the object, check to make sure this command returns at least one valid object.
WARNING: [Vivado 12-584] No ports matched 'lcd_data_io[9]'. [F:/111111/exp_1.srcs/constrs_1/new/alu.xdc:14]
CRITICAL WARNING: [Common 17-55] 'set_property' expects at least one object. [F:/111111/exp_1.srcs/constrs_1/new/alu.xdc:14]
Resolution: If [get_<value>] was used to populate the object, check to make sure this command returns at least one valid object.
WARNING: [Vivado 12-584] No ports matched 'input_sel'. [F:/111111/exp_1.srcs/constrs_1/new/alu.xdc:15]
CRITICAL WARNING: [Common 17-55] 'set_property' expects at least one object. [F:/111111/exp_1.srcs/constrs_1/new/alu.xdc:15]
Resolution: If [get_<value>] was used to populate the object, check to make sure this command returns at least one valid object.
WARNING: [Vivado 12-584] No ports matched 'lcd_data_io[10]'. [F:/111111/exp_1.srcs/constrs_1/new/alu.xdc:16]
CRITICAL WARNING: [Common 17-55] 'set_property' expects at least one object. [F:/111111/exp_1.srcs/constrs_1/new/alu.xdc:16]
Resolution: If [get_<value>] was used to populate the object, check to make sure this command returns at least one valid object.
WARNING: [Vivado 12-584] No ports matched 'led_cout'. [F:/111111/exp_1.srcs/constrs_1/new/alu.xdc:17]
CRITICAL WARNING: [Common 17-55] 'set_property' expects at least one object. [F:/111111/exp_1.srcs/constrs_1/new/alu.xdc:17]
Resolution: If [get_<value>] was used to populate the object, check to make sure this command returns at least one valid object.
WARNING: [Vivado 12-584] No ports matched 'lcd_data_io[2]'. [F:/111111/exp_1.srcs/constrs_1/new/alu.xdc:18]
CRITICAL WARNING: [Common 17-55] 'set_property' expects at least one object. [F:/111111/exp_1.srcs/constrs_1/new/alu.xdc:18]
Resolution: If [get_<value>] was used to populate the object, check to make sure this command returns at least one valid object.
WARNING: [Vivado 12-584] No ports matched 'lcd_data_io[8]'. [F:/111111/exp_1.srcs/constrs_1/new/alu.xdc:19]
CRITICAL WARNING: [Common 17-55] 'set_property' expects at least one object. [F:/111111/exp_1.srcs/constrs_1/new/alu.xdc:19]
Resolution: If [get_<value>] was used to populate the object, check to make sure this command returns at least one valid object.
WARNING: [Vivado 12-584] No ports matched 'lcd_data_io[15]'. [F:/111111/exp_1.srcs/constrs_1/new/alu.xdc:20]
CRITICAL WARNING: [Common 17-55] 'set_property' expects at least one object. [F:/111111/exp_1.srcs/constrs_1/new/alu.xdc:20]
Resolution: If [get_<value>] was used to populate the object, check to make sure this command returns at least one valid object.
WARNING: [Vivado 12-584] No ports matched 'lcd_rd'. [F:/111111/exp_1.srcs/constrs_1/new/alu.xdc:21]
CRITICAL WARNING: [Common 17-55] 'set_property' expects at least one object. [F:/111111/exp_1.srcs/constrs_1/new/alu.xdc:21]
Resolution: If [get_<value>] was used to populate the object, check to make sure this command returns at least one valid object.
WARNING: [Vivado 12-584] No ports matched 'lcd_data_io[14]'. [F:/111111/exp_1.srcs/constrs_1/new/alu.xdc:22]
CRITICAL WARNING: [Common 17-55] 'set_property' expects at least one object. [F:/111111/exp_1.srcs/constrs_1/new/alu.xdc:22]
Resolution: If [get_<value>] was used to populate the object, check to make sure this command returns at least one valid object.
WARNING: [Vivado 12-584] No ports matched 'lcd_rs'. [F:/111111/exp_1.srcs/constrs_1/new/alu.xdc:23]
CRITICAL WARNING: [Common 17-55] 'set_property' expects at least one object. [F:/111111/exp_1.srcs/constrs_1/new/alu.xdc:23]
Resolution: If [get_<value>] was used to populate the object, check to make sure this command returns at least one valid object.
WARNING: [Vivado 12-584] No ports matched 'lcd_cs'. [F:/111111/exp_1.srcs/constrs_1/new/alu.xdc:24]
CRITICAL WARNING: [Common 17-55] 'set_property' expects at least one object. [F:/111111/exp_1.srcs/constrs_1/new/alu.xdc:24]
Resolution: If [get_<value>] was used to populate the object, check to make sure this command returns at least one valid object.
WARNING: [Vivado 12-584] No ports matched 'ct_int'. [F:/111111/exp_1.srcs/constrs_1/new/alu.xdc:25]
CRITICAL WARNING: [Common 17-55] 'set_property' expects at least one object. [F:/111111/exp_1.srcs/constrs_1/new/alu.xdc:25]
Resolution: If [get_<value>] was used to populate the object, check to make sure this command returns at least one valid object.
WARNING: [Vivado 12-584] No ports matched 'clk'. [F:/111111/exp_1.srcs/constrs_1/new/alu.xdc:26]
CRITICAL WARNING: [Common 17-55] 'set_property' expects at least one object. [F:/111111/exp_1.srcs/constrs_1/new/alu.xdc:26]
Resolution: If [get_<value>] was used to populate the object, check to make sure this command returns at least one valid object.
WARNING: [Vivado 12-584] No ports matched 'lcd_data_io[0]'. [F:/111111/exp_1.srcs/constrs_1/new/alu.xdc:27]
CRITICAL WARNING: [Common 17-55] 'set_property' expects at least one object. [F:/111111/exp_1.srcs/constrs_1/new/alu.xdc:27]
Resolution: If [get_<value>] was used to populate the object, check to make sure this command returns at least one valid object.
WARNING: [Vivado 12-584] No ports matched 'lcd_data_io[7]'. [F:/111111/exp_1.srcs/constrs_1/new/alu.xdc:28]
CRITICAL WARNING: [Common 17-55] 'set_property' expects at least one object. [F:/111111/exp_1.srcs/constrs_1/new/alu.xdc:28]
Resolution: If [get_<value>] was used to populate the object, check to make sure this command returns at least one valid object.
WARNING: [Vivado 12-584] No ports matched 'sw_cin'. [F:/111111/exp_1.srcs/constrs_1/new/alu.xdc:29]
CRITICAL WARNING: [Common 17-55] 'set_property' expects at least one object. [F:/111111/exp_1.srcs/constrs_1/new/alu.xdc:29]
Resolution: If [get_<value>] was used to populate the object, check to make sure this command returns at least one valid object.
WARNING: [Vivado 12-584] No ports matched 'lcd_data_io[13]'. [F:/111111/exp_1.srcs/constrs_1/new/alu.xdc:30]
CRITICAL WARNING: [Common 17-55] 'set_property' expects at least one object. [F:/111111/exp_1.srcs/constrs_1/new/alu.xdc:30]
Resolution: If [get_<value>] was used to populate the object, check to make sure this command returns at least one valid object.
WARNING: [Vivado 12-584] No ports matched 'lcd_rst'. [F:/111111/exp_1.srcs/constrs_1/new/alu.xdc:31]
CRITICAL WARNING: [Common 17-55] 'set_property' expects at least one object. [F:/111111/exp_1.srcs/constrs_1/new/alu.xdc:31]
Resolution: If [get_<value>] was used to populate the object, check to make sure this command returns at least one valid object.
WARNING: [Vivado 12-584] No ports matched 'lcd_rst'. [F:/111111/exp_1.srcs/constrs_1/new/alu.xdc:32]
CRITICAL WARNING: [Common 17-55] 'set_property' expects at least one object. [F:/111111/exp_1.srcs/constrs_1/new/alu.xdc:32]
Resolution: If [get_<value>] was used to populate the object, check to make sure this command returns at least one valid object.
WARNING: [Vivado 12-584] No ports matched 'clk'. [F:/111111/exp_1.srcs/constrs_1/new/alu.xdc:33]
CRITICAL WARNING: [Common 17-55] 'set_property' expects at least one object. [F:/111111/exp_1.srcs/constrs_1/new/alu.xdc:33]
Resolution: If [get_<value>] was used to populate the object, check to make sure this command returns at least one valid object.
WARNING: [Vivado 12-584] No ports matched 'lcd_data_io[0]'. [F:/111111/exp_1.srcs/constrs_1/new/alu.xdc:34]
CRITICAL WARNING: [Common 17-55] 'set_property' expects at least one object. [F:/111111/exp_1.srcs/constrs_1/new/alu.xdc:34]
Resolution: If [get_<value>] was used to populate the object, check to make sure this command returns at least one valid object.
WARNING: [Vivado 12-584] No ports matched 'lcd_data_io[1]'. [F:/111111/exp_1.srcs/constrs_1/new/alu.xdc:35]
CRITICAL WARNING: [Common 17-55] 'set_property' expects at least one object. [F:/111111/exp_1.srcs/constrs_1/new/alu.xdc:35]
Resolution: If [get_<value>] was used to populate the object, check to make sure this command returns at least one valid object.
WARNING: [Vivado 12-584] No ports matched 'lcd_data_io[2]'. [F:/111111/exp_1.srcs/constrs_1/new/alu.xdc:36]
CRITICAL WARNING: [Common 17-55] 'set_property' expects at least one object. [F:/111111/exp_1.srcs/constrs_1/new/alu.xdc:36]
Resolution: If [get_<value>] was used to populate the object, check to make sure this command returns at least one valid object.
WARNING: [Vivado 12-584] No ports matched 'lcd_data_io[3]'. [F:/111111/exp_1.srcs/constrs_1/new/alu.xdc:37]
CRITICAL WARNING: [Common 17-55] 'set_property' expects at least one object. [F:/111111/exp_1.srcs/constrs_1/new/alu.xdc:37]
Resolution: If [get_<value>] was used to populate the object, check to make sure this command returns at least one valid object.
WARNING: [Vivado 12-584] No ports matched 'lcd_data_io[4]'. [F:/111111/exp_1.srcs/constrs_1/new/alu.xdc:38]
CRITICAL WARNING: [Common 17-55] 'set_property' expects at least one object. [F:/111111/exp_1.srcs/constrs_1/new/alu.xdc:38]
Resolution: If [get_<value>] was used to populate the object, check to make sure this command returns at least one valid object.
WARNING: [Vivado 12-584] No ports matched 'lcd_data_io[5]'. [F:/111111/exp_1.srcs/constrs_1/new/alu.xdc:39]
CRITICAL WARNING: [Common 17-55] 'set_property' expects at least one object. [F:/111111/exp_1.srcs/constrs_1/new/alu.xdc:39]
Resolution: If [get_<value>] was used to populate the object, check to make sure this command returns at least one valid object.
WARNING: [Vivado 12-584] No ports matched 'lcd_data_io[6]'. [F:/111111/exp_1.srcs/constrs_1/new/alu.xdc:40]
CRITICAL WARNING: [Common 17-55] 'set_property' expects at least one object. [F:/111111/exp_1.srcs/constrs_1/new/alu.xdc:40]
Resolution: If [get_<value>] was used to populate the object, check to make sure this command returns at least one valid object.
WARNING: [Vivado 12-584] No ports matched 'lcd_data_io[7]'. [F:/111111/exp_1.srcs/constrs_1/new/alu.xdc:41]
CRITICAL WARNING: [Common 17-55] 'set_property' expects at least one object. [F:/111111/exp_1.srcs/constrs_1/new/alu.xdc:41]
Resolution: If [get_<value>] was used to populate the object, check to make sure this command returns at least one valid object.
WARNING: [Vivado 12-584] No ports matched 'lcd_data_io[8]'. [F:/111111/exp_1.srcs/constrs_1/new/alu.xdc:42]
CRITICAL WARNING: [Common 17-55] 'set_property' expects at least one object. [F:/111111/exp_1.srcs/constrs_1/new/alu.xdc:42]
Resolution: If [get_<value>] was used to populate the object, check to make sure this command returns at least one valid object.
WARNING: [Vivado 12-584] No ports matched 'lcd_data_io[9]'. [F:/111111/exp_1.srcs/constrs_1/new/alu.xdc:43]
CRITICAL WARNING: [Common 17-55] 'set_property' expects at least one object. [F:/111111/exp_1.srcs/constrs_1/new/alu.xdc:43]
Resolution: If [get_<value>] was used to populate the object, check to make sure this command returns at least one valid object.
WARNING: [Vivado 12-584] No ports matched 'lcd_data_io[10]'. [F:/111111/exp_1.srcs/constrs_1/new/alu.xdc:44]
CRITICAL WARNING: [Common 17-55] 'set_property' expects at least one object. [F:/111111/exp_1.srcs/constrs_1/new/alu.xdc:44]
Resolution: If [get_<value>] was used to populate the object, check to make sure this command returns at least one valid object.
WARNING: [Vivado 12-584] No ports matched 'lcd_data_io[11]'. [F:/111111/exp_1.srcs/constrs_1/new/alu.xdc:45]
CRITICAL WARNING: [Common 17-55] 'set_property' expects at least one object. [F:/111111/exp_1.srcs/constrs_1/new/alu.xdc:45]
Resolution: If [get_<value>] was used to populate the object, check to make sure this command returns at least one valid object.
WARNING: [Vivado 12-584] No ports matched 'lcd_data_io[12]'. [F:/111111/exp_1.srcs/constrs_1/new/alu.xdc:46]
CRITICAL WARNING: [Common 17-55] 'set_property' expects at least one object. [F:/111111/exp_1.srcs/constrs_1/new/alu.xdc:46]
Resolution: If [get_<value>] was used to populate the object, check to make sure this command returns at least one valid object.
WARNING: [Vivado 12-584] No ports matched 'lcd_data_io[13]'. [F:/111111/exp_1.srcs/constrs_1/new/alu.xdc:47]
CRITICAL WARNING: [Common 17-55] 'set_property' expects at least one object. [F:/111111/exp_1.srcs/constrs_1/new/alu.xdc:47]
Resolution: If [get_<value>] was used to populate the object, check to make sure this command returns at least one valid object.
WARNING: [Vivado 12-584] No ports matched 'lcd_data_io[14]'. [F:/111111/exp_1.srcs/constrs_1/new/alu.xdc:48]
CRITICAL WARNING: [Common 17-55] 'set_property' expects at least one object. [F:/111111/exp_1.srcs/constrs_1/new/alu.xdc:48]
Resolution: If [get_<value>] was used to populate the object, check to make sure this command returns at least one valid object.
WARNING: [Vivado 12-584] No ports matched 'lcd_data_io[15]'. [F:/111111/exp_1.srcs/constrs_1/new/alu.xdc:49]
CRITICAL WARNING: [Common 17-55] 'set_property' expects at least one object. [F:/111111/exp_1.srcs/constrs_1/new/alu.xdc:49]
Resolution: If [get_<value>] was used to populate the object, check to make sure this command returns at least one valid object.
WARNING: [Vivado 12-584] No ports matched 'lcd_rd'. [F:/111111/exp_1.srcs/constrs_1/new/alu.xdc:50]
CRITICAL WARNING: [Common 17-55] 'set_property' expects at least one object. [F:/111111/exp_1.srcs/constrs_1/new/alu.xdc:50]
Resolution: If [get_<value>] was used to populate the object, check to make sure this command returns at least one valid object.
WARNING: [Vivado 12-584] No ports matched 'lcd_rs'. [F:/111111/exp_1.srcs/constrs_1/new/alu.xdc:51]
CRITICAL WARNING: [Common 17-55] 'set_property' expects at least one object. [F:/111111/exp_1.srcs/constrs_1/new/alu.xdc:51]
Resolution: If [get_<value>] was used to populate the object, check to make sure this command returns at least one valid object.
WARNING: [Vivado 12-584] No ports matched 'lcd_cs'. [F:/111111/exp_1.srcs/constrs_1/new/alu.xdc:52]
CRITICAL WARNING: [Common 17-55] 'set_property' expects at least one object. [F:/111111/exp_1.srcs/constrs_1/new/alu.xdc:52]
Resolution: If [get_<value>] was used to populate the object, check to make sure this command returns at least one valid object.
WARNING: [Vivado 12-584] No ports matched 'ct_sda'. [F:/111111/exp_1.srcs/constrs_1/new/alu.xdc:53]
CRITICAL WARNING: [Common 17-55] 'set_property' expects at least one object. [F:/111111/exp_1.srcs/constrs_1/new/alu.xdc:53]
Resolution: If [get_<value>] was used to populate the object, check to make sure this command returns at least one valid object.
WARNING: [Vivado 12-584] No ports matched 'ct_scl'. [F:/111111/exp_1.srcs/constrs_1/new/alu.xdc:54]
CRITICAL WARNING: [Common 17-55] 'set_property' expects at least one object. [F:/111111/exp_1.srcs/constrs_1/new/alu.xdc:54]
Resolution: If [get_<value>] was used to populate the object, check to make sure this command returns at least one valid object.
WARNING: [Vivado 12-584] No ports matched 'lcd_wr'. [F:/111111/exp_1.srcs/constrs_1/new/alu.xdc:55]
CRITICAL WARNING: [Common 17-55] 'set_property' expects at least one object. [F:/111111/exp_1.srcs/constrs_1/new/alu.xdc:55]
Resolution: If [get_<value>] was used to populate the object, check to make sure this command returns at least one valid object.
WARNING: [Vivado 12-584] No ports matched 'lcd_bl_ctr'. [F:/111111/exp_1.srcs/constrs_1/new/alu.xdc:56]
CRITICAL WARNING: [Common 17-55] 'set_property' expects at least one object. [F:/111111/exp_1.srcs/constrs_1/new/alu.xdc:56]
Resolution: If [get_<value>] was used to populate the object, check to make sure this command returns at least one valid object.
WARNING: [Vivado 12-584] No ports matched 'resetn'. [F:/111111/exp_1.srcs/constrs_1/new/alu.xdc:57]
CRITICAL WARNING: [Common 17-55] 'set_property' expects at least one object. [F:/111111/exp_1.srcs/constrs_1/new/alu.xdc:57]
Resolution: If [get_<value>] was used to populate the object, check to make sure this command returns at least one valid object.
WARNING: [Vivado 12-584] No ports matched 'led_cout'. [F:/111111/exp_1.srcs/constrs_1/new/alu.xdc:58]
CRITICAL WARNING: [Common 17-55] 'set_property' expects at least one object. [F:/111111/exp_1.srcs/constrs_1/new/alu.xdc:58]
Resolution: If [get_<value>] was used to populate the object, check to make sure this command returns at least one valid object.
WARNING: [Vivado 12-584] No ports matched 'input_sel'. [F:/111111/exp_1.srcs/constrs_1/new/alu.xdc:59]
CRITICAL WARNING: [Common 17-55] 'set_property' expects at least one object. [F:/111111/exp_1.srcs/constrs_1/new/alu.xdc:59]
Resolution: If [get_<value>] was used to populate the object, check to make sure this command returns at least one valid object.
WARNING: [Vivado 12-584] No ports matched 'sw_cin'. [F:/111111/exp_1.srcs/constrs_1/new/alu.xdc:60]
CRITICAL WARNING: [Common 17-55] 'set_property' expects at least one object. [F:/111111/exp_1.srcs/constrs_1/new/alu.xdc:60]
Resolution: If [get_<value>] was used to populate the object, check to make sure this command returns at least one valid object.
WARNING: [Vivado 12-584] No ports matched 'ct_int'. [F:/111111/exp_1.srcs/constrs_1/new/alu.xdc:61]
CRITICAL WARNING: [Common 17-55] 'set_property' expects at least one object. [F:/111111/exp_1.srcs/constrs_1/new/alu.xdc:61]
Resolution: If [get_<value>] was used to populate the object, check to make sure this command returns at least one valid object.
WARNING: [Vivado 12-584] No ports matched 'ct_rstn'. [F:/111111/exp_1.srcs/constrs_1/new/alu.xdc:62]
CRITICAL WARNING: [Common 17-55] 'set_property' expects at least one object. [F:/111111/exp_1.srcs/constrs_1/new/alu.xdc:62]
Resolution: If [get_<value>] was used to populate the object, check to make sure this command returns at least one valid object.
WARNING: [Vivado 12-584] No ports matched 'sw_cin_2'. [F:/111111/exp_1.srcs/constrs_1/new/alu.xdc:64]
CRITICAL WARNING: [Common 17-55] 'set_property' expects at least one object. [F:/111111/exp_1.srcs/constrs_1/new/alu.xdc:64]
Resolution: If [get_<value>] was used to populate the object, check to make sure this command returns at least one valid object.
WARNING: [Vivado 12-584] No ports matched 'sw_cin_1'. [F:/111111/exp_1.srcs/constrs_1/new/alu.xdc:65]
CRITICAL WARNING: [Common 17-55] 'set_property' expects at least one object. [F:/111111/exp_1.srcs/constrs_1/new/alu.xdc:65]
Resolution: If [get_<value>] was used to populate the object, check to make sure this command returns at least one valid object.
WARNING: [Vivado 12-584] No ports matched 'sw_cin_1'. [F:/111111/exp_1.srcs/constrs_1/new/alu.xdc:66]
CRITICAL WARNING: [Common 17-55] 'set_property' expects at least one object. [F:/111111/exp_1.srcs/constrs_1/new/alu.xdc:66]
Resolution: If [get_<value>] was used to populate the object, check to make sure this command returns at least one valid object.
WARNING: [Vivado 12-584] No ports matched 'sw_cin_3'. [F:/111111/exp_1.srcs/constrs_1/new/alu.xdc:67]
CRITICAL WARNING: [Common 17-55] 'set_property' expects at least one object. [F:/111111/exp_1.srcs/constrs_1/new/alu.xdc:67]
Resolution: If [get_<value>] was used to populate the object, check to make sure this command returns at least one valid object.
WARNING: [Vivado 12-584] No ports matched 'sw_cin_3'. [F:/111111/exp_1.srcs/constrs_1/new/alu.xdc:68]
CRITICAL WARNING: [Common 17-55] 'set_property' expects at least one object. [F:/111111/exp_1.srcs/constrs_1/new/alu.xdc:68]
Resolution: If [get_<value>] was used to populate the object, check to make sure this command returns at least one valid object.
WARNING: [Vivado 12-584] No ports matched 'sw_cin_2'. [F:/111111/exp_1.srcs/constrs_1/new/alu.xdc:69]
CRITICAL WARNING: [Common 17-55] 'set_property' expects at least one object. [F:/111111/exp_1.srcs/constrs_1/new/alu.xdc:69]
Resolution: If [get_<value>] was used to populate the object, check to make sure this command returns at least one valid object.
Finished Parsing XDC File [F:/111111/exp_1.srcs/constrs_1/new/alu.xdc]
Completed Processing XDC Constraints

Netlist sorting complete. Time (s): cpu = 00:00:00 ; elapsed = 00:00:00.001 . Memory (MB): peak = 897.434 ; gain = 0.000
INFO: [Project 1-111] Unisim Transformation Summary:
No Unisim elements were transformed.

WARNING: [Constraints 18-5210] No constraints selected for write.
Resolution: This message can indicate that there are no constraints for the design, or it can indicate that the used_in flags are set such that the constraints are ignored. This later case is used when running synth_design to not write synthesis constraints to the resulting checkpoint. Instead, project constraints are read when the synthesized design is opened.
Constraint Validation Runtime : Time (s): cpu = 00:00:00 ; elapsed = 00:00:00.036 . Memory (MB): peak = 898.457 ; gain = 1.023
---------------------------------------------------------------------------------
Finished Constraint Validation : Time (s): cpu = 00:00:09 ; elapsed = 00:00:13 . Memory (MB): peak = 898.457 ; gain = 331.742
---------------------------------------------------------------------------------
---------------------------------------------------------------------------------
Start Loading Part and Timing Information
---------------------------------------------------------------------------------
Loading part: xc7a200tfbg676-2
---------------------------------------------------------------------------------
Finished Loading Part and Timing Information : Time (s): cpu = 00:00:09 ; elapsed = 00:00:13 . Memory (MB): peak = 898.457 ; gain = 331.742
---------------------------------------------------------------------------------
---------------------------------------------------------------------------------
Start Applying 'set_property' XDC Constraints
---------------------------------------------------------------------------------
---------------------------------------------------------------------------------
Finished applying 'set_property' XDC Constraints : Time (s): cpu = 00:00:09 ; elapsed = 00:00:13 . Memory (MB): peak = 898.457 ; gain = 331.742
---------------------------------------------------------------------------------
---------------------------------------------------------------------------------
Finished RTL Optimization Phase 2 : Time (s): cpu = 00:00:09 ; elapsed = 00:00:17 . Memory (MB): peak = 898.457 ; gain = 331.742
---------------------------------------------------------------------------------

Report RTL Partitions: 
+-+--------------+------------+----------+
| |RTL Partition |Replication |Instances |
+-+--------------+------------+----------+
+-+--------------+------------+----------+
---------------------------------------------------------------------------------
Start RTL Component Statistics 
---------------------------------------------------------------------------------
Detailed RTL Component Info : 
+---Adders : 
	   2 Input     32 Bit       Adders := 1     
	   3 Input     32 Bit       Adders := 1     
+---XORs : 
	   2 Input     32 Bit         XORs := 1     
+---Multipliers : 
	                32x32  Multipliers := 1     
---------------------------------------------------------------------------------
Finished RTL Component Statistics 
---------------------------------------------------------------------------------
---------------------------------------------------------------------------------
Start RTL Hierarchical Component Statistics 
---------------------------------------------------------------------------------
Hierarchical RTL Component report 
Module alu 
Detailed RTL Component Info : 
+---Adders : 
	   2 Input     32 Bit       Adders := 1     
	   3 Input     32 Bit       Adders := 1     
+---XORs : 
	   2 Input     32 Bit         XORs := 1     
+---Multipliers : 
	                32x32  Multipliers := 1     
---------------------------------------------------------------------------------
Finished RTL Hierarchical Component Statistics
---------------------------------------------------------------------------------
---------------------------------------------------------------------------------
Start Part Resource Summary
---------------------------------------------------------------------------------
Part Resources:
DSPs: 740 (col length:100)
BRAMs: 730 (col length: RAMB18 100 RAMB36 50)
---------------------------------------------------------------------------------
Finished Part Resource Summary
---------------------------------------------------------------------------------
---------------------------------------------------------------------------------
Start Cross Boundary and Area Optimization
---------------------------------------------------------------------------------
Warning: Parallel synthesis criteria is not met 
INFO: [Synth 8-5845] Not enough pipeline registers after wide multiplier. Recommended levels of pipeline registers is 4 [F:/111111/exp_1.srcs/sources_1/new/alu.v:37]
DSP Report: Generating DSP cal0, operation Mode is: A*B.
DSP Report: operator cal0 is absorbed into DSP cal0.
DSP Report: operator cal0 is absorbed into DSP cal0.
DSP Report: Generating DSP cal0, operation Mode is: (PCIN>>17)+A*B.
DSP Report: operator cal0 is absorbed into DSP cal0.
DSP Report: operator cal0 is absorbed into DSP cal0.
DSP Report: Generating DSP cal0, operation Mode is: A*B.
DSP Report: operator cal0 is absorbed into DSP cal0.
DSP Report: operator cal0 is absorbed into DSP cal0.
DSP Report: Generating DSP cal0, operation Mode is: (PCIN>>17)+A*B.
DSP Report: operator cal0 is absorbed into DSP cal0.
DSP Report: operator cal0 is absorbed into DSP cal0.
WARNING: [Synth 8-3917] design alu has port cout driven by constant 0
WARNING: [Synth 8-3331] design alu has unconnected port aluc[3]
---------------------------------------------------------------------------------
Finished Cross Boundary and Area Optimization : Time (s): cpu = 00:00:13 ; elapsed = 00:00:24 . Memory (MB): peak = 898.457 ; gain = 331.742
---------------------------------------------------------------------------------
---------------------------------------------------------------------------------
Start ROM, RAM, DSP and Shift Register Reporting
---------------------------------------------------------------------------------

DSP: Preliminary Mapping  Report (see note below)
+------------+----------------+--------+--------+--------+--------+--------+------+------+------+------+-------+------+------+
|Module Name | DSP Mapping    | A Size | B Size | C Size | D Size | P Size | AREG | BREG | CREG | DREG | ADREG | MREG | PREG | 
+------------+----------------+--------+--------+--------+--------+--------+------+------+------+------+-------+------+------+
|alu         | A*B            | 18     | 16     | -      | -      | 48     | 0    | 0    | -    | -    | -     | 0    | 0    | 
|alu         | (PCIN>>17)+A*B | 16     | 16     | -      | -      | 48     | 0    | 0    | -    | -    | -     | 0    | 0    | 
|alu         | A*B            | 18     | 18     | -      | -      | 48     | 0    | 0    | -    | -    | -     | 0    | 0    | 
|alu         | (PCIN>>17)+A*B | 18     | 16     | -      | -      | 48     | 0    | 0    | -    | -    | -     | 0    | 0    | 
+------------+----------------+--------+--------+--------+--------+--------+------+------+------+------+-------+------+------+

Note: The table above is a preliminary report that shows the DSPs inferred at the current stage of the synthesis flow. Some DSP may be reimplemented as non DSP primitives later in the synthesis flow. Multiple instantiated DSPs are reported only once.
---------------------------------------------------------------------------------
Finished ROM, RAM, DSP and Shift Register Reporting
---------------------------------------------------------------------------------

Report RTL Partitions: 
+-+--------------+------------+----------+
| |RTL Partition |Replication |Instances |
+-+--------------+------------+----------+
+-+--------------+------------+----------+
---------------------------------------------------------------------------------
Start Applying XDC Timing Constraints
---------------------------------------------------------------------------------
---------------------------------------------------------------------------------
Finished Applying XDC Timing Constraints : Time (s): cpu = 00:00:23 ; elapsed = 00:00:34 . Memory (MB): peak = 953.297 ; gain = 386.582
---------------------------------------------------------------------------------
---------------------------------------------------------------------------------
Start Timing Optimization
---------------------------------------------------------------------------------
---------------------------------------------------------------------------------
Finished Timing Optimization : Time (s): cpu = 00:00:23 ; elapsed = 00:00:35 . Memory (MB): peak = 954.324 ; gain = 387.609
---------------------------------------------------------------------------------

Report RTL Partitions: 
+-+--------------+------------+----------+
| |RTL Partition |Replication |Instances |
+-+--------------+------------+----------+
+-+--------------+------------+----------+
---------------------------------------------------------------------------------
Start Technology Mapping
---------------------------------------------------------------------------------
---------------------------------------------------------------------------------
Finished Technology Mapping : Time (s): cpu = 00:00:23 ; elapsed = 00:00:35 . Memory (MB): peak = 970.395 ; gain = 403.680
---------------------------------------------------------------------------------

Report RTL Partitions: 
+-+--------------+------------+----------+
| |RTL Partition |Replication |Instances |
+-+--------------+------------+----------+
+-+--------------+------------+----------+
---------------------------------------------------------------------------------
Start IO Insertion
---------------------------------------------------------------------------------
---------------------------------------------------------------------------------
Start Flattening Before IO Insertion
---------------------------------------------------------------------------------
---------------------------------------------------------------------------------
Finished Flattening Before IO Insertion
---------------------------------------------------------------------------------
---------------------------------------------------------------------------------
Start Final Netlist Cleanup
---------------------------------------------------------------------------------
---------------------------------------------------------------------------------
Finished Final Netlist Cleanup
---------------------------------------------------------------------------------
---------------------------------------------------------------------------------
Finished IO Insertion : Time (s): cpu = 00:00:25 ; elapsed = 00:00:37 . Memory (MB): peak = 986.715 ; gain = 420.000
---------------------------------------------------------------------------------

Report Check Netlist: 
+------+------------------+-------+---------+-------+------------------+
|      |Item              |Errors |Warnings |Status |Description       |
+------+------------------+-------+---------+-------+------------------+
|1     |multi_driven_nets |      0|        0|Passed |Multi driven nets |
+------+------------------+-------+---------+-------+------------------+
---------------------------------------------------------------------------------
Start Renaming Generated Instances
---------------------------------------------------------------------------------
---------------------------------------------------------------------------------
Finished Renaming Generated Instances : Time (s): cpu = 00:00:25 ; elapsed = 00:00:37 . Memory (MB): peak = 986.715 ; gain = 420.000
---------------------------------------------------------------------------------

Report RTL Partitions: 
+-+--------------+------------+----------+
| |RTL Partition |Replication |Instances |
+-+--------------+------------+----------+
+-+--------------+------------+----------+
---------------------------------------------------------------------------------
Start Rebuilding User Hierarchy
---------------------------------------------------------------------------------
---------------------------------------------------------------------------------
Finished Rebuilding User Hierarchy : Time (s): cpu = 00:00:25 ; elapsed = 00:00:37 . Memory (MB): peak = 986.715 ; gain = 420.000
---------------------------------------------------------------------------------
---------------------------------------------------------------------------------
Start Renaming Generated Ports
---------------------------------------------------------------------------------
---------------------------------------------------------------------------------
Finished Renaming Generated Ports : Time (s): cpu = 00:00:25 ; elapsed = 00:00:37 . Memory (MB): peak = 986.715 ; gain = 420.000
---------------------------------------------------------------------------------
---------------------------------------------------------------------------------
Start Handling Custom Attributes
---------------------------------------------------------------------------------
---------------------------------------------------------------------------------
Finished Handling Custom Attributes : Time (s): cpu = 00:00:25 ; elapsed = 00:00:37 . Memory (MB): peak = 986.715 ; gain = 420.000
---------------------------------------------------------------------------------
---------------------------------------------------------------------------------
Start Renaming Generated Nets
---------------------------------------------------------------------------------
---------------------------------------------------------------------------------
Finished Renaming Generated Nets : Time (s): cpu = 00:00:25 ; elapsed = 00:00:37 . Memory (MB): peak = 986.715 ; gain = 420.000
---------------------------------------------------------------------------------
---------------------------------------------------------------------------------
Start Writing Synthesis Report
---------------------------------------------------------------------------------

Report BlackBoxes: 
+-+--------------+----------+
| |BlackBox name |Instances |
+-+--------------+----------+
+-+--------------+----------+

Report Cell Usage: 
+------+--------+------+
|      |Cell    |Count |
+------+--------+------+
|1     |CARRY4  |   312|
|2     |DSP48E1 |     3|
|3     |LUT1    |    62|
|4     |LUT2    |   114|
|5     |LUT3    |   996|
|6     |LUT4    |    72|
|7     |LUT5    |    42|
|8     |LUT6    |    75|
|9     |MUXF7   |    32|
|10    |IBUF    |    67|
|11    |OBUF    |    33|
+------+--------+------+

Report Instance Areas: 
+------+---------+-------+------+
|      |Instance |Module |Cells |
+------+---------+-------+------+
|1     |top      |       |  1808|
+------+---------+-------+------+
---------------------------------------------------------------------------------
Finished Writing Synthesis Report : Time (s): cpu = 00:00:25 ; elapsed = 00:00:37 . Memory (MB): peak = 986.715 ; gain = 420.000
---------------------------------------------------------------------------------
Synthesis finished with 0 errors, 0 critical warnings and 2 warnings.
Synthesis Optimization Runtime : Time (s): cpu = 00:00:19 ; elapsed = 00:00:34 . Memory (MB): peak = 986.715 ; gain = 329.496
Synthesis Optimization Complete : Time (s): cpu = 00:00:25 ; elapsed = 00:00:37 . Memory (MB): peak = 986.715 ; gain = 420.000
INFO: [Project 1-571] Translating synthesized netlist
INFO: [Netlist 29-17] Analyzing 347 Unisim elements for replacement
INFO: [Netlist 29-28] Unisim Transformation completed in 0 CPU seconds
WARNING: [Netlist 29-101] Netlist 'alu' is not ideal for floorplanning, since the cellview 'alu' contains a large number of primitives.  Please consider enabling hierarchy in synthesis if you want to do floorplanning.
INFO: [Project 1-570] Preparing netlist for logic optimization
INFO: [Opt 31-138] Pushed 0 inverter(s) to 0 load pin(s).
Netlist sorting complete. Time (s): cpu = 00:00:00 ; elapsed = 00:00:00.001 . Memory (MB): peak = 1002.781 ; gain = 0.000
INFO: [Project 1-111] Unisim Transformation Summary:
No Unisim elements were transformed.

INFO: [Common 17-83] Releasing license: Synthesis
15 Infos, 73 Warnings, 68 Critical Warnings and 0 Errors encountered.
synth_design completed successfully
synth_design: Time (s): cpu = 00:00:30 ; elapsed = 00:00:52 . Memory (MB): peak = 1002.781 ; gain = 700.605
Netlist sorting complete. Time (s): cpu = 00:00:00 ; elapsed = 00:00:00 . Memory (MB): peak = 1002.781 ; gain = 0.000
WARNING: [Constraints 18-5210] No constraints selected for write.
Resolution: This message can indicate that there are no constraints for the design, or it can indicate that the used_in flags are set such that the constraints are ignored. This later case is used when running synth_design to not write synthesis constraints to the resulting checkpoint. Instead, project constraints are read when the synthesized design is opened.
INFO: [Common 17-1381] The checkpoint 'F:/111111/exp_1.runs/synth_1/alu.dcp' has been generated.
INFO: [runtcl-4] Executing : report_utilization -file alu_utilization_synth.rpt -pb alu_utilization_synth.pb
INFO: [Common 17-206] Exiting Vivado at Wed Nov  2 11:45:34 2022...
