Copyright 1986-2022 Xilinx, Inc. All Rights Reserved.
-----------------------------------------------------------------------------------------------------------------------------
| Tool Version : Vivado v.2022.2 (win64) Build 3671981 Fri Oct 14 05:00:03 MDT 2022
| Date         : Fri Nov 25 19:11:10 2022
| Host         : LAPTOP-69O1FBO9 running 64-bit major release  (build 9200)
| Command      : report_utilization -file single_cycle_cpu_utilization_placed.rpt -pb single_cycle_cpu_utilization_placed.pb
| Design       : single_cycle_cpu
| Device       : xc7a200tfbg676-2
| Speed File   : -2
| Design State : Fully Placed
-----------------------------------------------------------------------------------------------------------------------------

Utilization Design Information

Table of Contents
-----------------
1. Slice Logic
1.1 Summary of Registers by Type
2. Slice Logic Distribution
3. Memory
4. DSP
5. IO and GT Specific
6. Clocking
7. Specific Feature
8. Primitives
9. Black Boxes
10. Instantiated Netlists

1. Slice Logic
--------------

+-------------------------+------+-------+------------+-----------+-------+
|        Site Type        | Used | Fixed | Prohibited | Available | Util% |
+-------------------------+------+-------+------------+-----------+-------+
| Slice LUTs              |  679 |     0 |        800 |    133800 |  0.51 |
|   LUT as Logic          |  679 |     0 |        800 |    133800 |  0.51 |
|   LUT as Memory         |    0 |     0 |          0 |     46200 |  0.00 |
| Slice Registers         |  254 |     0 |          0 |    269200 |  0.09 |
|   Register as Flip Flop |  254 |     0 |          0 |    269200 |  0.09 |
|   Register as Latch     |    0 |     0 |          0 |    269200 |  0.00 |
| F7 Muxes                |    0 |     0 |        400 |     66900 |  0.00 |
| F8 Muxes                |    0 |     0 |        200 |     33450 |  0.00 |
+-------------------------+------+-------+------------+-----------+-------+
* Warning! LUT value is adjusted to account for LUT combining.


1.1 Summary of Registers by Type
--------------------------------

+-------+--------------+-------------+--------------+
| Total | Clock Enable | Synchronous | Asynchronous |
+-------+--------------+-------------+--------------+
| 0     |            _ |           - |            - |
| 0     |            _ |           - |          Set |
| 0     |            _ |           - |        Reset |
| 0     |            _ |         Set |            - |
| 0     |            _ |       Reset |            - |
| 0     |          Yes |           - |            - |
| 0     |          Yes |           - |          Set |
| 0     |          Yes |           - |        Reset |
| 0     |          Yes |         Set |            - |
| 254   |          Yes |       Reset |            - |
+-------+--------------+-------------+--------------+


2. Slice Logic Distribution
---------------------------

+--------------------------------------------+------+-------+------------+-----------+-------+
|                  Site Type                 | Used | Fixed | Prohibited | Available | Util% |
+--------------------------------------------+------+-------+------------+-----------+-------+
| Slice                                      |  239 |     0 |        200 |     33450 |  0.71 |
|   SLICEL                                   |  150 |     0 |            |           |       |
|   SLICEM                                   |   89 |     0 |            |           |       |
| LUT as Logic                               |  679 |     0 |        800 |    133800 |  0.51 |
|   using O5 output only                     |    0 |       |            |           |       |
|   using O6 output only                     |  635 |       |            |           |       |
|   using O5 and O6                          |   44 |       |            |           |       |
| LUT as Memory                              |    0 |     0 |          0 |     46200 |  0.00 |
|   LUT as Distributed RAM                   |    0 |     0 |            |           |       |
|   LUT as Shift Register                    |    0 |     0 |            |           |       |
| Slice Registers                            |  254 |     0 |          0 |    269200 |  0.09 |
|   Register driven from within the Slice    |   36 |       |            |           |       |
|   Register driven from outside the Slice   |  218 |       |            |           |       |
|     LUT in front of the register is unused |   82 |       |            |           |       |
|     LUT in front of the register is used   |  136 |       |            |           |       |
| Unique Control Sets                        |    9 |       |        200 |     33450 |  0.03 |
+--------------------------------------------+------+-------+------------+-----------+-------+
* * Note: Available Control Sets calculated as Slice * 1, Review the Control Sets Report for more information regarding control sets.


3. Memory
---------

+----------------+------+-------+------------+-----------+-------+
|    Site Type   | Used | Fixed | Prohibited | Available | Util% |
+----------------+------+-------+------------+-----------+-------+
| Block RAM Tile |    0 |     0 |          0 |       365 |  0.00 |
|   RAMB36/FIFO* |    0 |     0 |          0 |       365 |  0.00 |
|   RAMB18       |    0 |     0 |          0 |       730 |  0.00 |
+----------------+------+-------+------------+-----------+-------+
* Note: Each Block RAM Tile only has one FIFO logic available and therefore can accommodate only one FIFO36E1 or one FIFO18E1. However, if a FIFO18E1 occupies a Block RAM Tile, that tile can still accommodate a RAMB18E1


4. DSP
------

+-----------+------+-------+------------+-----------+-------+
| Site Type | Used | Fixed | Prohibited | Available | Util% |
+-----------+------+-------+------------+-----------+-------+
| DSPs      |    0 |     0 |          0 |       740 |  0.00 |
+-----------+------+-------+------------+-----------+-------+


5. IO and GT Specific
---------------------

+-----------------------------+------+-------+------------+-----------+-------+
|          Site Type          | Used | Fixed | Prohibited | Available | Util% |
+-----------------------------+------+-------+------------+-----------+-------+
| Bonded IOB                  |  135 |     0 |          0 |       400 | 33.75 |
|   IOB Master Pads           |   65 |       |            |           |       |
|   IOB Slave Pads            |   65 |       |            |           |       |
| Bonded IPADs                |    0 |     0 |          0 |        26 |  0.00 |
| Bonded OPADs                |    0 |     0 |          0 |        16 |  0.00 |
| PHY_CONTROL                 |    0 |     0 |          0 |        10 |  0.00 |
| PHASER_REF                  |    0 |     0 |          0 |        10 |  0.00 |
| OUT_FIFO                    |    0 |     0 |          0 |        40 |  0.00 |
| IN_FIFO                     |    0 |     0 |          0 |        40 |  0.00 |
| IDELAYCTRL                  |    0 |     0 |          0 |        10 |  0.00 |
| IBUFDS                      |    0 |     0 |          0 |       384 |  0.00 |
| GTPE2_CHANNEL               |    0 |     0 |          0 |         8 |  0.00 |
| PHASER_OUT/PHASER_OUT_PHY   |    0 |     0 |          0 |        40 |  0.00 |
| PHASER_IN/PHASER_IN_PHY     |    0 |     0 |          0 |        40 |  0.00 |
| IDELAYE2/IDELAYE2_FINEDELAY |    0 |     0 |          0 |       500 |  0.00 |
| IBUFDS_GTE2                 |    0 |     0 |          0 |         4 |  0.00 |
| ILOGIC                      |    0 |     0 |          0 |       400 |  0.00 |
| OLOGIC                      |    0 |     0 |          0 |       400 |  0.00 |
+-----------------------------+------+-------+------------+-----------+-------+


6. Clocking
-----------

+------------+------+-------+------------+-----------+-------+
|  Site Type | Used | Fixed | Prohibited | Available | Util% |
+------------+------+-------+------------+-----------+-------+
| BUFGCTRL   |    1 |     0 |          0 |        32 |  3.13 |
| BUFIO      |    0 |     0 |          0 |        40 |  0.00 |
| MMCME2_ADV |    0 |     0 |          0 |        10 |  0.00 |
| PLLE2_ADV  |    0 |     0 |          0 |        10 |  0.00 |
| BUFMRCE    |    0 |     0 |          0 |        20 |  0.00 |
| BUFHCE     |    0 |     0 |          0 |       120 |  0.00 |
| BUFR       |    0 |     0 |          0 |        40 |  0.00 |
+------------+------+-------+------------+-----------+-------+


7. Specific Feature
-------------------

+-------------+------+-------+------------+-----------+-------+
|  Site Type  | Used | Fixed | Prohibited | Available | Util% |
+-------------+------+-------+------------+-----------+-------+
| BSCANE2     |    0 |     0 |          0 |         4 |  0.00 |
| CAPTUREE2   |    0 |     0 |          0 |         1 |  0.00 |
| DNA_PORT    |    0 |     0 |          0 |         1 |  0.00 |
| EFUSE_USR   |    0 |     0 |          0 |         1 |  0.00 |
| FRAME_ECCE2 |    0 |     0 |          0 |         1 |  0.00 |
| ICAPE2      |    0 |     0 |          0 |         2 |  0.00 |
| PCIE_2_1    |    0 |     0 |          0 |         1 |  0.00 |
| STARTUPE2   |    0 |     0 |          0 |         1 |  0.00 |
| XADC        |    0 |     0 |          0 |         1 |  0.00 |
+-------------+------+-------+------------+-----------+-------+


8. Primitives
-------------

+----------+------+---------------------+
| Ref Name | Used | Functional Category |
+----------+------+---------------------+
| LUT6     |  512 |                 LUT |
| FDRE     |  254 |        Flop & Latch |
| LUT5     |  150 |                 LUT |
| OBUF     |  128 |                  IO |
| LUT3     |   36 |                 LUT |
| LUT4     |   16 |                 LUT |
| CARRY4   |   16 |          CarryLogic |
| LUT2     |    8 |                 LUT |
| IBUF     |    7 |                  IO |
| LUT1     |    1 |                 LUT |
| BUFG     |    1 |               Clock |
+----------+------+---------------------+


9. Black Boxes
--------------

+----------+------+
| Ref Name | Used |
+----------+------+


10. Instantiated Netlists
-------------------------

+----------+------+
| Ref Name | Used |
+----------+------+


