Copyright 1986-2022 Xilinx, Inc. All Rights Reserved.
---------------------------------------------------------------------------------------------
| Tool Version : Vivado v.2022.2 (win64) Build 3671981 Fri Oct 14 05:00:03 MDT 2022
| Date         : Fri Nov 25 19:11:10 2022
| Host         : LAPTOP-69O1FBO9 running 64-bit major release  (build 9200)
| Command      : report_control_sets -verbose -file single_cycle_cpu_control_sets_placed.rpt
| Design       : single_cycle_cpu
| Device       : xc7a200t
---------------------------------------------------------------------------------------------

Control Set Information

Table of Contents
-----------------
1. Summary
2. Histogram
3. Flip-Flop Distribution
4. Detailed Control Set Information

1. Summary
----------

+----------------------------------------------------------+-------+
|                          Status                          | Count |
+----------------------------------------------------------+-------+
| Total control sets                                       |     9 |
|    Minimum number of control sets                        |     9 |
|    Addition due to synthesis replication                 |     0 |
|    Addition due to physical synthesis replication        |     0 |
| Unused register locations in slices containing registers |    10 |
+----------------------------------------------------------+-------+
* Control sets can be merged at opt_design using control_set_merge or merge_equivalent_drivers
** Run report_qor_suggestions for automated merging and remapping suggestions


2. Histogram
------------

+--------------------+-------+
|       Fanout       | Count |
+--------------------+-------+
| Total control sets |     9 |
| >= 0 to < 4        |     0 |
| >= 4 to < 6        |     1 |
| >= 6 to < 8        |     0 |
| >= 8 to < 10       |     0 |
| >= 10 to < 12      |     0 |
| >= 12 to < 14      |     0 |
| >= 14 to < 16      |     0 |
| >= 16              |     8 |
+--------------------+-------+
* Control sets can be remapped at either synth_design or opt_design


3. Flip-Flop Distribution
-------------------------

+--------------+-----------------------+------------------------+-----------------+--------------+
| Clock Enable | Synchronous Set/Reset | Asynchronous Set/Reset | Total Registers | Total Slices |
+--------------+-----------------------+------------------------+-----------------+--------------+
| No           | No                    | No                     |               0 |            0 |
| No           | No                    | Yes                    |               0 |            0 |
| No           | Yes                   | No                     |              26 |            8 |
| Yes          | No                    | No                     |             224 |           98 |
| Yes          | No                    | Yes                    |               0 |            0 |
| Yes          | Yes                   | No                     |               4 |            2 |
+--------------+-----------------------+------------------------+-----------------+--------------+


4. Detailed Control Set Information
-----------------------------------

+----------------+-----------------------------+------------------+------------------+----------------+--------------+
|  Clock Signal  |        Enable Signal        | Set/Reset Signal | Slice Load Count | Bel Load Count | Bels / Slice |
+----------------+-----------------------------+------------------+------------------+----------------+--------------+
|  clk_IBUF_BUFG | pc0[31]                     | p_0_in0          |                2 |              4 |         2.00 |
|  clk_IBUF_BUFG |                             | p_0_in0          |                8 |             26 |         3.25 |
|  clk_IBUF_BUFG | rf_module/rf[1][31]_i_1_n_0 |                  |               14 |             32 |         2.29 |
|  clk_IBUF_BUFG | rf_module/rf[2][31]_i_1_n_0 |                  |               11 |             32 |         2.91 |
|  clk_IBUF_BUFG | rf_module/rf[3][31]_i_1_n_0 |                  |               16 |             32 |         2.00 |
|  clk_IBUF_BUFG | rf_module/rf[4][31]_i_1_n_0 |                  |               14 |             32 |         2.29 |
|  clk_IBUF_BUFG | rf_module/rf[5][31]_i_1_n_0 |                  |               16 |             32 |         2.00 |
|  clk_IBUF_BUFG | rf_module/rf[6][31]_i_1_n_0 |                  |               13 |             32 |         2.46 |
|  clk_IBUF_BUFG | rf_module/rf[7][31]_i_1_n_0 |                  |               14 |             32 |         2.29 |
+----------------+-----------------------------+------------------+------------------+----------------+--------------+


