Copyright 1986-2022 Xilinx, Inc. All Rights Reserved.
---------------------------------------------------------------------------------------------------------------------------------------------------------------------------------------------------------------------------------------------
| Tool Version : Vivado v.2022.2 (win64) Build 3671981 Fri Oct 14 05:00:03 MDT 2022
| Date         : Fri Nov 25 19:12:19 2022
| Host         : LAPTOP-69O1FBO9 running 64-bit major release  (build 9200)
| Command      : report_timing_summary -max_paths 10 -report_unconstrained -file single_cycle_cpu_timing_summary_routed.rpt -pb single_cycle_cpu_timing_summary_routed.pb -rpx single_cycle_cpu_timing_summary_routed.rpx -warn_on_violation
| Design       : single_cycle_cpu
| Device       : 7a200t-fbg676
| Speed File   : -2  PRODUCTION 1.23 2018-06-13
---------------------------------------------------------------------------------------------------------------------------------------------------------------------------------------------------------------------------------------------

Timing Summary Report

------------------------------------------------------------------------------------------------
| Timer Settings
| --------------
------------------------------------------------------------------------------------------------

  Enable Multi Corner Analysis               :  Yes
  Enable Pessimism Removal                   :  Yes
  Pessimism Removal Resolution               :  Nearest Common Node
  Enable Input Delay Default Clock           :  No
  Enable Preset / Clear Arcs                 :  No
  Disable Flight Delays                      :  No
  Ignore I/O Paths                           :  No
  Timing Early Launch at Borrowing Latches   :  No
  Borrow Time for Max Delay Exceptions       :  Yes
  Merge Timing Exceptions                    :  Yes

  Corner  Analyze    Analyze    
  Name    Max Paths  Min Paths  
  ------  ---------  ---------  
  Slow    Yes        Yes        
  Fast    Yes        Yes        


------------------------------------------------------------------------------------------------
| Report Methodology
| ------------------
------------------------------------------------------------------------------------------------

Rule       Severity          Description                  Violations  
---------  ----------------  ---------------------------  ----------  
TIMING-17  Critical Warning  Non-clocked sequential cell  254         

Note: This report is based on the most recent report_methodology run and may not be up-to-date. Run report_methodology on the current design for the latest report.



check_timing report

Table of Contents
-----------------
1. checking no_clock (254)
2. checking constant_clock (0)
3. checking pulse_width_clock (0)
4. checking unconstrained_internal_endpoints (512)
5. checking no_input_delay (1)
6. checking no_output_delay (77)
7. checking multiple_clock (0)
8. checking generated_clocks (0)
9. checking loops (0)
10. checking partial_input_delay (0)
11. checking partial_output_delay (0)
12. checking latch_loops (0)

1. checking no_clock (254)
--------------------------
 There are 254 register/latch pins with no clock driven by root clock pin: clk (HIGH)


2. checking constant_clock (0)
------------------------------
 There are 0 register/latch pins with constant_clock.


3. checking pulse_width_clock (0)
---------------------------------
 There are 0 register/latch pins which need pulse_width check


4. checking unconstrained_internal_endpoints (512)
--------------------------------------------------
 There are 512 pins that are not constrained for maximum delay. (HIGH)

 There are 0 pins that are not constrained for maximum delay due to constant clock.


5. checking no_input_delay (1)
------------------------------
 There is 1 input port with no input delay specified. (HIGH)

 There are 0 input ports with no input delay but user has a false path constraint.


6. checking no_output_delay (77)
--------------------------------
 There are 77 ports with no output delay specified. (HIGH)

 There are 0 ports with no output delay but user has a false path constraint

 There are 0 ports with no output delay but with a timing clock defined on it or propagating through it


7. checking multiple_clock (0)
------------------------------
 There are 0 register/latch pins with multiple clocks.


8. checking generated_clocks (0)
--------------------------------
 There are 0 generated clocks that are not connected to a clock source.


9. checking loops (0)
---------------------
 There are 0 combinational loops in the design.


10. checking partial_input_delay (0)
------------------------------------
 There are 0 input ports with partial input delay specified.


11. checking partial_output_delay (0)
-------------------------------------
 There are 0 ports with partial output delay specified.


12. checking latch_loops (0)
----------------------------
 There are 0 combinational latch loops in the design through latch input



------------------------------------------------------------------------------------------------
| Design Timing Summary
| ---------------------
------------------------------------------------------------------------------------------------

    WNS(ns)      TNS(ns)  TNS Failing Endpoints  TNS Total Endpoints      WHS(ns)      THS(ns)  THS Failing Endpoints  THS Total Endpoints     WPWS(ns)     TPWS(ns)  TPWS Failing Endpoints  TPWS Total Endpoints  
    -------      -------  ---------------------  -------------------      -------      -------  ---------------------  -------------------     --------     --------  ----------------------  --------------------  
        inf        0.000                      0                  589          inf        0.000                      0                  589           NA           NA                      NA                    NA  


There are no user specified timing constraints.


------------------------------------------------------------------------------------------------
| Clock Summary
| -------------
------------------------------------------------------------------------------------------------


------------------------------------------------------------------------------------------------
| Intra Clock Table
| -----------------
------------------------------------------------------------------------------------------------

Clock             WNS(ns)      TNS(ns)  TNS Failing Endpoints  TNS Total Endpoints      WHS(ns)      THS(ns)  THS Failing Endpoints  THS Total Endpoints     WPWS(ns)     TPWS(ns)  TPWS Failing Endpoints  TPWS Total Endpoints  
-----             -------      -------  ---------------------  -------------------      -------      -------  ---------------------  -------------------     --------     --------  ----------------------  --------------------  


------------------------------------------------------------------------------------------------
| Inter Clock Table
| -----------------
------------------------------------------------------------------------------------------------

From Clock    To Clock          WNS(ns)      TNS(ns)  TNS Failing Endpoints  TNS Total Endpoints      WHS(ns)      THS(ns)  THS Failing Endpoints  THS Total Endpoints  
----------    --------          -------      -------  ---------------------  -------------------      -------      -------  ---------------------  -------------------  


------------------------------------------------------------------------------------------------
| Other Path Groups Table
| -----------------------
------------------------------------------------------------------------------------------------

Path Group    From Clock    To Clock          WNS(ns)      TNS(ns)  TNS Failing Endpoints  TNS Total Endpoints      WHS(ns)      THS(ns)  THS Failing Endpoints  THS Total Endpoints  
----------    ----------    --------          -------      -------  ---------------------  -------------------      -------      -------  ---------------------  -------------------  


------------------------------------------------------------------------------------------------
| User Ignored Path Table
| -----------------------
------------------------------------------------------------------------------------------------

Path Group    From Clock    To Clock    
----------    ----------    --------    


------------------------------------------------------------------------------------------------
| Unconstrained Path Table
| ------------------------
------------------------------------------------------------------------------------------------

Path Group    From Clock    To Clock    
----------    ----------    --------    
(none)                                    


------------------------------------------------------------------------------------------------
| Timing Details
| --------------
------------------------------------------------------------------------------------------------


--------------------------------------------------------------------------------------
Path Group:  (none)
From Clock:  
  To Clock:  

Max Delay           589 Endpoints
Min Delay           589 Endpoints
--------------------------------------------------------------------------------------


Max Delay Paths
--------------------------------------------------------------------------------------
Slack:                    inf
  Source:                 pc_reg[4]/C
                            (rising edge-triggered cell FDRE)
  Destination:            rf_module/rf_reg[4][6]/D
  Path Group:             (none)
  Path Type:              Max at Slow Process Corner
  Data Path Delay:        14.876ns  (logic 1.009ns (6.783%)  route 13.867ns (93.217%))
  Logic Levels:           7  (FDRE=1 LUT5=1 LUT6=5)

    Location             Delay type                Incr(ns)  Path(ns)    Netlist Resource(s)
  -------------------------------------------------------------------    -------------------
    SLICE_X3Y127         FDRE                         0.000     0.000 r  pc_reg[4]/C
    SLICE_X3Y127         FDRE (Prop_fdre_C_Q)         0.379     0.379 f  pc_reg[4]/Q
                         net (fo=69, routed)          6.199     6.578    rf_module/Q[2]
    SLICE_X156Y118       LUT5 (Prop_lut5_I4_O)        0.105     6.683 r  rf_module/cpu_inst_OBUF[16]_inst_i_1/O
                         net (fo=34, routed)          2.141     8.824    rf_module/cpu_inst_OBUF[2]
    SLICE_X157Y137       LUT6 (Prop_lut6_I2_O)        0.105     8.929 r  rf_module/result0_carry__6_i_8/O
                         net (fo=11, routed)          2.027    10.955    rf_module/alu_operand2[31]
    SLICE_X151Y132       LUT6 (Prop_lut6_I5_O)        0.105    11.060 f  rf_module/rf[1][22]_i_8/O
                         net (fo=7, routed)           0.800    11.861    rf_module/rf[1][22]_i_8_n_0
    SLICE_X149Y130       LUT6 (Prop_lut6_I4_O)        0.105    11.966 r  rf_module/rf[1][6]_i_11/O
                         net (fo=1, routed)           0.806    12.772    rf_module/rf[1][6]_i_11_n_0
    SLICE_X151Y129       LUT6 (Prop_lut6_I1_O)        0.105    12.877 r  rf_module/rf[1][6]_i_6/O
                         net (fo=1, routed)           0.588    13.465    rf_module/rf[1][6]_i_6_n_0
    SLICE_X157Y127       LUT6 (Prop_lut6_I5_O)        0.105    13.570 r  rf_module/rf[1][6]_i_1/O
                         net (fo=7, routed)           1.306    14.876    rf_module/dm_addr[6]
    SLICE_X160Y125       FDRE                                         r  rf_module/rf_reg[4][6]/D
  -------------------------------------------------------------------    -------------------

Slack:                    inf
  Source:                 pc_reg[4]/C
                            (rising edge-triggered cell FDRE)
  Destination:            rf_module/rf_reg[6][26]/D
  Path Group:             (none)
  Path Type:              Max at Slow Process Corner
  Data Path Delay:        14.850ns  (logic 1.009ns (6.795%)  route 13.841ns (93.205%))
  Logic Levels:           7  (FDRE=1 LUT5=1 LUT6=5)

    Location             Delay type                Incr(ns)  Path(ns)    Netlist Resource(s)
  -------------------------------------------------------------------    -------------------
    SLICE_X3Y127         FDRE                         0.000     0.000 r  pc_reg[4]/C
    SLICE_X3Y127         FDRE (Prop_fdre_C_Q)         0.379     0.379 f  pc_reg[4]/Q
                         net (fo=69, routed)          6.199     6.578    rf_module/Q[2]
    SLICE_X156Y118       LUT5 (Prop_lut5_I4_O)        0.105     6.683 r  rf_module/cpu_inst_OBUF[16]_inst_i_1/O
                         net (fo=34, routed)          2.141     8.824    rf_module/cpu_inst_OBUF[2]
    SLICE_X157Y137       LUT6 (Prop_lut6_I2_O)        0.105     8.929 r  rf_module/result0_carry__6_i_8/O
                         net (fo=11, routed)          2.027    10.955    rf_module/alu_operand2[31]
    SLICE_X151Y132       LUT6 (Prop_lut6_I5_O)        0.105    11.060 f  rf_module/rf[1][22]_i_8/O
                         net (fo=7, routed)           0.850    11.911    rf_module/rf[1][22]_i_8_n_0
    SLICE_X153Y130       LUT6 (Prop_lut6_I0_O)        0.105    12.016 r  rf_module/rf[1][26]_i_13/O
                         net (fo=1, routed)           0.346    12.362    rf_module/rf[1][26]_i_13_n_0
    SLICE_X153Y130       LUT6 (Prop_lut6_I4_O)        0.105    12.467 r  rf_module/rf[1][26]_i_6/O
                         net (fo=1, routed)           1.031    13.498    rf_module/rf[1][26]_i_6_n_0
    SLICE_X156Y137       LUT6 (Prop_lut6_I5_O)        0.105    13.603 r  rf_module/rf[1][26]_i_1/O
                         net (fo=7, routed)           1.247    14.850    rf_module/rf[1][26]_i_1_n_0
    SLICE_X162Y134       FDRE                                         r  rf_module/rf_reg[6][26]/D
  -------------------------------------------------------------------    -------------------

Slack:                    inf
  Source:                 pc_reg[4]/C
                            (rising edge-triggered cell FDRE)
  Destination:            rf_module/rf_reg[5][29]/D
  Path Group:             (none)
  Path Type:              Max at Slow Process Corner
  Data Path Delay:        14.801ns  (logic 1.009ns (6.817%)  route 13.792ns (93.183%))
  Logic Levels:           7  (FDRE=1 LUT5=1 LUT6=5)

    Location             Delay type                Incr(ns)  Path(ns)    Netlist Resource(s)
  -------------------------------------------------------------------    -------------------
    SLICE_X3Y127         FDRE                         0.000     0.000 r  pc_reg[4]/C
    SLICE_X3Y127         FDRE (Prop_fdre_C_Q)         0.379     0.379 f  pc_reg[4]/Q
                         net (fo=69, routed)          6.199     6.578    rf_module/Q[2]
    SLICE_X156Y118       LUT5 (Prop_lut5_I4_O)        0.105     6.683 r  rf_module/cpu_inst_OBUF[16]_inst_i_1/O
                         net (fo=34, routed)          2.555     9.238    rf_module/cpu_inst_OBUF[2]
    SLICE_X159Y136       LUT6 (Prop_lut6_I2_O)        0.105     9.343 r  rf_module/result0_carry__4_i_11/O
                         net (fo=22, routed)          1.946    11.288    rf_module/alu_operand2[21]
    SLICE_X150Y136       LUT6 (Prop_lut6_I5_O)        0.105    11.393 r  rf_module/rf[1][29]_i_22/O
                         net (fo=3, routed)           0.240    11.633    rf_module/rf[1][29]_i_22_n_0
    SLICE_X150Y136       LUT6 (Prop_lut6_I1_O)        0.105    11.738 r  rf_module/rf[1][29]_i_13/O
                         net (fo=1, routed)           0.652    12.390    rf_module/rf[1][29]_i_13_n_0
    SLICE_X151Y135       LUT6 (Prop_lut6_I2_O)        0.105    12.495 r  rf_module/rf[1][29]_i_4/O
                         net (fo=1, routed)           0.895    13.391    rf_module/rf[1][29]_i_4_n_0
    SLICE_X157Y135       LUT6 (Prop_lut6_I2_O)        0.105    13.496 r  rf_module/rf[1][29]_i_1/O
                         net (fo=7, routed)           1.305    14.801    rf_module/rf[1][29]_i_1_n_0
    SLICE_X160Y137       FDRE                                         r  rf_module/rf_reg[5][29]/D
  -------------------------------------------------------------------    -------------------

Slack:                    inf
  Source:                 pc_reg[2]/C
                            (rising edge-triggered cell FDRE)
  Destination:            rf_module/rf_reg[5][2]/D
  Path Group:             (none)
  Path Type:              Max at Slow Process Corner
  Data Path Delay:        14.749ns  (logic 1.009ns (6.841%)  route 13.740ns (93.159%))
  Logic Levels:           7  (FDRE=1 LUT2=1 LUT5=1 LUT6=4)

    Location             Delay type                Incr(ns)  Path(ns)    Netlist Resource(s)
  -------------------------------------------------------------------    -------------------
    SLICE_X1Y118         FDRE                         0.000     0.000 r  pc_reg[2]/C
    SLICE_X1Y118         FDRE (Prop_fdre_C_Q)         0.379     0.379 f  pc_reg[2]/Q
                         net (fo=74, routed)          2.751     3.130    rf_module/Q[0]
    SLICE_X74Y128        LUT5 (Prop_lut5_I2_O)        0.105     3.235 f  rf_module/cpu_inst_OBUF[22]_inst_i_1/O
                         net (fo=174, routed)         3.785     7.020    rf_module/cpu_inst_OBUF[0]
    SLICE_X156Y127       LUT2 (Prop_lut2_I0_O)        0.105     7.125 f  rf_module/result0_carry_i_16/O
                         net (fo=125, routed)         2.981    10.106    rf_module/alu_operand1[1]
    SLICE_X151Y132       LUT6 (Prop_lut6_I5_O)        0.105    10.211 f  rf_module/rf[1][31]_i_34/O
                         net (fo=40, routed)          1.842    12.053    rf_module/rf[1][31]_i_34_n_0
    SLICE_X152Y126       LUT6 (Prop_lut6_I4_O)        0.105    12.158 r  rf_module/rf[1][2]_i_8/O
                         net (fo=1, routed)           0.560    12.718    rf_module/rf[1][2]_i_8_n_0
    SLICE_X152Y126       LUT6 (Prop_lut6_I5_O)        0.105    12.823 r  rf_module/rf[1][2]_i_3/O
                         net (fo=1, routed)           0.804    13.627    rf_module/rf[1][2]_i_3_n_0
    SLICE_X154Y127       LUT6 (Prop_lut6_I1_O)        0.105    13.732 r  rf_module/rf[1][2]_i_1/O
                         net (fo=7, routed)           1.017    14.749    rf_module/dm_addr[2]
    SLICE_X157Y123       FDRE                                         r  rf_module/rf_reg[5][2]/D
  -------------------------------------------------------------------    -------------------

Slack:                    inf
  Source:                 pc_reg[2]/C
                            (rising edge-triggered cell FDRE)
  Destination:            rf_module/rf_reg[2][28]/D
  Path Group:             (none)
  Path Type:              Max at Slow Process Corner
  Data Path Delay:        14.741ns  (logic 2.273ns (15.420%)  route 12.468ns (84.580%))
  Logic Levels:           14  (CARRY4=8 FDRE=1 LUT2=1 LUT3=1 LUT5=1 LUT6=2)

    Location             Delay type                Incr(ns)  Path(ns)    Netlist Resource(s)
  -------------------------------------------------------------------    -------------------
    SLICE_X1Y118         FDRE                         0.000     0.000 r  pc_reg[2]/C
    SLICE_X1Y118         FDRE (Prop_fdre_C_Q)         0.379     0.379 r  pc_reg[2]/Q
                         net (fo=74, routed)          2.751     3.130    rf_module/Q[0]
    SLICE_X74Y128        LUT5 (Prop_lut5_I2_O)        0.105     3.235 r  rf_module/cpu_inst_OBUF[22]_inst_i_1/O
                         net (fo=174, routed)         3.785     7.020    rf_module/cpu_inst_OBUF[0]
    SLICE_X156Y127       LUT2 (Prop_lut2_I0_O)        0.105     7.125 r  rf_module/result0_carry_i_16/O
                         net (fo=125, routed)         3.694    10.819    rf_module/alu_operand1[1]
    SLICE_X156Y128       LUT3 (Prop_lut3_I0_O)        0.105    10.924 r  rf_module/result0_carry_i_8/O
                         net (fo=1, routed)           0.000    10.924    alu_module/adder_module/S[1]
    SLICE_X156Y128       CARRY4 (Prop_carry4_S[1]_CO[3])
                                                      0.457    11.381 r  alu_module/adder_module/result0_carry/CO[3]
                         net (fo=1, routed)           0.000    11.381    alu_module/adder_module/result0_carry_n_0
    SLICE_X156Y129       CARRY4 (Prop_carry4_CI_CO[3])
                                                      0.098    11.479 r  alu_module/adder_module/result0_carry__0/CO[3]
                         net (fo=1, routed)           0.000    11.479    alu_module/adder_module/result0_carry__0_n_0
    SLICE_X156Y130       CARRY4 (Prop_carry4_CI_CO[3])
                                                      0.098    11.577 r  alu_module/adder_module/result0_carry__1/CO[3]
                         net (fo=1, routed)           0.000    11.577    alu_module/adder_module/result0_carry__1_n_0
    SLICE_X156Y131       CARRY4 (Prop_carry4_CI_CO[3])
                                                      0.098    11.675 r  alu_module/adder_module/result0_carry__2/CO[3]
                         net (fo=1, routed)           0.000    11.675    alu_module/adder_module/result0_carry__2_n_0
    SLICE_X156Y132       CARRY4 (Prop_carry4_CI_CO[3])
                                                      0.098    11.773 r  alu_module/adder_module/result0_carry__3/CO[3]
                         net (fo=1, routed)           0.000    11.773    alu_module/adder_module/result0_carry__3_n_0
    SLICE_X156Y133       CARRY4 (Prop_carry4_CI_CO[3])
                                                      0.098    11.871 r  alu_module/adder_module/result0_carry__4/CO[3]
                         net (fo=1, routed)           0.000    11.871    alu_module/adder_module/result0_carry__4_n_0
    SLICE_X156Y134       CARRY4 (Prop_carry4_CI_CO[3])
                                                      0.098    11.969 r  alu_module/adder_module/result0_carry__5/CO[3]
                         net (fo=1, routed)           0.000    11.969    alu_module/adder_module/result0_carry__5_n_0
    SLICE_X156Y135       CARRY4 (Prop_carry4_CI_O[0])
                                                      0.180    12.149 r  alu_module/adder_module/result0_carry__6/O[0]
                         net (fo=1, routed)           0.692    12.841    alu_module/adder_module/adder_result[28]
    SLICE_X157Y135       LUT6 (Prop_lut6_I0_O)        0.249    13.090 r  alu_module/adder_module/rf[1][28]_i_2/O
                         net (fo=1, routed)           0.482    13.571    rf_module/rf_reg[6][28]_0
    SLICE_X157Y136       LUT6 (Prop_lut6_I0_O)        0.105    13.676 r  rf_module/rf[1][28]_i_1/O
                         net (fo=7, routed)           1.064    14.741    rf_module/rf[1][28]_i_1_n_0
    SLICE_X157Y137       FDRE                                         r  rf_module/rf_reg[2][28]/D
  -------------------------------------------------------------------    -------------------

Slack:                    inf
  Source:                 pc_reg[4]/C
                            (rising edge-triggered cell FDRE)
  Destination:            rf_module/rf_reg[4][26]/D
  Path Group:             (none)
  Path Type:              Max at Slow Process Corner
  Data Path Delay:        14.729ns  (logic 1.009ns (6.850%)  route 13.720ns (93.150%))
  Logic Levels:           7  (FDRE=1 LUT5=1 LUT6=5)

    Location             Delay type                Incr(ns)  Path(ns)    Netlist Resource(s)
  -------------------------------------------------------------------    -------------------
    SLICE_X3Y127         FDRE                         0.000     0.000 r  pc_reg[4]/C
    SLICE_X3Y127         FDRE (Prop_fdre_C_Q)         0.379     0.379 f  pc_reg[4]/Q
                         net (fo=69, routed)          6.199     6.578    rf_module/Q[2]
    SLICE_X156Y118       LUT5 (Prop_lut5_I4_O)        0.105     6.683 r  rf_module/cpu_inst_OBUF[16]_inst_i_1/O
                         net (fo=34, routed)          2.141     8.824    rf_module/cpu_inst_OBUF[2]
    SLICE_X157Y137       LUT6 (Prop_lut6_I2_O)        0.105     8.929 r  rf_module/result0_carry__6_i_8/O
                         net (fo=11, routed)          2.027    10.955    rf_module/alu_operand2[31]
    SLICE_X151Y132       LUT6 (Prop_lut6_I5_O)        0.105    11.060 f  rf_module/rf[1][22]_i_8/O
                         net (fo=7, routed)           0.850    11.911    rf_module/rf[1][22]_i_8_n_0
    SLICE_X153Y130       LUT6 (Prop_lut6_I0_O)        0.105    12.016 r  rf_module/rf[1][26]_i_13/O
                         net (fo=1, routed)           0.346    12.362    rf_module/rf[1][26]_i_13_n_0
    SLICE_X153Y130       LUT6 (Prop_lut6_I4_O)        0.105    12.467 r  rf_module/rf[1][26]_i_6/O
                         net (fo=1, routed)           1.031    13.498    rf_module/rf[1][26]_i_6_n_0
    SLICE_X156Y137       LUT6 (Prop_lut6_I5_O)        0.105    13.603 r  rf_module/rf[1][26]_i_1/O
                         net (fo=7, routed)           1.126    14.729    rf_module/rf[1][26]_i_1_n_0
    SLICE_X162Y133       FDRE                                         r  rf_module/rf_reg[4][26]/D
  -------------------------------------------------------------------    -------------------

Slack:                    inf
  Source:                 pc_reg[4]/C
                            (rising edge-triggered cell FDRE)
  Destination:            rf_module/rf_reg[7][26]/D
  Path Group:             (none)
  Path Type:              Max at Slow Process Corner
  Data Path Delay:        14.707ns  (logic 1.009ns (6.861%)  route 13.698ns (93.139%))
  Logic Levels:           7  (FDRE=1 LUT5=1 LUT6=5)

    Location             Delay type                Incr(ns)  Path(ns)    Netlist Resource(s)
  -------------------------------------------------------------------    -------------------
    SLICE_X3Y127         FDRE                         0.000     0.000 r  pc_reg[4]/C
    SLICE_X3Y127         FDRE (Prop_fdre_C_Q)         0.379     0.379 f  pc_reg[4]/Q
                         net (fo=69, routed)          6.199     6.578    rf_module/Q[2]
    SLICE_X156Y118       LUT5 (Prop_lut5_I4_O)        0.105     6.683 r  rf_module/cpu_inst_OBUF[16]_inst_i_1/O
                         net (fo=34, routed)          2.141     8.824    rf_module/cpu_inst_OBUF[2]
    SLICE_X157Y137       LUT6 (Prop_lut6_I2_O)        0.105     8.929 r  rf_module/result0_carry__6_i_8/O
                         net (fo=11, routed)          2.027    10.955    rf_module/alu_operand2[31]
    SLICE_X151Y132       LUT6 (Prop_lut6_I5_O)        0.105    11.060 f  rf_module/rf[1][22]_i_8/O
                         net (fo=7, routed)           0.850    11.911    rf_module/rf[1][22]_i_8_n_0
    SLICE_X153Y130       LUT6 (Prop_lut6_I0_O)        0.105    12.016 r  rf_module/rf[1][26]_i_13/O
                         net (fo=1, routed)           0.346    12.362    rf_module/rf[1][26]_i_13_n_0
    SLICE_X153Y130       LUT6 (Prop_lut6_I4_O)        0.105    12.467 r  rf_module/rf[1][26]_i_6/O
                         net (fo=1, routed)           1.031    13.498    rf_module/rf[1][26]_i_6_n_0
    SLICE_X156Y137       LUT6 (Prop_lut6_I5_O)        0.105    13.603 r  rf_module/rf[1][26]_i_1/O
                         net (fo=7, routed)           1.104    14.707    rf_module/rf[1][26]_i_1_n_0
    SLICE_X163Y134       FDRE                                         r  rf_module/rf_reg[7][26]/D
  -------------------------------------------------------------------    -------------------

Slack:                    inf
  Source:                 pc_reg[4]/C
                            (rising edge-triggered cell FDRE)
  Destination:            rf_module/rf_reg[6][30]/D
  Path Group:             (none)
  Path Type:              Max at Slow Process Corner
  Data Path Delay:        14.693ns  (logic 1.009ns (6.867%)  route 13.684ns (93.133%))
  Logic Levels:           7  (FDRE=1 LUT4=1 LUT5=1 LUT6=4)

    Location             Delay type                Incr(ns)  Path(ns)    Netlist Resource(s)
  -------------------------------------------------------------------    -------------------
    SLICE_X3Y127         FDRE                         0.000     0.000 r  pc_reg[4]/C
    SLICE_X3Y127         FDRE (Prop_fdre_C_Q)         0.379     0.379 f  pc_reg[4]/Q
                         net (fo=69, routed)          6.199     6.578    rf_module/Q[2]
    SLICE_X156Y118       LUT5 (Prop_lut5_I4_O)        0.105     6.683 r  rf_module/cpu_inst_OBUF[16]_inst_i_1/O
                         net (fo=34, routed)          2.141     8.824    rf_module/cpu_inst_OBUF[2]
    SLICE_X157Y137       LUT6 (Prop_lut6_I2_O)        0.105     8.929 r  rf_module/result0_carry__6_i_8/O
                         net (fo=11, routed)          2.027    10.955    rf_module/alu_operand2[31]
    SLICE_X151Y132       LUT6 (Prop_lut6_I5_O)        0.105    11.060 f  rf_module/rf[1][22]_i_8/O
                         net (fo=7, routed)           0.643    11.703    rf_module/rf[1][22]_i_8_n_0
    SLICE_X154Y132       LUT4 (Prop_lut4_I3_O)        0.105    11.808 r  rf_module/rf[1][30]_i_14/O
                         net (fo=1, routed)           0.566    12.374    rf_module/rf[1][30]_i_14_n_0
    SLICE_X154Y132       LUT6 (Prop_lut6_I5_O)        0.105    12.479 r  rf_module/rf[1][30]_i_5/O
                         net (fo=1, routed)           0.927    13.406    rf_module/rf[1][30]_i_5_n_0
    SLICE_X158Y135       LUT6 (Prop_lut6_I3_O)        0.105    13.511 r  rf_module/rf[1][30]_i_1/O
                         net (fo=7, routed)           1.182    14.693    rf_module/rf[1][30]_i_1_n_0
    SLICE_X161Y137       FDRE                                         r  rf_module/rf_reg[6][30]/D
  -------------------------------------------------------------------    -------------------

Slack:                    inf
  Source:                 pc_reg[2]/C
                            (rising edge-triggered cell FDRE)
  Destination:            rf_module/rf_reg[7][2]/D
  Path Group:             (none)
  Path Type:              Max at Slow Process Corner
  Data Path Delay:        14.666ns  (logic 1.009ns (6.880%)  route 13.657ns (93.120%))
  Logic Levels:           7  (FDRE=1 LUT2=1 LUT5=1 LUT6=4)

    Location             Delay type                Incr(ns)  Path(ns)    Netlist Resource(s)
  -------------------------------------------------------------------    -------------------
    SLICE_X1Y118         FDRE                         0.000     0.000 r  pc_reg[2]/C
    SLICE_X1Y118         FDRE (Prop_fdre_C_Q)         0.379     0.379 f  pc_reg[2]/Q
                         net (fo=74, routed)          2.751     3.130    rf_module/Q[0]
    SLICE_X74Y128        LUT5 (Prop_lut5_I2_O)        0.105     3.235 f  rf_module/cpu_inst_OBUF[22]_inst_i_1/O
                         net (fo=174, routed)         3.785     7.020    rf_module/cpu_inst_OBUF[0]
    SLICE_X156Y127       LUT2 (Prop_lut2_I0_O)        0.105     7.125 f  rf_module/result0_carry_i_16/O
                         net (fo=125, routed)         2.981    10.106    rf_module/alu_operand1[1]
    SLICE_X151Y132       LUT6 (Prop_lut6_I5_O)        0.105    10.211 f  rf_module/rf[1][31]_i_34/O
                         net (fo=40, routed)          1.842    12.053    rf_module/rf[1][31]_i_34_n_0
    SLICE_X152Y126       LUT6 (Prop_lut6_I4_O)        0.105    12.158 r  rf_module/rf[1][2]_i_8/O
                         net (fo=1, routed)           0.560    12.718    rf_module/rf[1][2]_i_8_n_0
    SLICE_X152Y126       LUT6 (Prop_lut6_I5_O)        0.105    12.823 r  rf_module/rf[1][2]_i_3/O
                         net (fo=1, routed)           0.804    13.627    rf_module/rf[1][2]_i_3_n_0
    SLICE_X154Y127       LUT6 (Prop_lut6_I1_O)        0.105    13.732 r  rf_module/rf[1][2]_i_1/O
                         net (fo=7, routed)           0.935    14.666    rf_module/dm_addr[2]
    SLICE_X157Y124       FDRE                                         r  rf_module/rf_reg[7][2]/D
  -------------------------------------------------------------------    -------------------

Slack:                    inf
  Source:                 pc_reg[4]/C
                            (rising edge-triggered cell FDRE)
  Destination:            rf_module/rf_reg[6][6]/D
  Path Group:             (none)
  Path Type:              Max at Slow Process Corner
  Data Path Delay:        14.663ns  (logic 1.009ns (6.881%)  route 13.654ns (93.119%))
  Logic Levels:           7  (FDRE=1 LUT5=1 LUT6=5)

    Location             Delay type                Incr(ns)  Path(ns)    Netlist Resource(s)
  -------------------------------------------------------------------    -------------------
    SLICE_X3Y127         FDRE                         0.000     0.000 r  pc_reg[4]/C
    SLICE_X3Y127         FDRE (Prop_fdre_C_Q)         0.379     0.379 f  pc_reg[4]/Q
                         net (fo=69, routed)          6.199     6.578    rf_module/Q[2]
    SLICE_X156Y118       LUT5 (Prop_lut5_I4_O)        0.105     6.683 r  rf_module/cpu_inst_OBUF[16]_inst_i_1/O
                         net (fo=34, routed)          2.141     8.824    rf_module/cpu_inst_OBUF[2]
    SLICE_X157Y137       LUT6 (Prop_lut6_I2_O)        0.105     8.929 r  rf_module/result0_carry__6_i_8/O
                         net (fo=11, routed)          2.027    10.955    rf_module/alu_operand2[31]
    SLICE_X151Y132       LUT6 (Prop_lut6_I5_O)        0.105    11.060 f  rf_module/rf[1][22]_i_8/O
                         net (fo=7, routed)           0.800    11.861    rf_module/rf[1][22]_i_8_n_0
    SLICE_X149Y130       LUT6 (Prop_lut6_I4_O)        0.105    11.966 r  rf_module/rf[1][6]_i_11/O
                         net (fo=1, routed)           0.806    12.772    rf_module/rf[1][6]_i_11_n_0
    SLICE_X151Y129       LUT6 (Prop_lut6_I1_O)        0.105    12.877 r  rf_module/rf[1][6]_i_6/O
                         net (fo=1, routed)           0.588    13.465    rf_module/rf[1][6]_i_6_n_0
    SLICE_X157Y127       LUT6 (Prop_lut6_I5_O)        0.105    13.570 r  rf_module/rf[1][6]_i_1/O
                         net (fo=7, routed)           1.094    14.663    rf_module/dm_addr[6]
    SLICE_X160Y126       FDRE                                         r  rf_module/rf_reg[6][6]/D
  -------------------------------------------------------------------    -------------------





Min Delay Paths
--------------------------------------------------------------------------------------
Slack:                    inf
  Source:                 pc_reg[5]/C
                            (rising edge-triggered cell FDRE)
  Destination:            pc_reg[9]/D
  Path Group:             (none)
  Path Type:              Min at Fast Process Corner
  Data Path Delay:        0.353ns  (logic 0.186ns (52.627%)  route 0.167ns (47.373%))
  Logic Levels:           2  (FDRE=1 LUT6=1)

    Location             Delay type                Incr(ns)  Path(ns)    Netlist Resource(s)
  -------------------------------------------------------------------    -------------------
    SLICE_X3Y127         FDRE                         0.000     0.000 r  pc_reg[5]/C
    SLICE_X3Y127         FDRE (Prop_fdre_C_Q)         0.141     0.141 r  pc_reg[5]/Q
                         net (fo=64, routed)          0.167     0.308    cpu_pc_OBUF[5]
    SLICE_X3Y128         LUT6 (Prop_lut6_I1_O)        0.045     0.353 r  pc[9]_i_1/O
                         net (fo=1, routed)           0.000     0.353    next_pc[9]
    SLICE_X3Y128         FDRE                                         r  pc_reg[9]/D
  -------------------------------------------------------------------    -------------------

Slack:                    inf
  Source:                 pc_reg[2]/C
                            (rising edge-triggered cell FDRE)
  Destination:            pc_reg[2]/D
  Path Group:             (none)
  Path Type:              Min at Fast Process Corner
  Data Path Delay:        0.372ns  (logic 0.183ns (49.174%)  route 0.189ns (50.826%))
  Logic Levels:           2  (FDRE=1 LUT5=1)

    Location             Delay type                Incr(ns)  Path(ns)    Netlist Resource(s)
  -------------------------------------------------------------------    -------------------
    SLICE_X1Y118         FDRE                         0.000     0.000 r  pc_reg[2]/C
    SLICE_X1Y118         FDRE (Prop_fdre_C_Q)         0.141     0.141 f  pc_reg[2]/Q
                         net (fo=74, routed)          0.189     0.330    cpu_pc_OBUF[2]
    SLICE_X1Y118         LUT5 (Prop_lut5_I2_O)        0.042     0.372 r  pc[2]_i_1/O
                         net (fo=1, routed)           0.000     0.372    next_pc[2]
    SLICE_X1Y118         FDRE                                         r  pc_reg[2]/D
  -------------------------------------------------------------------    -------------------

Slack:                    inf
  Source:                 pc_reg[6]/C
                            (rising edge-triggered cell FDRE)
  Destination:            pc_reg[4]/D
  Path Group:             (none)
  Path Type:              Min at Fast Process Corner
  Data Path Delay:        0.382ns  (logic 0.186ns (48.708%)  route 0.196ns (51.292%))
  Logic Levels:           2  (FDRE=1 LUT6=1)

    Location             Delay type                Incr(ns)  Path(ns)    Netlist Resource(s)
  -------------------------------------------------------------------    -------------------
    SLICE_X3Y127         FDRE                         0.000     0.000 r  pc_reg[6]/C
    SLICE_X3Y127         FDRE (Prop_fdre_C_Q)         0.141     0.141 r  pc_reg[6]/Q
                         net (fo=64, routed)          0.196     0.337    cpu_pc_OBUF[6]
    SLICE_X3Y127         LUT6 (Prop_lut6_I0_O)        0.045     0.382 r  pc[4]_i_1/O
                         net (fo=1, routed)           0.000     0.382    next_pc[4]
    SLICE_X3Y127         FDRE                                         r  pc_reg[4]/D
  -------------------------------------------------------------------    -------------------

Slack:                    inf
  Source:                 pc_reg[6]/C
                            (rising edge-triggered cell FDRE)
  Destination:            pc_reg[3]/D
  Path Group:             (none)
  Path Type:              Min at Fast Process Corner
  Data Path Delay:        0.383ns  (logic 0.186ns (48.581%)  route 0.197ns (51.419%))
  Logic Levels:           2  (FDRE=1 LUT6=1)

    Location             Delay type                Incr(ns)  Path(ns)    Netlist Resource(s)
  -------------------------------------------------------------------    -------------------
    SLICE_X3Y127         FDRE                         0.000     0.000 r  pc_reg[6]/C
    SLICE_X3Y127         FDRE (Prop_fdre_C_Q)         0.141     0.141 r  pc_reg[6]/Q
                         net (fo=64, routed)          0.197     0.338    cpu_pc_OBUF[6]
    SLICE_X3Y127         LUT6 (Prop_lut6_I0_O)        0.045     0.383 r  pc[3]_i_1/O
                         net (fo=1, routed)           0.000     0.383    next_pc[3]
    SLICE_X3Y127         FDRE                                         r  pc_reg[3]/D
  -------------------------------------------------------------------    -------------------

Slack:                    inf
  Source:                 pc_reg[6]/C
                            (rising edge-triggered cell FDRE)
  Destination:            pc_reg[6]/D
  Path Group:             (none)
  Path Type:              Min at Fast Process Corner
  Data Path Delay:        0.402ns  (logic 0.186ns (46.315%)  route 0.216ns (53.685%))
  Logic Levels:           2  (FDRE=1 LUT6=1)

    Location             Delay type                Incr(ns)  Path(ns)    Netlist Resource(s)
  -------------------------------------------------------------------    -------------------
    SLICE_X3Y127         FDRE                         0.000     0.000 r  pc_reg[6]/C
    SLICE_X3Y127         FDRE (Prop_fdre_C_Q)         0.141     0.141 r  pc_reg[6]/Q
                         net (fo=64, routed)          0.216     0.357    cpu_pc_OBUF[6]
    SLICE_X3Y127         LUT6 (Prop_lut6_I0_O)        0.045     0.402 r  pc[6]_i_1/O
                         net (fo=1, routed)           0.000     0.402    next_pc[6]
    SLICE_X3Y127         FDRE                                         r  pc_reg[6]/D
  -------------------------------------------------------------------    -------------------

Slack:                    inf
  Source:                 pc_reg[3]/C
                            (rising edge-triggered cell FDRE)
  Destination:            pc_reg[11]/D
  Path Group:             (none)
  Path Type:              Min at Fast Process Corner
  Data Path Delay:        0.403ns  (logic 0.186ns (46.198%)  route 0.217ns (53.802%))
  Logic Levels:           2  (FDRE=1 LUT6=1)

    Location             Delay type                Incr(ns)  Path(ns)    Netlist Resource(s)
  -------------------------------------------------------------------    -------------------
    SLICE_X3Y127         FDRE                         0.000     0.000 r  pc_reg[3]/C
    SLICE_X3Y127         FDRE (Prop_fdre_C_Q)         0.141     0.141 f  pc_reg[3]/Q
                         net (fo=74, routed)          0.217     0.358    cpu_pc_OBUF[3]
    SLICE_X3Y129         LUT6 (Prop_lut6_I3_O)        0.045     0.403 r  pc[11]_i_1/O
                         net (fo=1, routed)           0.000     0.403    next_pc[11]
    SLICE_X3Y129         FDRE                                         r  pc_reg[11]/D
  -------------------------------------------------------------------    -------------------

Slack:                    inf
  Source:                 pc_reg[5]/C
                            (rising edge-triggered cell FDRE)
  Destination:            pc_reg[12]/D
  Path Group:             (none)
  Path Type:              Min at Fast Process Corner
  Data Path Delay:        0.403ns  (logic 0.186ns (46.188%)  route 0.217ns (53.812%))
  Logic Levels:           2  (FDRE=1 LUT6=1)

    Location             Delay type                Incr(ns)  Path(ns)    Netlist Resource(s)
  -------------------------------------------------------------------    -------------------
    SLICE_X3Y127         FDRE                         0.000     0.000 r  pc_reg[5]/C
    SLICE_X3Y127         FDRE (Prop_fdre_C_Q)         0.141     0.141 r  pc_reg[5]/Q
                         net (fo=64, routed)          0.217     0.358    cpu_pc_OBUF[5]
    SLICE_X3Y129         LUT6 (Prop_lut6_I1_O)        0.045     0.403 r  pc[12]_i_1/O
                         net (fo=1, routed)           0.000     0.403    next_pc[12]
    SLICE_X3Y129         FDRE                                         r  pc_reg[12]/D
  -------------------------------------------------------------------    -------------------

Slack:                    inf
  Source:                 pc_reg[3]/C
                            (rising edge-triggered cell FDRE)
  Destination:            pc_reg[5]/D
  Path Group:             (none)
  Path Type:              Min at Fast Process Corner
  Data Path Delay:        0.405ns  (logic 0.186ns (45.922%)  route 0.219ns (54.078%))
  Logic Levels:           2  (FDRE=1 LUT6=1)

    Location             Delay type                Incr(ns)  Path(ns)    Netlist Resource(s)
  -------------------------------------------------------------------    -------------------
    SLICE_X3Y127         FDRE                         0.000     0.000 r  pc_reg[3]/C
    SLICE_X3Y127         FDRE (Prop_fdre_C_Q)         0.141     0.141 f  pc_reg[3]/Q
                         net (fo=74, routed)          0.219     0.360    cpu_pc_OBUF[3]
    SLICE_X3Y127         LUT6 (Prop_lut6_I3_O)        0.045     0.405 r  pc[5]_i_1/O
                         net (fo=1, routed)           0.000     0.405    next_pc[5]
    SLICE_X3Y127         FDRE                                         r  pc_reg[5]/D
  -------------------------------------------------------------------    -------------------

Slack:                    inf
  Source:                 pc_reg[6]/C
                            (rising edge-triggered cell FDRE)
  Destination:            pc_reg[13]/D
  Path Group:             (none)
  Path Type:              Min at Fast Process Corner
  Data Path Delay:        0.417ns  (logic 0.186ns (44.553%)  route 0.231ns (55.447%))
  Logic Levels:           2  (FDRE=1 LUT6=1)

    Location             Delay type                Incr(ns)  Path(ns)    Netlist Resource(s)
  -------------------------------------------------------------------    -------------------
    SLICE_X3Y127         FDRE                         0.000     0.000 r  pc_reg[6]/C
    SLICE_X3Y127         FDRE (Prop_fdre_C_Q)         0.141     0.141 r  pc_reg[6]/Q
                         net (fo=64, routed)          0.231     0.372    cpu_pc_OBUF[6]
    SLICE_X3Y129         LUT6 (Prop_lut6_I0_O)        0.045     0.417 r  pc[13]_i_1/O
                         net (fo=1, routed)           0.000     0.417    next_pc[13]
    SLICE_X3Y129         FDRE                                         r  pc_reg[13]/D
  -------------------------------------------------------------------    -------------------

Slack:                    inf
  Source:                 pc_reg[6]/C
                            (rising edge-triggered cell FDRE)
  Destination:            pc_reg[14]/D
  Path Group:             (none)
  Path Type:              Min at Fast Process Corner
  Data Path Delay:        0.417ns  (logic 0.186ns (44.553%)  route 0.231ns (55.447%))
  Logic Levels:           2  (FDRE=1 LUT6=1)

    Location             Delay type                Incr(ns)  Path(ns)    Netlist Resource(s)
  -------------------------------------------------------------------    -------------------
    SLICE_X3Y127         FDRE                         0.000     0.000 r  pc_reg[6]/C
    SLICE_X3Y127         FDRE (Prop_fdre_C_Q)         0.141     0.141 r  pc_reg[6]/Q
                         net (fo=64, routed)          0.231     0.372    cpu_pc_OBUF[6]
    SLICE_X3Y129         LUT6 (Prop_lut6_I0_O)        0.045     0.417 r  pc[14]_i_1/O
                         net (fo=1, routed)           0.000     0.417    next_pc[14]
    SLICE_X3Y129         FDRE                                         r  pc_reg[14]/D
  -------------------------------------------------------------------    -------------------





