#-----------------------------------------------------------
# Vivado v2019.1 (64-bit)
# SW Build 2552052 on Fri May 24 14:49:42 MDT 2019
# IP Build 2548770 on Fri May 24 18:01:18 MDT 2019
# Start of session at: Wed Nov  2 11:18:44 2022
# Process ID: 4884
# Current directory: F:/111111
# Command line: vivado.exe -gui_launcher_event rodinguilauncherevent2212 F:\111111\exp_1.xpr
# Log file: F:/111111/vivado.log
# Journal file: F:/111111\vivado.jou
#-----------------------------------------------------------
start_gui
open_project F:/111111/exp_1.xpr
INFO: [Project 1-313] Project file moved from 'C:/Users/lenovo/Desktop/11411' since last save.
CRITICAL WARNING: [Project 1-19] Could not find the file 'F:/wangsong/组原实验1/lcd_module.dcp'.
WARNING: [Project 1-865] Could not find the file F:/wangsong/组原实验1/lcd_module.dcp
CRITICAL WARNING: [Project 1-19] Could not find the file 'F:/wangsong/组原实验1/adder_display.v'.
Scanning sources...
Finished scanning sources
WARNING: [Project 1-865] Could not find the file F:/wangsong/组原实验1/lcd_module.dcp
WARNING: [Project 1-865] Could not find the file F:/wangsong/组原实验1/lcd_module.dcp
INFO: [IP_Flow 19-234] Refreshing IP repositories
INFO: [IP_Flow 19-1704] No user IP repositories specified
INFO: [IP_Flow 19-2313] Loaded Vivado IP repository 'E:/Xilinx2019/Vivado/2019.1/data/ip'.
update_compile_order -fileset sources_1
update_compile_order -fileset sources_1
reset_run synth_1
launch_runs synth_1
CRITICAL WARNING: [HDL 9-806] Syntax error near "module". [F:/111111/exp_1.srcs/sources_1/new/adder.v:31]
[Wed Nov  2 11:32:39 2022] Launched synth_1...
Run output will be captured here: F:/111111/exp_1.runs/synth_1/runme.log
open_run synth_1 -name synth_1
Design is defaulting to impl run constrset: constrs_1
Design is defaulting to synth run part: xc7a200tfbg676-2
INFO: [Device 21-403] Loading part xc7a200tfbg676-2
INFO: [Netlist 29-17] Analyzing 347 Unisim elements for replacement
INFO: [Netlist 29-28] Unisim Transformation completed in 0 CPU seconds
WARNING: [Netlist 29-101] Netlist 'alu' is not ideal for floorplanning, since the cellview 'alu' contains a large number of primitives.  Please consider enabling hierarchy in synthesis if you want to do floorplanning.
INFO: [Project 1-479] Netlist was created with Vivado 2019.1
INFO: [Project 1-570] Preparing netlist for logic optimization
Parsing XDC File [F:/111111/exp_1.srcs/constrs_1/new/alu.xdc]
WARNING: [Vivado 12-584] No ports matched 'lcd_data_io[6]'. [F:/111111/exp_1.srcs/constrs_1/new/alu.xdc:1]
CRITICAL WARNING: [Common 17-55] 'set_property' expects at least one object. [F:/111111/exp_1.srcs/constrs_1/new/alu.xdc:1]
Resolution: If [get_<value>] was used to populate the object, check to make sure this command returns at least one valid object.
WARNING: [Vivado 12-584] No ports matched 'ct_rstn'. [F:/111111/exp_1.srcs/constrs_1/new/alu.xdc:2]
CRITICAL WARNING: [Common 17-55] 'set_property' expects at least one object. [F:/111111/exp_1.srcs/constrs_1/new/alu.xdc:2]
Resolution: If [get_<value>] was used to populate the object, check to make sure this command returns at least one valid object.
WARNING: [Vivado 12-584] No ports matched 'lcd_data_io[5]'. [F:/111111/exp_1.srcs/constrs_1/new/alu.xdc:3]
CRITICAL WARNING: [Common 17-55] 'set_property' expects at least one object. [F:/111111/exp_1.srcs/constrs_1/new/alu.xdc:3]
Resolution: If [get_<value>] was used to populate the object, check to make sure this command returns at least one valid object.
WARNING: [Vivado 12-584] No ports matched 'lcd_data_io[12]'. [F:/111111/exp_1.srcs/constrs_1/new/alu.xdc:4]
CRITICAL WARNING: [Common 17-55] 'set_property' expects at least one object. [F:/111111/exp_1.srcs/constrs_1/new/alu.xdc:4]
Resolution: If [get_<value>] was used to populate the object, check to make sure this command returns at least one valid object.
WARNING: [Vivado 12-584] No ports matched 'lcd_data_io[1]'. [F:/111111/exp_1.srcs/constrs_1/new/alu.xdc:5]
CRITICAL WARNING: [Common 17-55] 'set_property' expects at least one object. [F:/111111/exp_1.srcs/constrs_1/new/alu.xdc:5]
Resolution: If [get_<value>] was used to populate the object, check to make sure this command returns at least one valid object.
WARNING: [Vivado 12-584] No ports matched 'ct_sda'. [F:/111111/exp_1.srcs/constrs_1/new/alu.xdc:6]
CRITICAL WARNING: [Common 17-55] 'set_property' expects at least one object. [F:/111111/exp_1.srcs/constrs_1/new/alu.xdc:6]
Resolution: If [get_<value>] was used to populate the object, check to make sure this command returns at least one valid object.
WARNING: [Vivado 12-584] No ports matched 'ct_scl'. [F:/111111/exp_1.srcs/constrs_1/new/alu.xdc:7]
CRITICAL WARNING: [Common 17-55] 'set_property' expects at least one object. [F:/111111/exp_1.srcs/constrs_1/new/alu.xdc:7]
Resolution: If [get_<value>] was used to populate the object, check to make sure this command returns at least one valid object.
WARNING: [Vivado 12-584] No ports matched 'lcd_data_io[4]'. [F:/111111/exp_1.srcs/constrs_1/new/alu.xdc:8]
CRITICAL WARNING: [Common 17-55] 'set_property' expects at least one object. [F:/111111/exp_1.srcs/constrs_1/new/alu.xdc:8]
Resolution: If [get_<value>] was used to populate the object, check to make sure this command returns at least one valid object.
WARNING: [Vivado 12-584] No ports matched 'lcd_data_io[11]'. [F:/111111/exp_1.srcs/constrs_1/new/alu.xdc:9]
CRITICAL WARNING: [Common 17-55] 'set_property' expects at least one object. [F:/111111/exp_1.srcs/constrs_1/new/alu.xdc:9]
Resolution: If [get_<value>] was used to populate the object, check to make sure this command returns at least one valid object.
WARNING: [Vivado 12-584] No ports matched 'lcd_wr'. [F:/111111/exp_1.srcs/constrs_1/new/alu.xdc:10]
CRITICAL WARNING: [Common 17-55] 'set_property' expects at least one object. [F:/111111/exp_1.srcs/constrs_1/new/alu.xdc:10]
Resolution: If [get_<value>] was used to populate the object, check to make sure this command returns at least one valid object.
WARNING: [Vivado 12-584] No ports matched 'lcd_bl_ctr'. [F:/111111/exp_1.srcs/constrs_1/new/alu.xdc:11]
CRITICAL WARNING: [Common 17-55] 'set_property' expects at least one object. [F:/111111/exp_1.srcs/constrs_1/new/alu.xdc:11]
Resolution: If [get_<value>] was used to populate the object, check to make sure this command returns at least one valid object.
WARNING: [Vivado 12-584] No ports matched 'resetn'. [F:/111111/exp_1.srcs/constrs_1/new/alu.xdc:12]
CRITICAL WARNING: [Common 17-55] 'set_property' expects at least one object. [F:/111111/exp_1.srcs/constrs_1/new/alu.xdc:12]
Resolution: If [get_<value>] was used to populate the object, check to make sure this command returns at least one valid object.
WARNING: [Vivado 12-584] No ports matched 'lcd_data_io[3]'. [F:/111111/exp_1.srcs/constrs_1/new/alu.xdc:13]
CRITICAL WARNING: [Common 17-55] 'set_property' expects at least one object. [F:/111111/exp_1.srcs/constrs_1/new/alu.xdc:13]
Resolution: If [get_<value>] was used to populate the object, check to make sure this command returns at least one valid object.
WARNING: [Vivado 12-584] No ports matched 'lcd_data_io[9]'. [F:/111111/exp_1.srcs/constrs_1/new/alu.xdc:14]
CRITICAL WARNING: [Common 17-55] 'set_property' expects at least one object. [F:/111111/exp_1.srcs/constrs_1/new/alu.xdc:14]
Resolution: If [get_<value>] was used to populate the object, check to make sure this command returns at least one valid object.
WARNING: [Vivado 12-584] No ports matched 'input_sel'. [F:/111111/exp_1.srcs/constrs_1/new/alu.xdc:15]
CRITICAL WARNING: [Common 17-55] 'set_property' expects at least one object. [F:/111111/exp_1.srcs/constrs_1/new/alu.xdc:15]
Resolution: If [get_<value>] was used to populate the object, check to make sure this command returns at least one valid object.
WARNING: [Vivado 12-584] No ports matched 'lcd_data_io[10]'. [F:/111111/exp_1.srcs/constrs_1/new/alu.xdc:16]
CRITICAL WARNING: [Common 17-55] 'set_property' expects at least one object. [F:/111111/exp_1.srcs/constrs_1/new/alu.xdc:16]
Resolution: If [get_<value>] was used to populate the object, check to make sure this command returns at least one valid object.
WARNING: [Vivado 12-584] No ports matched 'led_cout'. [F:/111111/exp_1.srcs/constrs_1/new/alu.xdc:17]
CRITICAL WARNING: [Common 17-55] 'set_property' expects at least one object. [F:/111111/exp_1.srcs/constrs_1/new/alu.xdc:17]
Resolution: If [get_<value>] was used to populate the object, check to make sure this command returns at least one valid object.
WARNING: [Vivado 12-584] No ports matched 'lcd_data_io[2]'. [F:/111111/exp_1.srcs/constrs_1/new/alu.xdc:18]
CRITICAL WARNING: [Common 17-55] 'set_property' expects at least one object. [F:/111111/exp_1.srcs/constrs_1/new/alu.xdc:18]
Resolution: If [get_<value>] was used to populate the object, check to make sure this command returns at least one valid object.
WARNING: [Vivado 12-584] No ports matched 'lcd_data_io[8]'. [F:/111111/exp_1.srcs/constrs_1/new/alu.xdc:19]
CRITICAL WARNING: [Common 17-55] 'set_property' expects at least one object. [F:/111111/exp_1.srcs/constrs_1/new/alu.xdc:19]
Resolution: If [get_<value>] was used to populate the object, check to make sure this command returns at least one valid object.
WARNING: [Vivado 12-584] No ports matched 'lcd_data_io[15]'. [F:/111111/exp_1.srcs/constrs_1/new/alu.xdc:20]
CRITICAL WARNING: [Common 17-55] 'set_property' expects at least one object. [F:/111111/exp_1.srcs/constrs_1/new/alu.xdc:20]
Resolution: If [get_<value>] was used to populate the object, check to make sure this command returns at least one valid object.
WARNING: [Vivado 12-584] No ports matched 'lcd_rd'. [F:/111111/exp_1.srcs/constrs_1/new/alu.xdc:21]
CRITICAL WARNING: [Common 17-55] 'set_property' expects at least one object. [F:/111111/exp_1.srcs/constrs_1/new/alu.xdc:21]
Resolution: If [get_<value>] was used to populate the object, check to make sure this command returns at least one valid object.
WARNING: [Vivado 12-584] No ports matched 'lcd_data_io[14]'. [F:/111111/exp_1.srcs/constrs_1/new/alu.xdc:22]
CRITICAL WARNING: [Common 17-55] 'set_property' expects at least one object. [F:/111111/exp_1.srcs/constrs_1/new/alu.xdc:22]
Resolution: If [get_<value>] was used to populate the object, check to make sure this command returns at least one valid object.
WARNING: [Vivado 12-584] No ports matched 'lcd_rs'. [F:/111111/exp_1.srcs/constrs_1/new/alu.xdc:23]
CRITICAL WARNING: [Common 17-55] 'set_property' expects at least one object. [F:/111111/exp_1.srcs/constrs_1/new/alu.xdc:23]
Resolution: If [get_<value>] was used to populate the object, check to make sure this command returns at least one valid object.
WARNING: [Vivado 12-584] No ports matched 'lcd_cs'. [F:/111111/exp_1.srcs/constrs_1/new/alu.xdc:24]
CRITICAL WARNING: [Common 17-55] 'set_property' expects at least one object. [F:/111111/exp_1.srcs/constrs_1/new/alu.xdc:24]
Resolution: If [get_<value>] was used to populate the object, check to make sure this command returns at least one valid object.
WARNING: [Vivado 12-584] No ports matched 'ct_int'. [F:/111111/exp_1.srcs/constrs_1/new/alu.xdc:25]
CRITICAL WARNING: [Common 17-55] 'set_property' expects at least one object. [F:/111111/exp_1.srcs/constrs_1/new/alu.xdc:25]
Resolution: If [get_<value>] was used to populate the object, check to make sure this command returns at least one valid object.
WARNING: [Vivado 12-584] No ports matched 'clk'. [F:/111111/exp_1.srcs/constrs_1/new/alu.xdc:26]
CRITICAL WARNING: [Common 17-55] 'set_property' expects at least one object. [F:/111111/exp_1.srcs/constrs_1/new/alu.xdc:26]
Resolution: If [get_<value>] was used to populate the object, check to make sure this command returns at least one valid object.
WARNING: [Vivado 12-584] No ports matched 'lcd_data_io[0]'. [F:/111111/exp_1.srcs/constrs_1/new/alu.xdc:27]
CRITICAL WARNING: [Common 17-55] 'set_property' expects at least one object. [F:/111111/exp_1.srcs/constrs_1/new/alu.xdc:27]
Resolution: If [get_<value>] was used to populate the object, check to make sure this command returns at least one valid object.
WARNING: [Vivado 12-584] No ports matched 'lcd_data_io[7]'. [F:/111111/exp_1.srcs/constrs_1/new/alu.xdc:28]
CRITICAL WARNING: [Common 17-55] 'set_property' expects at least one object. [F:/111111/exp_1.srcs/constrs_1/new/alu.xdc:28]
Resolution: If [get_<value>] was used to populate the object, check to make sure this command returns at least one valid object.
WARNING: [Vivado 12-584] No ports matched 'sw_cin'. [F:/111111/exp_1.srcs/constrs_1/new/alu.xdc:29]
CRITICAL WARNING: [Common 17-55] 'set_property' expects at least one object. [F:/111111/exp_1.srcs/constrs_1/new/alu.xdc:29]
Resolution: If [get_<value>] was used to populate the object, check to make sure this command returns at least one valid object.
WARNING: [Vivado 12-584] No ports matched 'lcd_data_io[13]'. [F:/111111/exp_1.srcs/constrs_1/new/alu.xdc:30]
CRITICAL WARNING: [Common 17-55] 'set_property' expects at least one object. [F:/111111/exp_1.srcs/constrs_1/new/alu.xdc:30]
Resolution: If [get_<value>] was used to populate the object, check to make sure this command returns at least one valid object.
WARNING: [Vivado 12-584] No ports matched 'lcd_rst'. [F:/111111/exp_1.srcs/constrs_1/new/alu.xdc:31]
CRITICAL WARNING: [Common 17-55] 'set_property' expects at least one object. [F:/111111/exp_1.srcs/constrs_1/new/alu.xdc:31]
Resolution: If [get_<value>] was used to populate the object, check to make sure this command returns at least one valid object.
WARNING: [Vivado 12-584] No ports matched 'lcd_rst'. [F:/111111/exp_1.srcs/constrs_1/new/alu.xdc:32]
CRITICAL WARNING: [Common 17-55] 'set_property' expects at least one object. [F:/111111/exp_1.srcs/constrs_1/new/alu.xdc:32]
Resolution: If [get_<value>] was used to populate the object, check to make sure this command returns at least one valid object.
WARNING: [Vivado 12-584] No ports matched 'clk'. [F:/111111/exp_1.srcs/constrs_1/new/alu.xdc:33]
CRITICAL WARNING: [Common 17-55] 'set_property' expects at least one object. [F:/111111/exp_1.srcs/constrs_1/new/alu.xdc:33]
Resolution: If [get_<value>] was used to populate the object, check to make sure this command returns at least one valid object.
WARNING: [Vivado 12-584] No ports matched 'lcd_data_io[0]'. [F:/111111/exp_1.srcs/constrs_1/new/alu.xdc:34]
CRITICAL WARNING: [Common 17-55] 'set_property' expects at least one object. [F:/111111/exp_1.srcs/constrs_1/new/alu.xdc:34]
Resolution: If [get_<value>] was used to populate the object, check to make sure this command returns at least one valid object.
WARNING: [Vivado 12-584] No ports matched 'lcd_data_io[1]'. [F:/111111/exp_1.srcs/constrs_1/new/alu.xdc:35]
CRITICAL WARNING: [Common 17-55] 'set_property' expects at least one object. [F:/111111/exp_1.srcs/constrs_1/new/alu.xdc:35]
Resolution: If [get_<value>] was used to populate the object, check to make sure this command returns at least one valid object.
WARNING: [Vivado 12-584] No ports matched 'lcd_data_io[2]'. [F:/111111/exp_1.srcs/constrs_1/new/alu.xdc:36]
CRITICAL WARNING: [Common 17-55] 'set_property' expects at least one object. [F:/111111/exp_1.srcs/constrs_1/new/alu.xdc:36]
Resolution: If [get_<value>] was used to populate the object, check to make sure this command returns at least one valid object.
WARNING: [Vivado 12-584] No ports matched 'lcd_data_io[3]'. [F:/111111/exp_1.srcs/constrs_1/new/alu.xdc:37]
CRITICAL WARNING: [Common 17-55] 'set_property' expects at least one object. [F:/111111/exp_1.srcs/constrs_1/new/alu.xdc:37]
Resolution: If [get_<value>] was used to populate the object, check to make sure this command returns at least one valid object.
WARNING: [Vivado 12-584] No ports matched 'lcd_data_io[4]'. [F:/111111/exp_1.srcs/constrs_1/new/alu.xdc:38]
CRITICAL WARNING: [Common 17-55] 'set_property' expects at least one object. [F:/111111/exp_1.srcs/constrs_1/new/alu.xdc:38]
Resolution: If [get_<value>] was used to populate the object, check to make sure this command returns at least one valid object.
WARNING: [Vivado 12-584] No ports matched 'lcd_data_io[5]'. [F:/111111/exp_1.srcs/constrs_1/new/alu.xdc:39]
CRITICAL WARNING: [Common 17-55] 'set_property' expects at least one object. [F:/111111/exp_1.srcs/constrs_1/new/alu.xdc:39]
Resolution: If [get_<value>] was used to populate the object, check to make sure this command returns at least one valid object.
WARNING: [Vivado 12-584] No ports matched 'lcd_data_io[6]'. [F:/111111/exp_1.srcs/constrs_1/new/alu.xdc:40]
CRITICAL WARNING: [Common 17-55] 'set_property' expects at least one object. [F:/111111/exp_1.srcs/constrs_1/new/alu.xdc:40]
Resolution: If [get_<value>] was used to populate the object, check to make sure this command returns at least one valid object.
WARNING: [Vivado 12-584] No ports matched 'lcd_data_io[7]'. [F:/111111/exp_1.srcs/constrs_1/new/alu.xdc:41]
CRITICAL WARNING: [Common 17-55] 'set_property' expects at least one object. [F:/111111/exp_1.srcs/constrs_1/new/alu.xdc:41]
Resolution: If [get_<value>] was used to populate the object, check to make sure this command returns at least one valid object.
WARNING: [Vivado 12-584] No ports matched 'lcd_data_io[8]'. [F:/111111/exp_1.srcs/constrs_1/new/alu.xdc:42]
CRITICAL WARNING: [Common 17-55] 'set_property' expects at least one object. [F:/111111/exp_1.srcs/constrs_1/new/alu.xdc:42]
Resolution: If [get_<value>] was used to populate the object, check to make sure this command returns at least one valid object.
WARNING: [Vivado 12-584] No ports matched 'lcd_data_io[9]'. [F:/111111/exp_1.srcs/constrs_1/new/alu.xdc:43]
CRITICAL WARNING: [Common 17-55] 'set_property' expects at least one object. [F:/111111/exp_1.srcs/constrs_1/new/alu.xdc:43]
Resolution: If [get_<value>] was used to populate the object, check to make sure this command returns at least one valid object.
WARNING: [Vivado 12-584] No ports matched 'lcd_data_io[10]'. [F:/111111/exp_1.srcs/constrs_1/new/alu.xdc:44]
CRITICAL WARNING: [Common 17-55] 'set_property' expects at least one object. [F:/111111/exp_1.srcs/constrs_1/new/alu.xdc:44]
Resolution: If [get_<value>] was used to populate the object, check to make sure this command returns at least one valid object.
WARNING: [Vivado 12-584] No ports matched 'lcd_data_io[11]'. [F:/111111/exp_1.srcs/constrs_1/new/alu.xdc:45]
CRITICAL WARNING: [Common 17-55] 'set_property' expects at least one object. [F:/111111/exp_1.srcs/constrs_1/new/alu.xdc:45]
Resolution: If [get_<value>] was used to populate the object, check to make sure this command returns at least one valid object.
WARNING: [Vivado 12-584] No ports matched 'lcd_data_io[12]'. [F:/111111/exp_1.srcs/constrs_1/new/alu.xdc:46]
CRITICAL WARNING: [Common 17-55] 'set_property' expects at least one object. [F:/111111/exp_1.srcs/constrs_1/new/alu.xdc:46]
Resolution: If [get_<value>] was used to populate the object, check to make sure this command returns at least one valid object.
WARNING: [Vivado 12-584] No ports matched 'lcd_data_io[13]'. [F:/111111/exp_1.srcs/constrs_1/new/alu.xdc:47]
CRITICAL WARNING: [Common 17-55] 'set_property' expects at least one object. [F:/111111/exp_1.srcs/constrs_1/new/alu.xdc:47]
Resolution: If [get_<value>] was used to populate the object, check to make sure this command returns at least one valid object.
WARNING: [Vivado 12-584] No ports matched 'lcd_data_io[14]'. [F:/111111/exp_1.srcs/constrs_1/new/alu.xdc:48]
CRITICAL WARNING: [Common 17-55] 'set_property' expects at least one object. [F:/111111/exp_1.srcs/constrs_1/new/alu.xdc:48]
Resolution: If [get_<value>] was used to populate the object, check to make sure this command returns at least one valid object.
WARNING: [Vivado 12-584] No ports matched 'lcd_data_io[15]'. [F:/111111/exp_1.srcs/constrs_1/new/alu.xdc:49]
CRITICAL WARNING: [Common 17-55] 'set_property' expects at least one object. [F:/111111/exp_1.srcs/constrs_1/new/alu.xdc:49]
Resolution: If [get_<value>] was used to populate the object, check to make sure this command returns at least one valid object.
WARNING: [Vivado 12-584] No ports matched 'lcd_rd'. [F:/111111/exp_1.srcs/constrs_1/new/alu.xdc:50]
CRITICAL WARNING: [Common 17-55] 'set_property' expects at least one object. [F:/111111/exp_1.srcs/constrs_1/new/alu.xdc:50]
Resolution: If [get_<value>] was used to populate the object, check to make sure this command returns at least one valid object.
WARNING: [Vivado 12-584] No ports matched 'lcd_rs'. [F:/111111/exp_1.srcs/constrs_1/new/alu.xdc:51]
CRITICAL WARNING: [Common 17-55] 'set_property' expects at least one object. [F:/111111/exp_1.srcs/constrs_1/new/alu.xdc:51]
Resolution: If [get_<value>] was used to populate the object, check to make sure this command returns at least one valid object.
WARNING: [Vivado 12-584] No ports matched 'lcd_cs'. [F:/111111/exp_1.srcs/constrs_1/new/alu.xdc:52]
CRITICAL WARNING: [Common 17-55] 'set_property' expects at least one object. [F:/111111/exp_1.srcs/constrs_1/new/alu.xdc:52]
Resolution: If [get_<value>] was used to populate the object, check to make sure this command returns at least one valid object.
WARNING: [Vivado 12-584] No ports matched 'ct_sda'. [F:/111111/exp_1.srcs/constrs_1/new/alu.xdc:53]
CRITICAL WARNING: [Common 17-55] 'set_property' expects at least one object. [F:/111111/exp_1.srcs/constrs_1/new/alu.xdc:53]
Resolution: If [get_<value>] was used to populate the object, check to make sure this command returns at least one valid object.
WARNING: [Vivado 12-584] No ports matched 'ct_scl'. [F:/111111/exp_1.srcs/constrs_1/new/alu.xdc:54]
CRITICAL WARNING: [Common 17-55] 'set_property' expects at least one object. [F:/111111/exp_1.srcs/constrs_1/new/alu.xdc:54]
Resolution: If [get_<value>] was used to populate the object, check to make sure this command returns at least one valid object.
WARNING: [Vivado 12-584] No ports matched 'lcd_wr'. [F:/111111/exp_1.srcs/constrs_1/new/alu.xdc:55]
CRITICAL WARNING: [Common 17-55] 'set_property' expects at least one object. [F:/111111/exp_1.srcs/constrs_1/new/alu.xdc:55]
Resolution: If [get_<value>] was used to populate the object, check to make sure this command returns at least one valid object.
WARNING: [Vivado 12-584] No ports matched 'lcd_bl_ctr'. [F:/111111/exp_1.srcs/constrs_1/new/alu.xdc:56]
CRITICAL WARNING: [Common 17-55] 'set_property' expects at least one object. [F:/111111/exp_1.srcs/constrs_1/new/alu.xdc:56]
Resolution: If [get_<value>] was used to populate the object, check to make sure this command returns at least one valid object.
WARNING: [Vivado 12-584] No ports matched 'resetn'. [F:/111111/exp_1.srcs/constrs_1/new/alu.xdc:57]
CRITICAL WARNING: [Common 17-55] 'set_property' expects at least one object. [F:/111111/exp_1.srcs/constrs_1/new/alu.xdc:57]
Resolution: If [get_<value>] was used to populate the object, check to make sure this command returns at least one valid object.
WARNING: [Vivado 12-584] No ports matched 'led_cout'. [F:/111111/exp_1.srcs/constrs_1/new/alu.xdc:58]
CRITICAL WARNING: [Common 17-55] 'set_property' expects at least one object. [F:/111111/exp_1.srcs/constrs_1/new/alu.xdc:58]
Resolution: If [get_<value>] was used to populate the object, check to make sure this command returns at least one valid object.
WARNING: [Vivado 12-584] No ports matched 'input_sel'. [F:/111111/exp_1.srcs/constrs_1/new/alu.xdc:59]
CRITICAL WARNING: [Common 17-55] 'set_property' expects at least one object. [F:/111111/exp_1.srcs/constrs_1/new/alu.xdc:59]
Resolution: If [get_<value>] was used to populate the object, check to make sure this command returns at least one valid object.
WARNING: [Vivado 12-584] No ports matched 'sw_cin'. [F:/111111/exp_1.srcs/constrs_1/new/alu.xdc:60]
CRITICAL WARNING: [Common 17-55] 'set_property' expects at least one object. [F:/111111/exp_1.srcs/constrs_1/new/alu.xdc:60]
Resolution: If [get_<value>] was used to populate the object, check to make sure this command returns at least one valid object.
WARNING: [Vivado 12-584] No ports matched 'ct_int'. [F:/111111/exp_1.srcs/constrs_1/new/alu.xdc:61]
CRITICAL WARNING: [Common 17-55] 'set_property' expects at least one object. [F:/111111/exp_1.srcs/constrs_1/new/alu.xdc:61]
Resolution: If [get_<value>] was used to populate the object, check to make sure this command returns at least one valid object.
WARNING: [Vivado 12-584] No ports matched 'ct_rstn'. [F:/111111/exp_1.srcs/constrs_1/new/alu.xdc:62]
CRITICAL WARNING: [Common 17-55] 'set_property' expects at least one object. [F:/111111/exp_1.srcs/constrs_1/new/alu.xdc:62]
Resolution: If [get_<value>] was used to populate the object, check to make sure this command returns at least one valid object.
WARNING: [Vivado 12-584] No ports matched 'sw_cin_2'. [F:/111111/exp_1.srcs/constrs_1/new/alu.xdc:64]
CRITICAL WARNING: [Common 17-55] 'set_property' expects at least one object. [F:/111111/exp_1.srcs/constrs_1/new/alu.xdc:64]
Resolution: If [get_<value>] was used to populate the object, check to make sure this command returns at least one valid object.
WARNING: [Vivado 12-584] No ports matched 'sw_cin_1'. [F:/111111/exp_1.srcs/constrs_1/new/alu.xdc:65]
CRITICAL WARNING: [Common 17-55] 'set_property' expects at least one object. [F:/111111/exp_1.srcs/constrs_1/new/alu.xdc:65]
Resolution: If [get_<value>] was used to populate the object, check to make sure this command returns at least one valid object.
WARNING: [Vivado 12-584] No ports matched 'sw_cin_1'. [F:/111111/exp_1.srcs/constrs_1/new/alu.xdc:66]
CRITICAL WARNING: [Common 17-55] 'set_property' expects at least one object. [F:/111111/exp_1.srcs/constrs_1/new/alu.xdc:66]
Resolution: If [get_<value>] was used to populate the object, check to make sure this command returns at least one valid object.
WARNING: [Vivado 12-584] No ports matched 'sw_cin_3'. [F:/111111/exp_1.srcs/constrs_1/new/alu.xdc:67]
CRITICAL WARNING: [Common 17-55] 'set_property' expects at least one object. [F:/111111/exp_1.srcs/constrs_1/new/alu.xdc:67]
Resolution: If [get_<value>] was used to populate the object, check to make sure this command returns at least one valid object.
WARNING: [Vivado 12-584] No ports matched 'sw_cin_3'. [F:/111111/exp_1.srcs/constrs_1/new/alu.xdc:68]
CRITICAL WARNING: [Common 17-55] 'set_property' expects at least one object. [F:/111111/exp_1.srcs/constrs_1/new/alu.xdc:68]
Resolution: If [get_<value>] was used to populate the object, check to make sure this command returns at least one valid object.
WARNING: [Vivado 12-584] No ports matched 'sw_cin_2'. [F:/111111/exp_1.srcs/constrs_1/new/alu.xdc:69]
CRITICAL WARNING: [Common 17-55] 'set_property' expects at least one object. [F:/111111/exp_1.srcs/constrs_1/new/alu.xdc:69]
Resolution: If [get_<value>] was used to populate the object, check to make sure this command returns at least one valid object.
Finished Parsing XDC File [F:/111111/exp_1.srcs/constrs_1/new/alu.xdc]
INFO: [Opt 31-138] Pushed 0 inverter(s) to 0 load pin(s).
Netlist sorting complete. Time (s): cpu = 00:00:00 ; elapsed = 00:00:00 . Memory (MB): peak = 1136.668 ; gain = 0.000
INFO: [Project 1-111] Unisim Transformation Summary:
No Unisim elements were transformed.

open_run: Time (s): cpu = 00:00:15 ; elapsed = 00:00:19 . Memory (MB): peak = 1291.527 ; gain = 324.453
reset_run synth_1
launch_runs synth_1 -jobs 2
CRITICAL WARNING: [HDL 9-806] Syntax error near "module". [F:/111111/exp_1.srcs/sources_1/new/adder.v:31]
[Wed Nov  2 11:44:35 2022] Launched synth_1...
Run output will be captured here: F:/111111/exp_1.runs/synth_1/runme.log
close_design
open_run synth_1 -name synth_1
Design is defaulting to impl run constrset: constrs_1
Design is defaulting to synth run part: xc7a200tfbg676-2
INFO: [Netlist 29-17] Analyzing 347 Unisim elements for replacement
INFO: [Netlist 29-28] Unisim Transformation completed in 0 CPU seconds
WARNING: [Netlist 29-101] Netlist 'alu' is not ideal for floorplanning, since the cellview 'alu' contains a large number of primitives.  Please consider enabling hierarchy in synthesis if you want to do floorplanning.
INFO: [Project 1-479] Netlist was created with Vivado 2019.1
INFO: [Project 1-570] Preparing netlist for logic optimization
Parsing XDC File [F:/111111/exp_1.srcs/constrs_1/new/alu.xdc]
WARNING: [Vivado 12-584] No ports matched 'lcd_data_io[6]'. [F:/111111/exp_1.srcs/constrs_1/new/alu.xdc:1]
CRITICAL WARNING: [Common 17-55] 'set_property' expects at least one object. [F:/111111/exp_1.srcs/constrs_1/new/alu.xdc:1]
Resolution: If [get_<value>] was used to populate the object, check to make sure this command returns at least one valid object.
WARNING: [Vivado 12-584] No ports matched 'ct_rstn'. [F:/111111/exp_1.srcs/constrs_1/new/alu.xdc:2]
CRITICAL WARNING: [Common 17-55] 'set_property' expects at least one object. [F:/111111/exp_1.srcs/constrs_1/new/alu.xdc:2]
Resolution: If [get_<value>] was used to populate the object, check to make sure this command returns at least one valid object.
WARNING: [Vivado 12-584] No ports matched 'lcd_data_io[5]'. [F:/111111/exp_1.srcs/constrs_1/new/alu.xdc:3]
CRITICAL WARNING: [Common 17-55] 'set_property' expects at least one object. [F:/111111/exp_1.srcs/constrs_1/new/alu.xdc:3]
Resolution: If [get_<value>] was used to populate the object, check to make sure this command returns at least one valid object.
WARNING: [Vivado 12-584] No ports matched 'lcd_data_io[12]'. [F:/111111/exp_1.srcs/constrs_1/new/alu.xdc:4]
CRITICAL WARNING: [Common 17-55] 'set_property' expects at least one object. [F:/111111/exp_1.srcs/constrs_1/new/alu.xdc:4]
Resolution: If [get_<value>] was used to populate the object, check to make sure this command returns at least one valid object.
WARNING: [Vivado 12-584] No ports matched 'lcd_data_io[1]'. [F:/111111/exp_1.srcs/constrs_1/new/alu.xdc:5]
CRITICAL WARNING: [Common 17-55] 'set_property' expects at least one object. [F:/111111/exp_1.srcs/constrs_1/new/alu.xdc:5]
Resolution: If [get_<value>] was used to populate the object, check to make sure this command returns at least one valid object.
WARNING: [Vivado 12-584] No ports matched 'ct_sda'. [F:/111111/exp_1.srcs/constrs_1/new/alu.xdc:6]
CRITICAL WARNING: [Common 17-55] 'set_property' expects at least one object. [F:/111111/exp_1.srcs/constrs_1/new/alu.xdc:6]
Resolution: If [get_<value>] was used to populate the object, check to make sure this command returns at least one valid object.
WARNING: [Vivado 12-584] No ports matched 'ct_scl'. [F:/111111/exp_1.srcs/constrs_1/new/alu.xdc:7]
CRITICAL WARNING: [Common 17-55] 'set_property' expects at least one object. [F:/111111/exp_1.srcs/constrs_1/new/alu.xdc:7]
Resolution: If [get_<value>] was used to populate the object, check to make sure this command returns at least one valid object.
WARNING: [Vivado 12-584] No ports matched 'lcd_data_io[4]'. [F:/111111/exp_1.srcs/constrs_1/new/alu.xdc:8]
CRITICAL WARNING: [Common 17-55] 'set_property' expects at least one object. [F:/111111/exp_1.srcs/constrs_1/new/alu.xdc:8]
Resolution: If [get_<value>] was used to populate the object, check to make sure this command returns at least one valid object.
WARNING: [Vivado 12-584] No ports matched 'lcd_data_io[11]'. [F:/111111/exp_1.srcs/constrs_1/new/alu.xdc:9]
CRITICAL WARNING: [Common 17-55] 'set_property' expects at least one object. [F:/111111/exp_1.srcs/constrs_1/new/alu.xdc:9]
Resolution: If [get_<value>] was used to populate the object, check to make sure this command returns at least one valid object.
WARNING: [Vivado 12-584] No ports matched 'lcd_wr'. [F:/111111/exp_1.srcs/constrs_1/new/alu.xdc:10]
CRITICAL WARNING: [Common 17-55] 'set_property' expects at least one object. [F:/111111/exp_1.srcs/constrs_1/new/alu.xdc:10]
Resolution: If [get_<value>] was used to populate the object, check to make sure this command returns at least one valid object.
WARNING: [Vivado 12-584] No ports matched 'lcd_bl_ctr'. [F:/111111/exp_1.srcs/constrs_1/new/alu.xdc:11]
CRITICAL WARNING: [Common 17-55] 'set_property' expects at least one object. [F:/111111/exp_1.srcs/constrs_1/new/alu.xdc:11]
Resolution: If [get_<value>] was used to populate the object, check to make sure this command returns at least one valid object.
WARNING: [Vivado 12-584] No ports matched 'resetn'. [F:/111111/exp_1.srcs/constrs_1/new/alu.xdc:12]
CRITICAL WARNING: [Common 17-55] 'set_property' expects at least one object. [F:/111111/exp_1.srcs/constrs_1/new/alu.xdc:12]
Resolution: If [get_<value>] was used to populate the object, check to make sure this command returns at least one valid object.
WARNING: [Vivado 12-584] No ports matched 'lcd_data_io[3]'. [F:/111111/exp_1.srcs/constrs_1/new/alu.xdc:13]
CRITICAL WARNING: [Common 17-55] 'set_property' expects at least one object. [F:/111111/exp_1.srcs/constrs_1/new/alu.xdc:13]
Resolution: If [get_<value>] was used to populate the object, check to make sure this command returns at least one valid object.
WARNING: [Vivado 12-584] No ports matched 'lcd_data_io[9]'. [F:/111111/exp_1.srcs/constrs_1/new/alu.xdc:14]
CRITICAL WARNING: [Common 17-55] 'set_property' expects at least one object. [F:/111111/exp_1.srcs/constrs_1/new/alu.xdc:14]
Resolution: If [get_<value>] was used to populate the object, check to make sure this command returns at least one valid object.
WARNING: [Vivado 12-584] No ports matched 'input_sel'. [F:/111111/exp_1.srcs/constrs_1/new/alu.xdc:15]
CRITICAL WARNING: [Common 17-55] 'set_property' expects at least one object. [F:/111111/exp_1.srcs/constrs_1/new/alu.xdc:15]
Resolution: If [get_<value>] was used to populate the object, check to make sure this command returns at least one valid object.
WARNING: [Vivado 12-584] No ports matched 'lcd_data_io[10]'. [F:/111111/exp_1.srcs/constrs_1/new/alu.xdc:16]
CRITICAL WARNING: [Common 17-55] 'set_property' expects at least one object. [F:/111111/exp_1.srcs/constrs_1/new/alu.xdc:16]
Resolution: If [get_<value>] was used to populate the object, check to make sure this command returns at least one valid object.
WARNING: [Vivado 12-584] No ports matched 'led_cout'. [F:/111111/exp_1.srcs/constrs_1/new/alu.xdc:17]
CRITICAL WARNING: [Common 17-55] 'set_property' expects at least one object. [F:/111111/exp_1.srcs/constrs_1/new/alu.xdc:17]
Resolution: If [get_<value>] was used to populate the object, check to make sure this command returns at least one valid object.
WARNING: [Vivado 12-584] No ports matched 'lcd_data_io[2]'. [F:/111111/exp_1.srcs/constrs_1/new/alu.xdc:18]
CRITICAL WARNING: [Common 17-55] 'set_property' expects at least one object. [F:/111111/exp_1.srcs/constrs_1/new/alu.xdc:18]
Resolution: If [get_<value>] was used to populate the object, check to make sure this command returns at least one valid object.
WARNING: [Vivado 12-584] No ports matched 'lcd_data_io[8]'. [F:/111111/exp_1.srcs/constrs_1/new/alu.xdc:19]
CRITICAL WARNING: [Common 17-55] 'set_property' expects at least one object. [F:/111111/exp_1.srcs/constrs_1/new/alu.xdc:19]
Resolution: If [get_<value>] was used to populate the object, check to make sure this command returns at least one valid object.
WARNING: [Vivado 12-584] No ports matched 'lcd_data_io[15]'. [F:/111111/exp_1.srcs/constrs_1/new/alu.xdc:20]
CRITICAL WARNING: [Common 17-55] 'set_property' expects at least one object. [F:/111111/exp_1.srcs/constrs_1/new/alu.xdc:20]
Resolution: If [get_<value>] was used to populate the object, check to make sure this command returns at least one valid object.
WARNING: [Vivado 12-584] No ports matched 'lcd_rd'. [F:/111111/exp_1.srcs/constrs_1/new/alu.xdc:21]
CRITICAL WARNING: [Common 17-55] 'set_property' expects at least one object. [F:/111111/exp_1.srcs/constrs_1/new/alu.xdc:21]
Resolution: If [get_<value>] was used to populate the object, check to make sure this command returns at least one valid object.
WARNING: [Vivado 12-584] No ports matched 'lcd_data_io[14]'. [F:/111111/exp_1.srcs/constrs_1/new/alu.xdc:22]
CRITICAL WARNING: [Common 17-55] 'set_property' expects at least one object. [F:/111111/exp_1.srcs/constrs_1/new/alu.xdc:22]
Resolution: If [get_<value>] was used to populate the object, check to make sure this command returns at least one valid object.
WARNING: [Vivado 12-584] No ports matched 'lcd_rs'. [F:/111111/exp_1.srcs/constrs_1/new/alu.xdc:23]
CRITICAL WARNING: [Common 17-55] 'set_property' expects at least one object. [F:/111111/exp_1.srcs/constrs_1/new/alu.xdc:23]
Resolution: If [get_<value>] was used to populate the object, check to make sure this command returns at least one valid object.
WARNING: [Vivado 12-584] No ports matched 'lcd_cs'. [F:/111111/exp_1.srcs/constrs_1/new/alu.xdc:24]
CRITICAL WARNING: [Common 17-55] 'set_property' expects at least one object. [F:/111111/exp_1.srcs/constrs_1/new/alu.xdc:24]
Resolution: If [get_<value>] was used to populate the object, check to make sure this command returns at least one valid object.
WARNING: [Vivado 12-584] No ports matched 'ct_int'. [F:/111111/exp_1.srcs/constrs_1/new/alu.xdc:25]
CRITICAL WARNING: [Common 17-55] 'set_property' expects at least one object. [F:/111111/exp_1.srcs/constrs_1/new/alu.xdc:25]
Resolution: If [get_<value>] was used to populate the object, check to make sure this command returns at least one valid object.
WARNING: [Vivado 12-584] No ports matched 'clk'. [F:/111111/exp_1.srcs/constrs_1/new/alu.xdc:26]
CRITICAL WARNING: [Common 17-55] 'set_property' expects at least one object. [F:/111111/exp_1.srcs/constrs_1/new/alu.xdc:26]
Resolution: If [get_<value>] was used to populate the object, check to make sure this command returns at least one valid object.
WARNING: [Vivado 12-584] No ports matched 'lcd_data_io[0]'. [F:/111111/exp_1.srcs/constrs_1/new/alu.xdc:27]
CRITICAL WARNING: [Common 17-55] 'set_property' expects at least one object. [F:/111111/exp_1.srcs/constrs_1/new/alu.xdc:27]
Resolution: If [get_<value>] was used to populate the object, check to make sure this command returns at least one valid object.
WARNING: [Vivado 12-584] No ports matched 'lcd_data_io[7]'. [F:/111111/exp_1.srcs/constrs_1/new/alu.xdc:28]
CRITICAL WARNING: [Common 17-55] 'set_property' expects at least one object. [F:/111111/exp_1.srcs/constrs_1/new/alu.xdc:28]
Resolution: If [get_<value>] was used to populate the object, check to make sure this command returns at least one valid object.
WARNING: [Vivado 12-584] No ports matched 'sw_cin'. [F:/111111/exp_1.srcs/constrs_1/new/alu.xdc:29]
CRITICAL WARNING: [Common 17-55] 'set_property' expects at least one object. [F:/111111/exp_1.srcs/constrs_1/new/alu.xdc:29]
Resolution: If [get_<value>] was used to populate the object, check to make sure this command returns at least one valid object.
WARNING: [Vivado 12-584] No ports matched 'lcd_data_io[13]'. [F:/111111/exp_1.srcs/constrs_1/new/alu.xdc:30]
CRITICAL WARNING: [Common 17-55] 'set_property' expects at least one object. [F:/111111/exp_1.srcs/constrs_1/new/alu.xdc:30]
Resolution: If [get_<value>] was used to populate the object, check to make sure this command returns at least one valid object.
WARNING: [Vivado 12-584] No ports matched 'lcd_rst'. [F:/111111/exp_1.srcs/constrs_1/new/alu.xdc:31]
CRITICAL WARNING: [Common 17-55] 'set_property' expects at least one object. [F:/111111/exp_1.srcs/constrs_1/new/alu.xdc:31]
Resolution: If [get_<value>] was used to populate the object, check to make sure this command returns at least one valid object.
WARNING: [Vivado 12-584] No ports matched 'lcd_rst'. [F:/111111/exp_1.srcs/constrs_1/new/alu.xdc:32]
INFO: [Common 17-14] Message 'Vivado 12-584' appears 100 times and further instances of the messages will be disabled. Use the Tcl command set_msg_config to change the current settings. [F:/111111/exp_1.srcs/constrs_1/new/alu.xdc:32]
CRITICAL WARNING: [Common 17-55] 'set_property' expects at least one object. [F:/111111/exp_1.srcs/constrs_1/new/alu.xdc:32]
Resolution: If [get_<value>] was used to populate the object, check to make sure this command returns at least one valid object.
INFO: [Common 17-14] Message 'Common 17-55' appears 100 times and further instances of the messages will be disabled. Use the Tcl command set_msg_config to change the current settings. [F:/111111/exp_1.srcs/constrs_1/new/alu.xdc:32]
Finished Parsing XDC File [F:/111111/exp_1.srcs/constrs_1/new/alu.xdc]
INFO: [Opt 31-138] Pushed 0 inverter(s) to 0 load pin(s).
Netlist sorting complete. Time (s): cpu = 00:00:00 ; elapsed = 00:00:00 . Memory (MB): peak = 1809.340 ; gain = 0.000
INFO: [Project 1-111] Unisim Transformation Summary:
No Unisim elements were transformed.

launch_runs impl_1 -to_step write_bitstream -jobs 2
Netlist sorting complete. Time (s): cpu = 00:00:00 ; elapsed = 00:00:00.001 . Memory (MB): peak = 2023.438 ; gain = 0.000
INFO: [Timing 38-480] Writing timing data to binary archive.
[Wed Nov  2 11:46:28 2022] Launched impl_1...
Run output will be captured here: F:/111111/exp_1.runs/impl_1/runme.log
launch_runs: Time (s): cpu = 00:00:01 ; elapsed = 00:00:05 . Memory (MB): peak = 2041.387 ; gain = 18.008
open_hw
connect_hw_server
INFO: [Labtools 27-2285] Connecting to hw_server url TCP:localhost:3121
INFO: [Labtools 27-2222] Launching hw_server...
INFO: [Labtools 27-2221] Launch Output:

****** Xilinx hw_server v2019.1
  **** Build date : May 24 2019 at 15:13:31
    ** Copyright 1986-2019 Xilinx, Inc. All Rights Reserved.


open_hw_target
INFO: [Labtoolstcl 44-466] Opening hw_target localhost:3121/xilinx_tcf/Digilent/210251A08870
current_hw_device [get_hw_devices xc7a200t_0]
refresh_hw_device -update_hw_probes false [lindex [get_hw_devices xc7a200t_0] 0]
INFO: [Labtools 27-1435] Device xc7a200t (JTAG device index = 0) is not programmed (DONE status = 0).
create_hw_cfgmem -hw_device [get_hw_devices xc7a200t_0] -mem_dev [lindex [get_cfgmem_parts {28f00am29ew-bpi-x16}] 0]
refresh_hw_device [lindex [get_hw_devices xc7a200t_0] 0]
INFO: [Labtools 27-1435] Device xc7a200t (JTAG device index = 0) is not programmed (DONE status = 0).
exit
INFO: [Common 17-206] Exiting Vivado at Wed Nov  2 11:56:11 2022...
