#-----------------------------------------------------------
# Vivado v2019.1 (64-bit)
# SW Build 2552052 on Fri May 24 14:49:42 MDT 2019
# IP Build 2548770 on Fri May 24 18:01:18 MDT 2019
# Start of session at: Wed Nov  2 09:31:07 2022
# Process ID: 748
# Current directory: C:/Users/lenovo/Desktop/11411
# Command line: vivado.exe -gui_launcher_event rodinguilauncherevent4040 C:\Users\lenovo\Desktop\11411\exp_1.xpr
# Log file: C:/Users/lenovo/Desktop/11411/vivado.log
# Journal file: C:/Users/lenovo/Desktop/11411\vivado.jou
#-----------------------------------------------------------
start_gui
open_project C:/Users/lenovo/Desktop/11411/exp_1.xpr
update_compile_order -fileset sources_1
reset_run synth_1
launch_runs synth_1 -jobs 2
wait_on_run synth_1
open_run synth_1 -name synth_1
open_hw
connect_hw_server
open_hw_target
refresh_hw_target {localhost:3121/xilinx_tcf/Digilent/210251A08870}
close_hw_target {localhost:3121/xilinx_tcf/Digilent/210251A08870}
disconnect_hw_server localhost:3121
connect_hw_server
open_hw_target
launch_runs impl_1 -to_step write_bitstream
wait_on_run impl_1
close_hw_target {localhost:3121/xilinx_tcf/Digilent/210251A08870}
disconnect_hw_server localhost:3121
connect_hw_server
open_hw_target
close_hw_target {localhost:3121/xilinx_tcf/Digilent/210251A08870}
open_run impl_1
disconnect_hw_server localhost:3121
connect_hw_server
open_hw_target
