
*** Running vivado
    with args -log single_cycle_cpu.vds -m64 -product Vivado -mode batch -messageDb vivado.pb -notrace -source single_cycle_cpu.tcl



****** Vivado v2022.2 (64-bit)
  **** SW Build 3671981 on Fri Oct 14 05:00:03 MDT 2022
  **** IP Build 3669848 on Fri Oct 14 08:30:02 MDT 2022
    ** Copyright 1986-2022 Xilinx, Inc. All Rights Reserved.

source single_cycle_cpu.tcl -notrace
Command: synth_design -top single_cycle_cpu -part xc7a200tfbg676-2
Starting synth_design
Attempting to get a license for feature 'Synthesis' and/or device 'xc7a200t'
INFO: [Common 17-349] Got license for feature 'Synthesis' and/or device 'xc7a200t'
INFO: [Synth 8-7079] Multithreading enabled for synth_design using a maximum of 2 processes.
INFO: [Synth 8-7078] Launching helper process for spawning children vivado processes
INFO: [Synth 8-7075] Helper process launched with PID 15576
INFO: [Synth 8-11241] undeclared symbol 'REGCCE', assumed default net type 'wire' [G:/Downloads/Vivado/2022.2/data/verilog/src/unimacro/BRAM_SINGLE_MACRO.v:2170]
WARNING: [Synth 8-6901] identifier 'rs_value' is used before its declaration [C:/Users/HP/Desktop/single_cycle_cpu.v:115]
WARNING: [Synth 8-6901] identifier 'rt_value' is used before its declaration [C:/Users/HP/Desktop/single_cycle_cpu.v:115]
---------------------------------------------------------------------------------
Starting Synthesize : Time (s): cpu = 00:00:05 ; elapsed = 00:00:05 . Memory (MB): peak = 832.555 ; gain = 412.574
---------------------------------------------------------------------------------
INFO: [Synth 8-6157] synthesizing module 'single_cycle_cpu' [C:/Users/HP/Desktop/single_cycle_cpu.v:9]
INFO: [Synth 8-6157] synthesizing module 'inst_rom' [C:/Users/HP/Desktop/inst_rom.v:5]
INFO: [Synth 8-6155] done synthesizing module 'inst_rom' (0#1) [C:/Users/HP/Desktop/inst_rom.v:5]
INFO: [Synth 8-6157] synthesizing module 'regfile' [C:/Users/HP/Desktop/regfile.v:7]
INFO: [Synth 8-6155] done synthesizing module 'regfile' (0#1) [C:/Users/HP/Desktop/regfile.v:7]
INFO: [Synth 8-6157] synthesizing module 'alu' [C:/Users/HP/Desktop/alu.v:8]
INFO: [Synth 8-6157] synthesizing module 'adder' [C:/Users/HP/Desktop/adder.v:8]
INFO: [Synth 8-6155] done synthesizing module 'adder' (0#1) [C:/Users/HP/Desktop/adder.v:8]
INFO: [Synth 8-6155] done synthesizing module 'alu' (0#1) [C:/Users/HP/Desktop/alu.v:8]
INFO: [Synth 8-6157] synthesizing module 'data_ram' [C:/Users/HP/Desktop/data_ram.v:8]
INFO: [Synth 8-6155] done synthesizing module 'data_ram' (0#1) [C:/Users/HP/Desktop/data_ram.v:8]
INFO: [Synth 8-6155] done synthesizing module 'single_cycle_cpu' (0#1) [C:/Users/HP/Desktop/single_cycle_cpu.v:9]
WARNING: [Synth 8-6014] Unused sequential element rf_reg[0] was removed.  [C:/Users/HP/Desktop/regfile.v:30]
WARNING: [Synth 8-7129] Port mem_addr[31] in module single_cycle_cpu is either unconnected or has no load
WARNING: [Synth 8-7129] Port mem_addr[30] in module single_cycle_cpu is either unconnected or has no load
WARNING: [Synth 8-7129] Port mem_addr[29] in module single_cycle_cpu is either unconnected or has no load
WARNING: [Synth 8-7129] Port mem_addr[28] in module single_cycle_cpu is either unconnected or has no load
WARNING: [Synth 8-7129] Port mem_addr[27] in module single_cycle_cpu is either unconnected or has no load
WARNING: [Synth 8-7129] Port mem_addr[26] in module single_cycle_cpu is either unconnected or has no load
WARNING: [Synth 8-7129] Port mem_addr[25] in module single_cycle_cpu is either unconnected or has no load
WARNING: [Synth 8-7129] Port mem_addr[24] in module single_cycle_cpu is either unconnected or has no load
WARNING: [Synth 8-7129] Port mem_addr[23] in module single_cycle_cpu is either unconnected or has no load
WARNING: [Synth 8-7129] Port mem_addr[22] in module single_cycle_cpu is either unconnected or has no load
WARNING: [Synth 8-7129] Port mem_addr[21] in module single_cycle_cpu is either unconnected or has no load
WARNING: [Synth 8-7129] Port mem_addr[20] in module single_cycle_cpu is either unconnected or has no load
WARNING: [Synth 8-7129] Port mem_addr[19] in module single_cycle_cpu is either unconnected or has no load
WARNING: [Synth 8-7129] Port mem_addr[18] in module single_cycle_cpu is either unconnected or has no load
WARNING: [Synth 8-7129] Port mem_addr[17] in module single_cycle_cpu is either unconnected or has no load
WARNING: [Synth 8-7129] Port mem_addr[16] in module single_cycle_cpu is either unconnected or has no load
WARNING: [Synth 8-7129] Port mem_addr[15] in module single_cycle_cpu is either unconnected or has no load
WARNING: [Synth 8-7129] Port mem_addr[14] in module single_cycle_cpu is either unconnected or has no load
WARNING: [Synth 8-7129] Port mem_addr[13] in module single_cycle_cpu is either unconnected or has no load
WARNING: [Synth 8-7129] Port mem_addr[12] in module single_cycle_cpu is either unconnected or has no load
WARNING: [Synth 8-7129] Port mem_addr[11] in module single_cycle_cpu is either unconnected or has no load
WARNING: [Synth 8-7129] Port mem_addr[10] in module single_cycle_cpu is either unconnected or has no load
WARNING: [Synth 8-7129] Port mem_addr[9] in module single_cycle_cpu is either unconnected or has no load
WARNING: [Synth 8-7129] Port mem_addr[8] in module single_cycle_cpu is either unconnected or has no load
WARNING: [Synth 8-7129] Port mem_addr[7] in module single_cycle_cpu is either unconnected or has no load
WARNING: [Synth 8-7129] Port mem_addr[1] in module single_cycle_cpu is either unconnected or has no load
WARNING: [Synth 8-7129] Port mem_addr[0] in module single_cycle_cpu is either unconnected or has no load
---------------------------------------------------------------------------------
Finished Synthesize : Time (s): cpu = 00:00:07 ; elapsed = 00:00:07 . Memory (MB): peak = 944.324 ; gain = 524.344
---------------------------------------------------------------------------------
---------------------------------------------------------------------------------
Finished Constraint Validation : Time (s): cpu = 00:00:08 ; elapsed = 00:00:08 . Memory (MB): peak = 944.324 ; gain = 524.344
---------------------------------------------------------------------------------
---------------------------------------------------------------------------------
Start Loading Part and Timing Information
---------------------------------------------------------------------------------
Loading part: xc7a200tfbg676-2
---------------------------------------------------------------------------------
INFO: [Device 21-403] Loading part xc7a200tfbg676-2
Finished Loading Part and Timing Information : Time (s): cpu = 00:00:08 ; elapsed = 00:00:08 . Memory (MB): peak = 944.324 ; gain = 524.344
---------------------------------------------------------------------------------
---------------------------------------------------------------------------------
Finished RTL Optimization Phase 2 : Time (s): cpu = 00:00:09 ; elapsed = 00:00:09 . Memory (MB): peak = 944.324 ; gain = 524.344
---------------------------------------------------------------------------------
No constraint files found.
---------------------------------------------------------------------------------
Start RTL Component Statistics 
---------------------------------------------------------------------------------
Detailed RTL Component Info : 
+---Adders : 
	   3 Input   33 Bit       Adders := 1     
	   2 Input   30 Bit       Adders := 2     
+---XORs : 
	   2 Input     32 Bit         XORs := 1     
	   2 Input      1 Bit         XORs := 1     
+---Registers : 
	               32 Bit    Registers := 32    
	                8 Bit    Registers := 128   
+---Muxes : 
	   2 Input   32 Bit        Muxes := 12    
	   3 Input   32 Bit        Muxes := 1     
	   2 Input   30 Bit        Muxes := 1     
	   8 Input   30 Bit        Muxes := 1     
	   2 Input    5 Bit        Muxes := 1     
	   2 Input    2 Bit        Muxes := 2     
	   2 Input    1 Bit        Muxes := 63    
---------------------------------------------------------------------------------
Finished RTL Component Statistics 
---------------------------------------------------------------------------------
---------------------------------------------------------------------------------
Start Part Resource Summary
---------------------------------------------------------------------------------
Part Resources:
DSPs: 740 (col length:100)
BRAMs: 730 (col length: RAMB18 100 RAMB36 50)
---------------------------------------------------------------------------------
Finished Part Resource Summary
---------------------------------------------------------------------------------
No constraint files found.
---------------------------------------------------------------------------------
Start Cross Boundary and Area Optimization
---------------------------------------------------------------------------------
WARNING: [Synth 8-7080] Parallel synthesis criteria is not met
WARNING: [Synth 8-3917] design single_cycle_cpu has port cpu_inst[31] driven by constant 0
WARNING: [Synth 8-3917] design single_cycle_cpu has port cpu_inst[30] driven by constant 0
WARNING: [Synth 8-3917] design single_cycle_cpu has port cpu_inst[28] driven by constant 0
WARNING: [Synth 8-3917] design single_cycle_cpu has port cpu_inst[25] driven by constant 0
WARNING: [Synth 8-3917] design single_cycle_cpu has port cpu_inst[24] driven by constant 0
WARNING: [Synth 8-3917] design single_cycle_cpu has port cpu_inst[23] driven by constant 0
WARNING: [Synth 8-3917] design single_cycle_cpu has port cpu_inst[20] driven by constant 0
WARNING: [Synth 8-3917] design single_cycle_cpu has port cpu_inst[19] driven by constant 0
WARNING: [Synth 8-3917] design single_cycle_cpu has port cpu_inst[18] driven by constant 0
WARNING: [Synth 8-3917] design single_cycle_cpu has port cpu_inst[15] driven by constant 0
WARNING: [Synth 8-3917] design single_cycle_cpu has port cpu_inst[14] driven by constant 0
WARNING: [Synth 8-3917] design single_cycle_cpu has port cpu_inst[10] driven by constant 0
WARNING: [Synth 8-3917] design single_cycle_cpu has port cpu_inst[9] driven by constant 0
WARNING: [Synth 8-3917] design single_cycle_cpu has port cpu_inst[8] driven by constant 0
WARNING: [Synth 8-3917] design single_cycle_cpu has port cpu_inst[7] driven by constant 0
WARNING: [Synth 8-3917] design single_cycle_cpu has port cpu_inst[4] driven by constant 0
WARNING: [Synth 8-3917] design single_cycle_cpu has port cpu_inst[3] driven by constant 0
WARNING: [Synth 8-7129] Port mem_addr[31] in module single_cycle_cpu is either unconnected or has no load
WARNING: [Synth 8-7129] Port mem_addr[30] in module single_cycle_cpu is either unconnected or has no load
WARNING: [Synth 8-7129] Port mem_addr[29] in module single_cycle_cpu is either unconnected or has no load
WARNING: [Synth 8-7129] Port mem_addr[28] in module single_cycle_cpu is either unconnected or has no load
WARNING: [Synth 8-7129] Port mem_addr[27] in module single_cycle_cpu is either unconnected or has no load
WARNING: [Synth 8-7129] Port mem_addr[26] in module single_cycle_cpu is either unconnected or has no load
WARNING: [Synth 8-7129] Port mem_addr[25] in module single_cycle_cpu is either unconnected or has no load
WARNING: [Synth 8-7129] Port mem_addr[24] in module single_cycle_cpu is either unconnected or has no load
WARNING: [Synth 8-7129] Port mem_addr[23] in module single_cycle_cpu is either unconnected or has no load
WARNING: [Synth 8-7129] Port mem_addr[22] in module single_cycle_cpu is either unconnected or has no load
WARNING: [Synth 8-7129] Port mem_addr[21] in module single_cycle_cpu is either unconnected or has no load
WARNING: [Synth 8-7129] Port mem_addr[20] in module single_cycle_cpu is either unconnected or has no load
WARNING: [Synth 8-7129] Port mem_addr[19] in module single_cycle_cpu is either unconnected or has no load
WARNING: [Synth 8-7129] Port mem_addr[18] in module single_cycle_cpu is either unconnected or has no load
WARNING: [Synth 8-7129] Port mem_addr[17] in module single_cycle_cpu is either unconnected or has no load
WARNING: [Synth 8-7129] Port mem_addr[16] in module single_cycle_cpu is either unconnected or has no load
WARNING: [Synth 8-7129] Port mem_addr[15] in module single_cycle_cpu is either unconnected or has no load
WARNING: [Synth 8-7129] Port mem_addr[14] in module single_cycle_cpu is either unconnected or has no load
WARNING: [Synth 8-7129] Port mem_addr[13] in module single_cycle_cpu is either unconnected or has no load
WARNING: [Synth 8-7129] Port mem_addr[12] in module single_cycle_cpu is either unconnected or has no load
WARNING: [Synth 8-7129] Port mem_addr[11] in module single_cycle_cpu is either unconnected or has no load
WARNING: [Synth 8-7129] Port mem_addr[10] in module single_cycle_cpu is either unconnected or has no load
WARNING: [Synth 8-7129] Port mem_addr[9] in module single_cycle_cpu is either unconnected or has no load
WARNING: [Synth 8-7129] Port mem_addr[8] in module single_cycle_cpu is either unconnected or has no load
WARNING: [Synth 8-7129] Port mem_addr[7] in module single_cycle_cpu is either unconnected or has no load
WARNING: [Synth 8-7129] Port mem_addr[1] in module single_cycle_cpu is either unconnected or has no load
WARNING: [Synth 8-7129] Port mem_addr[0] in module single_cycle_cpu is either unconnected or has no load
---------------------------------------------------------------------------------
Finished Cross Boundary and Area Optimization : Time (s): cpu = 00:00:18 ; elapsed = 00:00:20 . Memory (MB): peak = 1213.992 ; gain = 794.012
---------------------------------------------------------------------------------
No constraint files found.
---------------------------------------------------------------------------------
Start Timing Optimization
---------------------------------------------------------------------------------
---------------------------------------------------------------------------------
Finished Timing Optimization : Time (s): cpu = 00:00:18 ; elapsed = 00:00:20 . Memory (MB): peak = 1213.992 ; gain = 794.012
---------------------------------------------------------------------------------
---------------------------------------------------------------------------------
Start Technology Mapping
---------------------------------------------------------------------------------
---------------------------------------------------------------------------------
Finished Technology Mapping : Time (s): cpu = 00:00:19 ; elapsed = 00:00:20 . Memory (MB): peak = 1213.992 ; gain = 794.012
---------------------------------------------------------------------------------
---------------------------------------------------------------------------------
Start IO Insertion
---------------------------------------------------------------------------------
---------------------------------------------------------------------------------
Start Flattening Before IO Insertion
---------------------------------------------------------------------------------
---------------------------------------------------------------------------------
Finished Flattening Before IO Insertion
---------------------------------------------------------------------------------
---------------------------------------------------------------------------------
Start Final Netlist Cleanup
---------------------------------------------------------------------------------
---------------------------------------------------------------------------------
Finished Final Netlist Cleanup
---------------------------------------------------------------------------------
---------------------------------------------------------------------------------
Finished IO Insertion : Time (s): cpu = 00:00:23 ; elapsed = 00:00:25 . Memory (MB): peak = 1213.992 ; gain = 794.012
---------------------------------------------------------------------------------
---------------------------------------------------------------------------------
Start Renaming Generated Instances
---------------------------------------------------------------------------------
---------------------------------------------------------------------------------
Finished Renaming Generated Instances : Time (s): cpu = 00:00:23 ; elapsed = 00:00:25 . Memory (MB): peak = 1213.992 ; gain = 794.012
---------------------------------------------------------------------------------
---------------------------------------------------------------------------------
Start Rebuilding User Hierarchy
---------------------------------------------------------------------------------
---------------------------------------------------------------------------------
Finished Rebuilding User Hierarchy : Time (s): cpu = 00:00:23 ; elapsed = 00:00:25 . Memory (MB): peak = 1213.992 ; gain = 794.012
---------------------------------------------------------------------------------
---------------------------------------------------------------------------------
Start Renaming Generated Ports
---------------------------------------------------------------------------------
---------------------------------------------------------------------------------
Finished Renaming Generated Ports : Time (s): cpu = 00:00:23 ; elapsed = 00:00:25 . Memory (MB): peak = 1213.992 ; gain = 794.012
---------------------------------------------------------------------------------
---------------------------------------------------------------------------------
Start Handling Custom Attributes
---------------------------------------------------------------------------------
---------------------------------------------------------------------------------
Finished Handling Custom Attributes : Time (s): cpu = 00:00:23 ; elapsed = 00:00:25 . Memory (MB): peak = 1213.992 ; gain = 794.012
---------------------------------------------------------------------------------
---------------------------------------------------------------------------------
Start Renaming Generated Nets
---------------------------------------------------------------------------------
---------------------------------------------------------------------------------
Finished Renaming Generated Nets : Time (s): cpu = 00:00:23 ; elapsed = 00:00:25 . Memory (MB): peak = 1213.992 ; gain = 794.012
---------------------------------------------------------------------------------
---------------------------------------------------------------------------------
Start Writing Synthesis Report
---------------------------------------------------------------------------------

Report BlackBoxes: 
+-+--------------+----------+
| |BlackBox name |Instances |
+-+--------------+----------+
+-+--------------+----------+

Report Cell Usage: 
+------+-------+------+
|      |Cell   |Count |
+------+-------+------+
|1     |BUFG   |     1|
|2     |CARRY4 |    16|
|3     |LUT1   |     1|
|4     |LUT2   |     8|
|5     |LUT3   |    36|
|6     |LUT4   |    16|
|7     |LUT5   |   150|
|8     |LUT6   |   512|
|9     |FDRE   |   254|
|10    |IBUF   |     7|
|11    |OBUF   |   128|
+------+-------+------+

Report Instance Areas: 
+------+-----------------+--------+------+
|      |Instance         |Module  |Cells |
+------+-----------------+--------+------+
|1     |top              |        |  1129|
|2     |  alu_module     |alu     |    22|
|3     |    adder_module |adder   |    22|
|4     |  rf_module      |regfile |   898|
+------+-----------------+--------+------+
---------------------------------------------------------------------------------
Finished Writing Synthesis Report : Time (s): cpu = 00:00:23 ; elapsed = 00:00:25 . Memory (MB): peak = 1213.992 ; gain = 794.012
---------------------------------------------------------------------------------
Synthesis finished with 0 errors, 0 critical warnings and 75 warnings.
Synthesis Optimization Runtime : Time (s): cpu = 00:00:23 ; elapsed = 00:00:25 . Memory (MB): peak = 1213.992 ; gain = 794.012
Synthesis Optimization Complete : Time (s): cpu = 00:00:23 ; elapsed = 00:00:25 . Memory (MB): peak = 1213.992 ; gain = 794.012
INFO: [Project 1-571] Translating synthesized netlist
Netlist sorting complete. Time (s): cpu = 00:00:00 ; elapsed = 00:00:00.012 . Memory (MB): peak = 1216.918 ; gain = 0.000
INFO: [Netlist 29-17] Analyzing 16 Unisim elements for replacement
INFO: [Netlist 29-28] Unisim Transformation completed in 0 CPU seconds
INFO: [Project 1-570] Preparing netlist for logic optimization
INFO: [Opt 31-138] Pushed 0 inverter(s) to 0 load pin(s).
Netlist sorting complete. Time (s): cpu = 00:00:00 ; elapsed = 00:00:00 . Memory (MB): peak = 1282.129 ; gain = 0.000
INFO: [Project 1-111] Unisim Transformation Summary:
No Unisim elements were transformed.

Synth Design complete, checksum: bea2bc9c
INFO: [Common 17-83] Releasing license: Synthesis
25 Infos, 75 Warnings, 0 Critical Warnings and 0 Errors encountered.
synth_design completed successfully
synth_design: Time (s): cpu = 00:00:25 ; elapsed = 00:00:28 . Memory (MB): peak = 1282.129 ; gain = 886.988
INFO: [Common 17-1381] The checkpoint 'C:/Users/HP/Desktop/xun/xun.runs/synth_1/single_cycle_cpu.dcp' has been generated.
INFO: [runtcl-4] Executing : report_utilization -file single_cycle_cpu_utilization_synth.rpt -pb single_cycle_cpu_utilization_synth.pb
INFO: [Common 17-206] Exiting Vivado at Fri Nov 25 19:10:20 2022...
