#-----------------------------------------------------------
# Vivado v2019.1 (64-bit)
# SW Build 2552052 on Fri May 24 14:49:42 MDT 2019
# IP Build 2548770 on Fri May 24 18:01:18 MDT 2019
# Start of session at: Wed Nov  2 09:45:40 2022
# Process ID: 3680
# Current directory: C:/Users/lenovo/Desktop/11411
# Command line: vivado.exe -gui_launcher_event rodinguilauncherevent3528 C:\Users\lenovo\Desktop\11411\exp_1.xpr
# Log file: C:/Users/lenovo/Desktop/11411/vivado.log
# Journal file: C:/Users/lenovo/Desktop/11411\vivado.jou
#-----------------------------------------------------------
start_gui
open_project C:/Users/lenovo/Desktop/11411/exp_1.xpr
update_compile_order -fileset sources_1
reset_run synth_1
launch_runs synth_1 -jobs 2
wait_on_run synth_1
open_run synth_1 -name synth_1
launch_runs impl_1
wait_on_run impl_1
launch_runs impl_1 -to_step write_bitstream
wait_on_run impl_1
open_hw
connect_hw_server
open_hw_target
set_property PROGRAM.FILE {C:/Users/lenovo/Desktop/11411/exp_1.runs/impl_1/adder_display.bit} [get_hw_devices xc7a200t_0]
current_hw_device [get_hw_devices xc7a200t_0]
refresh_hw_device -update_hw_probes false [lindex [get_hw_devices xc7a200t_0] 0]
create_hw_cfgmem -hw_device [get_hw_devices xc7a200t_0] -mem_dev [lindex [get_cfgmem_parts {28f00am29ew-bpi-x16}] 0]
set_property PROBES.FILE {} [get_hw_devices xc7a200t_0]
set_property FULL_PROBES.FILE {} [get_hw_devices xc7a200t_0]
set_property PROGRAM.FILE {C:/Users/lenovo/Desktop/11411/exp_1.runs/impl_1/adder_display.bit} [get_hw_devices xc7a200t_0]
program_hw_devices [get_hw_devices xc7a200t_0]
refresh_hw_device [lindex [get_hw_devices xc7a200t_0] 0]
set_property IOSTANDARD LVCMOS33 [get_ports [list clk]]
set_property IOSTANDARD LVCMOS33 [get_ports [list {lcd_data_io[15]} {lcd_data_io[14]} {lcd_data_io[13]} {lcd_data_io[12]} {lcd_data_io[11]} {lcd_data_io[10]} {lcd_data_io[9]} {lcd_data_io[8]} {lcd_data_io[7]} {lcd_data_io[6]} {lcd_data_io[5]} {lcd_data_io[4]} {lcd_data_io[3]} {lcd_data_io[2]} {lcd_data_io[1]} {lcd_data_io[0]}]]
set_property IOSTANDARD LVCMOS33 [get_ports [list {lcd_data_io[15]}]]
set_property IOSTANDARD LVCMOS33 [get_ports [list {lcd_data_io[15]} {lcd_data_io[14]} {lcd_data_io[13]} {lcd_data_io[12]} {lcd_data_io[11]} {lcd_data_io[10]} {lcd_data_io[9]} {lcd_data_io[8]} {lcd_data_io[7]} {lcd_data_io[6]} {lcd_data_io[5]} {lcd_data_io[4]} {lcd_data_io[3]} {lcd_data_io[2]} {lcd_data_io[1]} {lcd_data_io[0]}]]
set_property IOSTANDARD LVCMOS33 [get_ports [list {lcd_data_io[14]}]]
set_property IOSTANDARD LVCMOS33 [get_ports [list clk]]
set_property IOSTANDARD LVCMOS33 [get_ports [list {lcd_data_io[15]} {lcd_data_io[14]} {lcd_data_io[13]} {lcd_data_io[12]} {lcd_data_io[11]} {lcd_data_io[10]} {lcd_data_io[9]} {lcd_data_io[8]} {lcd_data_io[7]} {lcd_data_io[6]} {lcd_data_io[5]} {lcd_data_io[4]} {lcd_data_io[3]} {lcd_data_io[2]} {lcd_data_io[1]} {lcd_data_io[0]}]]
set_property IOSTANDARD LVCMOS33 [get_ports [list {lcd_data_io[14]}]]
save_constraints
reset_run synth_1
launch_runs synth_1
wait_on_run synth_1
close_design
open_run synth_1 -name synth_1
launch_runs impl_1
wait_on_run impl_1
launch_runs impl_1 -to_step write_bitstream
wait_on_run impl_1
set_property PROBES.FILE {} [get_hw_devices xc7a200t_0]
set_property FULL_PROBES.FILE {} [get_hw_devices xc7a200t_0]
set_property PROGRAM.FILE {C:/Users/lenovo/Desktop/11411/exp_1.runs/impl_1/adder_display.bit} [get_hw_devices xc7a200t_0]
program_hw_devices [get_hw_devices xc7a200t_0]
refresh_hw_device [lindex [get_hw_devices xc7a200t_0] 0]
