
*** Running vivado
    with args -log adder_display.vds -m64 -product Vivado -mode batch -messageDb vivado.pb -notrace -source adder_display.tcl



****** Vivado v2021.1 (64-bit)
  **** SW Build 3247384 on Thu Jun 10 19:36:33 MDT 2021
  **** IP Build 3246043 on Fri Jun 11 00:30:35 MDT 2021
    ** Copyright 1986-2021 Xilinx, Inc. All Rights Reserved.

source adder_display.tcl -notrace
Command: synth_design -top adder_display -part xc7a200tfbg676-2
Starting synth_design
Attempting to get a license for feature 'Synthesis' and/or device 'xc7a200t'
INFO: [Common 17-349] Got license for feature 'Synthesis' and/or device 'xc7a200t'
INFO: [Device 21-403] Loading part xc7a200tfbg676-2
INFO: [Synth 8-7079] Multithreading enabled for synth_design using a maximum of 2 processes.
INFO: [Synth 8-7078] Launching helper process for spawning children vivado processes
INFO: [Synth 8-7075] Helper process launched with PID 27996
---------------------------------------------------------------------------------
Starting RTL Elaboration : Time (s): cpu = 00:00:01 ; elapsed = 00:00:03 . Memory (MB): peak = 1145.496 ; gain = 0.000
---------------------------------------------------------------------------------
INFO: [Synth 8-6157] synthesizing module 'adder_display' [E:/ä¯ÀÀÆ÷ÏÂÔØ/aaa/projects/project_1/project_1.srcs/sources_1/imports/×éÔ­/adder_display.v:7]
INFO: [Synth 8-6157] synthesizing module 'adder' [E:/ä¯ÀÀÆ÷ÏÂÔØ/aaa/projects/project_1/project_1.srcs/sources_1/imports/1_adder/adder.v:8]
INFO: [Synth 8-6155] done synthesizing module 'adder' (1#1) [E:/ä¯ÀÀÆ÷ÏÂÔØ/aaa/projects/project_1/project_1.srcs/sources_1/imports/1_adder/adder.v:8]
INFO: [Synth 8-6157] synthesizing module 'lcd_module' [E:/ä¯ÀÀÆ÷ÏÂÔØ/aaa/projects/project_1/project_1.runs/synth_1/.Xil/Vivado-41192-tishuan/realtime/lcd_module_stub.v:6]
INFO: [Synth 8-6155] done synthesizing module 'lcd_module' (2#1) [E:/ä¯ÀÀÆ÷ÏÂÔØ/aaa/projects/project_1/project_1.runs/synth_1/.Xil/Vivado-41192-tishuan/realtime/lcd_module_stub.v:6]
INFO: [Synth 8-6155] done synthesizing module 'adder_display' (3#1) [E:/ä¯ÀÀÆ÷ÏÂÔØ/aaa/projects/project_1/project_1.srcs/sources_1/imports/×éÔ­/adder_display.v:7]
TclStackFree: incorrect freePtr. Call out of sequence?
