
*** Running vivado
    with args -log register_display.vds -m64 -product Vivado -mode batch -messageDb vivado.pb -notrace -source register_display.tcl


****** Vivado v2019.2 (64-bit)
  **** SW Build 2708876 on Wed Nov  6 21:40:23 MST 2019
  **** IP Build 2700528 on Thu Nov  7 00:09:20 MST 2019
    ** Copyright 1986-2019 Xilinx, Inc. All Rights Reserved.

source register_display.tcl -notrace
Command: synth_design -top register_display -part xc7a200tfbg676-2
Starting synth_design
Attempting to get a license for feature 'Synthesis' and/or device 'xc7a200t'
INFO: [Common 17-349] Got license for feature 'Synthesis' and/or device 'xc7a200t'
INFO: [Device 21-403] Loading part xc7a200tfbg676-2
INFO: Launching helper process for spawning children vivado processes
INFO: Helper process launched with PID 7904 
---------------------------------------------------------------------------------
Starting RTL Elaboration : Time (s): cpu = 00:00:00 ; elapsed = 00:00:02 . Memory (MB): peak = 968.328 ; gain = 235.371
---------------------------------------------------------------------------------
INFO: [Synth 8-6157] synthesizing module 'register_display' [C:/Users/PrimeBo/Desktop/Files/GRADE 3.1/Computer Organization/Experiments/RAM/adder_display.v:5]
INFO: [Synth 8-6157] synthesizing module 'RAM' [C:/Users/PrimeBo/Desktop/Files/GRADE 3.1/Computer Organization/Experiments/RAM/RAM/RAM.srcs/sources_1/new/RAM.v:23]
INFO: [Synth 8-6155] done synthesizing module 'RAM' (1#1) [C:/Users/PrimeBo/Desktop/Files/GRADE 3.1/Computer Organization/Experiments/RAM/RAM/RAM.srcs/sources_1/new/RAM.v:23]
INFO: [Synth 8-6157] synthesizing module 'lcd_module' [C:/Users/PrimeBo/Desktop/Files/GRADE 3.1/Computer Organization/Experiments/RAM/RAM/RAM.runs/synth_1/.Xil/Vivado-27044-LaptopForPrimeBo/realtime/lcd_module_stub.v:6]
INFO: [Synth 8-6155] done synthesizing module 'lcd_module' (2#1) [C:/Users/PrimeBo/Desktop/Files/GRADE 3.1/Computer Organization/Experiments/RAM/RAM/RAM.runs/synth_1/.Xil/Vivado-27044-LaptopForPrimeBo/realtime/lcd_module_stub.v:6]
INFO: [Synth 8-6155] done synthesizing module 'register_display' (3#1) [C:/Users/PrimeBo/Desktop/Files/GRADE 3.1/Computer Organization/Experiments/RAM/adder_display.v:5]
---------------------------------------------------------------------------------
Finished RTL Elaboration : Time (s): cpu = 00:00:00 ; elapsed = 00:00:03 . Memory (MB): peak = 1041.125 ; gain = 308.168
---------------------------------------------------------------------------------

Report Check Netlist: 
+------+------------------+-------+---------+-------+------------------+
|      |Item              |Errors |Warnings |Status |Description       |
+------+------------------+-------+---------+-------+------------------+
|1     |multi_driven_nets |      0|        0|Passed |Multi driven nets |
+------+------------------+-------+---------+-------+------------------+
---------------------------------------------------------------------------------
Start Handling Custom Attributes
---------------------------------------------------------------------------------
---------------------------------------------------------------------------------
Finished Handling Custom Attributes : Time (s): cpu = 00:00:00 ; elapsed = 00:00:04 . Memory (MB): peak = 1041.125 ; gain = 308.168
---------------------------------------------------------------------------------
---------------------------------------------------------------------------------
Finished RTL Optimization Phase 1 : Time (s): cpu = 00:00:00 ; elapsed = 00:00:04 . Memory (MB): peak = 1041.125 ; gain = 308.168
---------------------------------------------------------------------------------
Netlist sorting complete. Time (s): cpu = 00:00:00 ; elapsed = 00:00:00.004 . Memory (MB): peak = 1041.125 ; gain = 0.000
INFO: [Project 1-570] Preparing netlist for logic optimization

Processing XDC Constraints
Initializing timing engine
Parsing XDC File [C:/Users/PrimeBo/Desktop/Files/GRADE 3.1/Computer Organization/Experiments/RAM/RAM/RAM.srcs/constrs_1/new/constrain.xdc]
Finished Parsing XDC File [C:/Users/PrimeBo/Desktop/Files/GRADE 3.1/Computer Organization/Experiments/RAM/RAM/RAM.srcs/constrs_1/new/constrain.xdc]
INFO: [Project 1-236] Implementation specific constraints were found while reading constraint file [C:/Users/PrimeBo/Desktop/Files/GRADE 3.1/Computer Organization/Experiments/RAM/RAM/RAM.srcs/constrs_1/new/constrain.xdc]. These constraints will be ignored for synthesis but will be used in implementation. Impacted constraints are listed in the file [.Xil/register_display_propImpl.xdc].
Resolution: To avoid this warning, move constraints listed in [.Xil/register_display_propImpl.xdc] to another XDC file and exclude this new file from synthesis with the used_in_synthesis property (File Properties dialog in GUI) and re-run elaboration/synthesis.
Completed Processing XDC Constraints

Netlist sorting complete. Time (s): cpu = 00:00:00 ; elapsed = 00:00:00 . Memory (MB): peak = 1123.410 ; gain = 0.000
INFO: [Project 1-111] Unisim Transformation Summary:
No Unisim elements were transformed.

Constraint Validation Runtime : Time (s): cpu = 00:00:00 ; elapsed = 00:00:00.001 . Memory (MB): peak = 1123.410 ; gain = 0.000
---------------------------------------------------------------------------------
Finished Constraint Validation : Time (s): cpu = 00:00:00 ; elapsed = 00:00:08 . Memory (MB): peak = 1123.410 ; gain = 390.453
---------------------------------------------------------------------------------
---------------------------------------------------------------------------------
Start Loading Part and Timing Information
---------------------------------------------------------------------------------
Loading part: xc7a200tfbg676-2
---------------------------------------------------------------------------------
Finished Loading Part and Timing Information : Time (s): cpu = 00:00:00 ; elapsed = 00:00:08 . Memory (MB): peak = 1123.410 ; gain = 390.453
---------------------------------------------------------------------------------
---------------------------------------------------------------------------------
Start Applying 'set_property' XDC Constraints
---------------------------------------------------------------------------------
---------------------------------------------------------------------------------
Finished applying 'set_property' XDC Constraints : Time (s): cpu = 00:00:00 ; elapsed = 00:00:08 . Memory (MB): peak = 1123.410 ; gain = 390.453
---------------------------------------------------------------------------------
INFO: [Synth 8-5546] ROM "display_name" won't be mapped to RAM because it is too sparse
---------------------------------------------------------------------------------
Finished RTL Optimization Phase 2 : Time (s): cpu = 00:00:00 ; elapsed = 00:00:08 . Memory (MB): peak = 1123.410 ; gain = 390.453
---------------------------------------------------------------------------------

Report RTL Partitions: 
+-+--------------+------------+----------+
| |RTL Partition |Replication |Instances |
+-+--------------+------------+----------+
+-+--------------+------------+----------+
---------------------------------------------------------------------------------
Start RTL Component Statistics 
---------------------------------------------------------------------------------
Detailed RTL Component Info : 
+---Registers : 
	               40 Bit    Registers := 1     
	               32 Bit    Registers := 1     
	                8 Bit    Registers := 2     
	                1 Bit    Registers := 1     
+---Muxes : 
	   2 Input     39 Bit        Muxes := 1     
	   5 Input     39 Bit        Muxes := 1     
	   5 Input     32 Bit        Muxes := 1     
	   2 Input     32 Bit        Muxes := 2     
	   2 Input      1 Bit        Muxes := 1     
	   5 Input      1 Bit        Muxes := 1     
---------------------------------------------------------------------------------
Finished RTL Component Statistics 
---------------------------------------------------------------------------------
---------------------------------------------------------------------------------
Start RTL Hierarchical Component Statistics 
---------------------------------------------------------------------------------
Hierarchical RTL Component report 
Module register_display 
Detailed RTL Component Info : 
+---Registers : 
	               40 Bit    Registers := 1     
	               32 Bit    Registers := 1     
	                8 Bit    Registers := 2     
	                1 Bit    Registers := 1     
+---Muxes : 
	   2 Input     39 Bit        Muxes := 1     
	   5 Input     39 Bit        Muxes := 1     
	   5 Input     32 Bit        Muxes := 1     
	   2 Input     32 Bit        Muxes := 2     
	   2 Input      1 Bit        Muxes := 1     
	   5 Input      1 Bit        Muxes := 1     
---------------------------------------------------------------------------------
Finished RTL Hierarchical Component Statistics
---------------------------------------------------------------------------------
---------------------------------------------------------------------------------
Start Part Resource Summary
---------------------------------------------------------------------------------
Part Resources:
DSPs: 740 (col length:100)
BRAMs: 730 (col length: RAMB18 100 RAMB36 50)
---------------------------------------------------------------------------------
Finished Part Resource Summary
---------------------------------------------------------------------------------
---------------------------------------------------------------------------------
Start Cross Boundary and Area Optimization
---------------------------------------------------------------------------------
Warning: Parallel synthesis criteria is not met 
INFO: [Synth 8-5544] ROM "display_name" won't be mapped to Block RAM because address size (4) smaller than threshold (5)
INFO: [Synth 8-6430] The Block RAM "register_display/ram_module/ram_reg" may get memory collision error if read and write address collide. Use attribute (* rw_addr_collision= "yes" *) to avoid collision 
RAM Pipeline Warning: Read Address Register Found For RAM ram_module/ram_reg. We will not be able to pipeline it. This may degrade performance. 
INFO: [Synth 8-5784] Optimized 0 bits of RAM "ram_module/ram_reg" due to constant propagation. Old ram width 32 bits, new ram width 32 bits.
RAM Pipeline Warning: Read Address Register Found For RAM ram_module/ram_reg. We will not be able to pipeline it. This may degrade performance. 
INFO: [Synth 8-6430] The Block RAM "register_display/ram_module/ram_reg" may get memory collision error if read and write address collide. Use attribute (* rw_addr_collision= "yes" *) to avoid collision 
RAM Pipeline Warning: Read Address Register Found For RAM ram_module/ram_reg. We will not be able to pipeline it. This may degrade performance. 
INFO: [Synth 8-3886] merging instance 'display_name_reg[0]' (FD) to 'display_name_reg[2]'
INFO: [Synth 8-3886] merging instance 'display_name_reg[1]' (FD) to 'display_name_reg[4]'
INFO: [Synth 8-3886] merging instance 'display_name_reg[3]' (FD) to 'display_name_reg[37]'
INFO: [Synth 8-3886] merging instance 'display_name_reg[4]' (FD) to 'display_name_reg[6]'
INFO: [Synth 8-3886] merging instance 'display_name_reg[5]' (FD) to 'display_name_reg[37]'
INFO: [Synth 8-3886] merging instance 'display_name_reg[6]' (FD) to 'display_name_reg[14]'
INFO: [Synth 8-3886] merging instance 'display_name_reg[7]' (FD) to 'display_name_reg[37]'
INFO: [Synth 8-3886] merging instance 'display_name_reg[8]' (FD) to 'display_name_reg[20]'
INFO: [Synth 8-3886] merging instance 'display_name_reg[9]' (FD) to 'display_name_reg[37]'
INFO: [Synth 8-3886] merging instance 'display_name_reg[11]' (FD) to 'display_name_reg[37]'
INFO: [Synth 8-3886] merging instance 'display_name_reg[12]' (FD) to 'display_name_reg[37]'
INFO: [Synth 8-3886] merging instance 'display_name_reg[13]' (FD) to 'display_name_reg[37]'
INFO: [Synth 8-3886] merging instance 'display_name_reg[14]' (FD) to 'display_name_reg[18]'
INFO: [Synth 8-3886] merging instance 'display_name_reg[15]' (FD) to 'display_name_reg[37]'
INFO: [Synth 8-3886] merging instance 'display_name_reg[16]' (FD) to 'display_name_reg[37]'
INFO: [Synth 8-3886] merging instance 'display_name_reg[17]' (FD) to 'display_name_reg[37]'
INFO: [Synth 8-3886] merging instance 'display_name_reg[18]' (FD) to 'display_name_reg[22]'
INFO: [Synth 8-3886] merging instance 'display_name_reg[19]' (FD) to 'display_name_reg[37]'
INFO: [Synth 8-3886] merging instance 'display_name_reg[20]' (FD) to 'display_name_reg[34]'
INFO: [Synth 8-3886] merging instance 'display_name_reg[21]' (FD) to 'display_name_reg[37]'
INFO: [Synth 8-3886] merging instance 'display_name_reg[22]' (FD) to 'display_name_reg[24]'
INFO: [Synth 8-3886] merging instance 'display_name_reg[23]' (FD) to 'display_name_reg[37]'
INFO: [Synth 8-3886] merging instance 'display_name_reg[24]' (FD) to 'display_name_reg[30]'
INFO: [Synth 8-3886] merging instance 'display_name_reg[25]' (FD) to 'display_name_reg[37]'
INFO: [Synth 8-3886] merging instance 'display_name_reg[26]' (FD) to 'display_name_reg[37]'
INFO: [Synth 8-3886] merging instance 'display_name_reg[27]' (FD) to 'display_name_reg[37]'
INFO: [Synth 8-3886] merging instance 'display_name_reg[28]' (FD) to 'display_name_reg[37]'
INFO: [Synth 8-3886] merging instance 'display_name_reg[29]' (FD) to 'display_name_reg[37]'
INFO: [Synth 8-3886] merging instance 'display_name_reg[31]' (FD) to 'display_name_reg[37]'
INFO: [Synth 8-3886] merging instance 'display_name_reg[32]' (FD) to 'display_name_reg[37]'
INFO: [Synth 8-3886] merging instance 'display_name_reg[33]' (FD) to 'display_name_reg[37]'
INFO: [Synth 8-3886] merging instance 'display_name_reg[34]' (FD) to 'display_name_reg[38]'
INFO: [Synth 8-3886] merging instance 'display_name_reg[35]' (FD) to 'display_name_reg[37]'
INFO: [Synth 8-3886] merging instance 'display_name_reg[36]' (FD) to 'display_name_reg[37]'
INFO: [Synth 8-3333] propagating constant 0 across sequential element (\display_name_reg[37] )
---------------------------------------------------------------------------------
Finished Cross Boundary and Area Optimization : Time (s): cpu = 00:00:00 ; elapsed = 00:00:09 . Memory (MB): peak = 1123.410 ; gain = 390.453
---------------------------------------------------------------------------------
---------------------------------------------------------------------------------
Start ROM, RAM, DSP and Shift Register Reporting
---------------------------------------------------------------------------------

Block RAM: Preliminary Mapping	Report (see note below)
+-----------------+--------------------+------------------------+---+---+------------------------+---+---+------------------+--------+--------+
|Module Name      | RTL Object         | PORT A (Depth x Width) | W | R | PORT B (Depth x Width) | W | R | Ports driving FF | RAMB18 | RAMB36 | 
+-----------------+--------------------+------------------------+---+---+------------------------+---+---+------------------+--------+--------+
|register_display | ram_module/ram_reg | 256 x 32(READ_FIRST)   | W |   | 256 x 32(WRITE_FIRST)  |   | R | Port A and B     | 1      | 0      | 
+-----------------+--------------------+------------------------+---+---+------------------------+---+---+------------------+--------+--------+

Note: The table above is a preliminary report that shows the Block RAMs at the current stage of the synthesis flow. Some Block RAMs may be reimplemented as non Block RAM primitives later in the synthesis flow. Multiple instantiated Block RAMs are reported only once. 
---------------------------------------------------------------------------------
Finished ROM, RAM, DSP and Shift Register Reporting
---------------------------------------------------------------------------------

Report RTL Partitions: 
+-+--------------+------------+----------+
| |RTL Partition |Replication |Instances |
+-+--------------+------------+----------+
+-+--------------+------------+----------+
---------------------------------------------------------------------------------
Start Applying XDC Timing Constraints
---------------------------------------------------------------------------------
---------------------------------------------------------------------------------
Finished Applying XDC Timing Constraints : Time (s): cpu = 00:00:01 ; elapsed = 00:00:14 . Memory (MB): peak = 1123.410 ; gain = 390.453
---------------------------------------------------------------------------------
---------------------------------------------------------------------------------
Start Timing Optimization
---------------------------------------------------------------------------------
---------------------------------------------------------------------------------
Finished Timing Optimization : Time (s): cpu = 00:00:01 ; elapsed = 00:00:14 . Memory (MB): peak = 1123.410 ; gain = 390.453
---------------------------------------------------------------------------------
---------------------------------------------------------------------------------
Start ROM, RAM, DSP and Shift Register Reporting
---------------------------------------------------------------------------------

Block RAM: Final Mapping	Report
+-----------------+--------------------+------------------------+---+---+------------------------+---+---+------------------+--------+--------+
|Module Name      | RTL Object         | PORT A (Depth x Width) | W | R | PORT B (Depth x Width) | W | R | Ports driving FF | RAMB18 | RAMB36 | 
+-----------------+--------------------+------------------------+---+---+------------------------+---+---+------------------+--------+--------+
|register_display | ram_module/ram_reg | 256 x 32(READ_FIRST)   | W |   | 256 x 32(WRITE_FIRST)  |   | R | Port A and B     | 1      | 0      | 
+-----------------+--------------------+------------------------+---+---+------------------------+---+---+------------------+--------+--------+

---------------------------------------------------------------------------------
Finished ROM, RAM, DSP and Shift Register Reporting
---------------------------------------------------------------------------------

Report RTL Partitions: 
+-+--------------+------------+----------+
| |RTL Partition |Replication |Instances |
+-+--------------+------------+----------+
+-+--------------+------------+----------+
---------------------------------------------------------------------------------
Start Technology Mapping
---------------------------------------------------------------------------------
INFO: [Synth 8-5966] Removing register instance (\datain_reg[31]__1 ) from module (register_display) as it has self-loop and (\datain_reg[31]__0 ) is actual driver [C:/Users/PrimeBo/Desktop/Files/GRADE 3.1/Computer Organization/Experiments/RAM/adder_display.v:42]
INFO: [Synth 8-5966] Removing register instance (\datain_reg[31] ) from module (register_display) as it has self-loop and (\datain_reg[31]__0 ) is actual driver [C:/Users/PrimeBo/Desktop/Files/GRADE 3.1/Computer Organization/Experiments/RAM/adder_display.v:116]
INFO: [Synth 8-5966] Removing register instance (\datain_reg[30]__1 ) from module (register_display) as it has self-loop and (\datain_reg[30]__0 ) is actual driver [C:/Users/PrimeBo/Desktop/Files/GRADE 3.1/Computer Organization/Experiments/RAM/adder_display.v:42]
INFO: [Synth 8-5966] Removing register instance (\datain_reg[30] ) from module (register_display) as it has self-loop and (\datain_reg[30]__0 ) is actual driver [C:/Users/PrimeBo/Desktop/Files/GRADE 3.1/Computer Organization/Experiments/RAM/adder_display.v:116]
INFO: [Synth 8-5966] Removing register instance (\datain_reg[29]__1 ) from module (register_display) as it has self-loop and (\datain_reg[29]__0 ) is actual driver [C:/Users/PrimeBo/Desktop/Files/GRADE 3.1/Computer Organization/Experiments/RAM/adder_display.v:42]
INFO: [Synth 8-5966] Removing register instance (\datain_reg[29] ) from module (register_display) as it has self-loop and (\datain_reg[29]__0 ) is actual driver [C:/Users/PrimeBo/Desktop/Files/GRADE 3.1/Computer Organization/Experiments/RAM/adder_display.v:116]
INFO: [Synth 8-5966] Removing register instance (\datain_reg[28]__1 ) from module (register_display) as it has self-loop and (\datain_reg[28]__0 ) is actual driver [C:/Users/PrimeBo/Desktop/Files/GRADE 3.1/Computer Organization/Experiments/RAM/adder_display.v:42]
INFO: [Synth 8-5966] Removing register instance (\datain_reg[28] ) from module (register_display) as it has self-loop and (\datain_reg[28]__0 ) is actual driver [C:/Users/PrimeBo/Desktop/Files/GRADE 3.1/Computer Organization/Experiments/RAM/adder_display.v:116]
INFO: [Synth 8-5966] Removing register instance (\datain_reg[27]__1 ) from module (register_display) as it has self-loop and (\datain_reg[27]__0 ) is actual driver [C:/Users/PrimeBo/Desktop/Files/GRADE 3.1/Computer Organization/Experiments/RAM/adder_display.v:42]
INFO: [Synth 8-5966] Removing register instance (\datain_reg[27] ) from module (register_display) as it has self-loop and (\datain_reg[27]__0 ) is actual driver [C:/Users/PrimeBo/Desktop/Files/GRADE 3.1/Computer Organization/Experiments/RAM/adder_display.v:116]
INFO: [Synth 8-5966] Removing register instance (\datain_reg[26]__1 ) from module (register_display) as it has self-loop and (\datain_reg[26]__0 ) is actual driver [C:/Users/PrimeBo/Desktop/Files/GRADE 3.1/Computer Organization/Experiments/RAM/adder_display.v:42]
INFO: [Synth 8-5966] Removing register instance (\datain_reg[26] ) from module (register_display) as it has self-loop and (\datain_reg[26]__0 ) is actual driver [C:/Users/PrimeBo/Desktop/Files/GRADE 3.1/Computer Organization/Experiments/RAM/adder_display.v:116]
INFO: [Synth 8-5966] Removing register instance (\datain_reg[25]__1 ) from module (register_display) as it has self-loop and (\datain_reg[25]__0 ) is actual driver [C:/Users/PrimeBo/Desktop/Files/GRADE 3.1/Computer Organization/Experiments/RAM/adder_display.v:42]
INFO: [Synth 8-5966] Removing register instance (\datain_reg[25] ) from module (register_display) as it has self-loop and (\datain_reg[25]__0 ) is actual driver [C:/Users/PrimeBo/Desktop/Files/GRADE 3.1/Computer Organization/Experiments/RAM/adder_display.v:116]
INFO: [Synth 8-5966] Removing register instance (\datain_reg[24]__1 ) from module (register_display) as it has self-loop and (\datain_reg[24]__0 ) is actual driver [C:/Users/PrimeBo/Desktop/Files/GRADE 3.1/Computer Organization/Experiments/RAM/adder_display.v:42]
INFO: [Synth 8-5966] Removing register instance (\datain_reg[24] ) from module (register_display) as it has self-loop and (\datain_reg[24]__0 ) is actual driver [C:/Users/PrimeBo/Desktop/Files/GRADE 3.1/Computer Organization/Experiments/RAM/adder_display.v:116]
INFO: [Synth 8-5966] Removing register instance (\datain_reg[23]__1 ) from module (register_display) as it has self-loop and (\datain_reg[23]__0 ) is actual driver [C:/Users/PrimeBo/Desktop/Files/GRADE 3.1/Computer Organization/Experiments/RAM/adder_display.v:42]
INFO: [Synth 8-5966] Removing register instance (\datain_reg[23] ) from module (register_display) as it has self-loop and (\datain_reg[23]__0 ) is actual driver [C:/Users/PrimeBo/Desktop/Files/GRADE 3.1/Computer Organization/Experiments/RAM/adder_display.v:116]
INFO: [Synth 8-5966] Removing register instance (\datain_reg[22]__1 ) from module (register_display) as it has self-loop and (\datain_reg[22]__0 ) is actual driver [C:/Users/PrimeBo/Desktop/Files/GRADE 3.1/Computer Organization/Experiments/RAM/adder_display.v:42]
INFO: [Synth 8-5966] Removing register instance (\datain_reg[22] ) from module (register_display) as it has self-loop and (\datain_reg[22]__0 ) is actual driver [C:/Users/PrimeBo/Desktop/Files/GRADE 3.1/Computer Organization/Experiments/RAM/adder_display.v:116]
INFO: [Synth 8-5966] Removing register instance (\datain_reg[21]__1 ) from module (register_display) as it has self-loop and (\datain_reg[21]__0 ) is actual driver [C:/Users/PrimeBo/Desktop/Files/GRADE 3.1/Computer Organization/Experiments/RAM/adder_display.v:42]
INFO: [Synth 8-5966] Removing register instance (\datain_reg[21] ) from module (register_display) as it has self-loop and (\datain_reg[21]__0 ) is actual driver [C:/Users/PrimeBo/Desktop/Files/GRADE 3.1/Computer Organization/Experiments/RAM/adder_display.v:116]
INFO: [Synth 8-5966] Removing register instance (\datain_reg[20]__1 ) from module (register_display) as it has self-loop and (\datain_reg[20]__0 ) is actual driver [C:/Users/PrimeBo/Desktop/Files/GRADE 3.1/Computer Organization/Experiments/RAM/adder_display.v:42]
INFO: [Synth 8-5966] Removing register instance (\datain_reg[20] ) from module (register_display) as it has self-loop and (\datain_reg[20]__0 ) is actual driver [C:/Users/PrimeBo/Desktop/Files/GRADE 3.1/Computer Organization/Experiments/RAM/adder_display.v:116]
INFO: [Synth 8-5966] Removing register instance (\datain_reg[19]__1 ) from module (register_display) as it has self-loop and (\datain_reg[19]__0 ) is actual driver [C:/Users/PrimeBo/Desktop/Files/GRADE 3.1/Computer Organization/Experiments/RAM/adder_display.v:42]
INFO: [Synth 8-5966] Removing register instance (\datain_reg[19] ) from module (register_display) as it has self-loop and (\datain_reg[19]__0 ) is actual driver [C:/Users/PrimeBo/Desktop/Files/GRADE 3.1/Computer Organization/Experiments/RAM/adder_display.v:116]
INFO: [Synth 8-5966] Removing register instance (\datain_reg[18]__1 ) from module (register_display) as it has self-loop and (\datain_reg[18]__0 ) is actual driver [C:/Users/PrimeBo/Desktop/Files/GRADE 3.1/Computer Organization/Experiments/RAM/adder_display.v:42]
INFO: [Synth 8-5966] Removing register instance (\datain_reg[18] ) from module (register_display) as it has self-loop and (\datain_reg[18]__0 ) is actual driver [C:/Users/PrimeBo/Desktop/Files/GRADE 3.1/Computer Organization/Experiments/RAM/adder_display.v:116]
INFO: [Synth 8-5966] Removing register instance (\datain_reg[17]__1 ) from module (register_display) as it has self-loop and (\datain_reg[17]__0 ) is actual driver [C:/Users/PrimeBo/Desktop/Files/GRADE 3.1/Computer Organization/Experiments/RAM/adder_display.v:42]
INFO: [Synth 8-5966] Removing register instance (\datain_reg[17] ) from module (register_display) as it has self-loop and (\datain_reg[17]__0 ) is actual driver [C:/Users/PrimeBo/Desktop/Files/GRADE 3.1/Computer Organization/Experiments/RAM/adder_display.v:116]
INFO: [Synth 8-5966] Removing register instance (\datain_reg[16]__1 ) from module (register_display) as it has self-loop and (\datain_reg[16]__0 ) is actual driver [C:/Users/PrimeBo/Desktop/Files/GRADE 3.1/Computer Organization/Experiments/RAM/adder_display.v:42]
INFO: [Synth 8-5966] Removing register instance (\datain_reg[16] ) from module (register_display) as it has self-loop and (\datain_reg[16]__0 ) is actual driver [C:/Users/PrimeBo/Desktop/Files/GRADE 3.1/Computer Organization/Experiments/RAM/adder_display.v:116]
INFO: [Synth 8-5966] Removing register instance (\datain_reg[15]__1 ) from module (register_display) as it has self-loop and (\datain_reg[15]__0 ) is actual driver [C:/Users/PrimeBo/Desktop/Files/GRADE 3.1/Computer Organization/Experiments/RAM/adder_display.v:42]
INFO: [Synth 8-5966] Removing register instance (\datain_reg[15] ) from module (register_display) as it has self-loop and (\datain_reg[15]__0 ) is actual driver [C:/Users/PrimeBo/Desktop/Files/GRADE 3.1/Computer Organization/Experiments/RAM/adder_display.v:116]
INFO: [Synth 8-5966] Removing register instance (\datain_reg[14]__1 ) from module (register_display) as it has self-loop and (\datain_reg[14]__0 ) is actual driver [C:/Users/PrimeBo/Desktop/Files/GRADE 3.1/Computer Organization/Experiments/RAM/adder_display.v:42]
INFO: [Synth 8-5966] Removing register instance (\datain_reg[14] ) from module (register_display) as it has self-loop and (\datain_reg[14]__0 ) is actual driver [C:/Users/PrimeBo/Desktop/Files/GRADE 3.1/Computer Organization/Experiments/RAM/adder_display.v:116]
INFO: [Synth 8-5966] Removing register instance (\datain_reg[13]__1 ) from module (register_display) as it has self-loop and (\datain_reg[13]__0 ) is actual driver [C:/Users/PrimeBo/Desktop/Files/GRADE 3.1/Computer Organization/Experiments/RAM/adder_display.v:42]
INFO: [Synth 8-5966] Removing register instance (\datain_reg[13] ) from module (register_display) as it has self-loop and (\datain_reg[13]__0 ) is actual driver [C:/Users/PrimeBo/Desktop/Files/GRADE 3.1/Computer Organization/Experiments/RAM/adder_display.v:116]
INFO: [Synth 8-5966] Removing register instance (\datain_reg[12]__1 ) from module (register_display) as it has self-loop and (\datain_reg[12]__0 ) is actual driver [C:/Users/PrimeBo/Desktop/Files/GRADE 3.1/Computer Organization/Experiments/RAM/adder_display.v:42]
INFO: [Synth 8-5966] Removing register instance (\datain_reg[12] ) from module (register_display) as it has self-loop and (\datain_reg[12]__0 ) is actual driver [C:/Users/PrimeBo/Desktop/Files/GRADE 3.1/Computer Organization/Experiments/RAM/adder_display.v:116]
INFO: [Synth 8-5966] Removing register instance (\datain_reg[11]__1 ) from module (register_display) as it has self-loop and (\datain_reg[11]__0 ) is actual driver [C:/Users/PrimeBo/Desktop/Files/GRADE 3.1/Computer Organization/Experiments/RAM/adder_display.v:42]
INFO: [Synth 8-5966] Removing register instance (\datain_reg[11] ) from module (register_display) as it has self-loop and (\datain_reg[11]__0 ) is actual driver [C:/Users/PrimeBo/Desktop/Files/GRADE 3.1/Computer Organization/Experiments/RAM/adder_display.v:116]
INFO: [Synth 8-5966] Removing register instance (\datain_reg[10]__1 ) from module (register_display) as it has self-loop and (\datain_reg[10]__0 ) is actual driver [C:/Users/PrimeBo/Desktop/Files/GRADE 3.1/Computer Organization/Experiments/RAM/adder_display.v:42]
INFO: [Synth 8-5966] Removing register instance (\datain_reg[10] ) from module (register_display) as it has self-loop and (\datain_reg[10]__0 ) is actual driver [C:/Users/PrimeBo/Desktop/Files/GRADE 3.1/Computer Organization/Experiments/RAM/adder_display.v:116]
INFO: [Synth 8-5966] Removing register instance (\datain_reg[9]__1 ) from module (register_display) as it has self-loop and (\datain_reg[9]__0 ) is actual driver [C:/Users/PrimeBo/Desktop/Files/GRADE 3.1/Computer Organization/Experiments/RAM/adder_display.v:42]
INFO: [Synth 8-5966] Removing register instance (\datain_reg[9] ) from module (register_display) as it has self-loop and (\datain_reg[9]__0 ) is actual driver [C:/Users/PrimeBo/Desktop/Files/GRADE 3.1/Computer Organization/Experiments/RAM/adder_display.v:116]
INFO: [Synth 8-5966] Removing register instance (\datain_reg[8]__1 ) from module (register_display) as it has self-loop and (\datain_reg[8]__0 ) is actual driver [C:/Users/PrimeBo/Desktop/Files/GRADE 3.1/Computer Organization/Experiments/RAM/adder_display.v:42]
INFO: [Synth 8-5966] Removing register instance (\datain_reg[8] ) from module (register_display) as it has self-loop and (\datain_reg[8]__0 ) is actual driver [C:/Users/PrimeBo/Desktop/Files/GRADE 3.1/Computer Organization/Experiments/RAM/adder_display.v:116]
INFO: [Synth 8-5966] Removing register instance (\datain_reg[7]__1 ) from module (register_display) as it has self-loop and (\datain_reg[7]__0 ) is actual driver [C:/Users/PrimeBo/Desktop/Files/GRADE 3.1/Computer Organization/Experiments/RAM/adder_display.v:42]
INFO: [Synth 8-5966] Removing register instance (\datain_reg[7] ) from module (register_display) as it has self-loop and (\datain_reg[7]__0 ) is actual driver [C:/Users/PrimeBo/Desktop/Files/GRADE 3.1/Computer Organization/Experiments/RAM/adder_display.v:116]
INFO: [Synth 8-5966] Removing register instance (\datain_reg[6]__1 ) from module (register_display) as it has self-loop and (\datain_reg[6]__0 ) is actual driver [C:/Users/PrimeBo/Desktop/Files/GRADE 3.1/Computer Organization/Experiments/RAM/adder_display.v:42]
INFO: [Synth 8-5966] Removing register instance (\datain_reg[6] ) from module (register_display) as it has self-loop and (\datain_reg[6]__0 ) is actual driver [C:/Users/PrimeBo/Desktop/Files/GRADE 3.1/Computer Organization/Experiments/RAM/adder_display.v:116]
INFO: [Synth 8-5966] Removing register instance (\datain_reg[5]__1 ) from module (register_display) as it has self-loop and (\datain_reg[5]__0 ) is actual driver [C:/Users/PrimeBo/Desktop/Files/GRADE 3.1/Computer Organization/Experiments/RAM/adder_display.v:42]
INFO: [Synth 8-5966] Removing register instance (\datain_reg[5] ) from module (register_display) as it has self-loop and (\datain_reg[5]__0 ) is actual driver [C:/Users/PrimeBo/Desktop/Files/GRADE 3.1/Computer Organization/Experiments/RAM/adder_display.v:116]
INFO: [Synth 8-5966] Removing register instance (\datain_reg[4]__1 ) from module (register_display) as it has self-loop and (\datain_reg[4]__0 ) is actual driver [C:/Users/PrimeBo/Desktop/Files/GRADE 3.1/Computer Organization/Experiments/RAM/adder_display.v:42]
INFO: [Synth 8-5966] Removing register instance (\datain_reg[4] ) from module (register_display) as it has self-loop and (\datain_reg[4]__0 ) is actual driver [C:/Users/PrimeBo/Desktop/Files/GRADE 3.1/Computer Organization/Experiments/RAM/adder_display.v:116]
INFO: [Synth 8-5966] Removing register instance (\datain_reg[3]__1 ) from module (register_display) as it has self-loop and (\datain_reg[3]__0 ) is actual driver [C:/Users/PrimeBo/Desktop/Files/GRADE 3.1/Computer Organization/Experiments/RAM/adder_display.v:42]
INFO: [Synth 8-5966] Removing register instance (\datain_reg[3] ) from module (register_display) as it has self-loop and (\datain_reg[3]__0 ) is actual driver [C:/Users/PrimeBo/Desktop/Files/GRADE 3.1/Computer Organization/Experiments/RAM/adder_display.v:116]
INFO: [Synth 8-5966] Removing register instance (\datain_reg[2]__1 ) from module (register_display) as it has self-loop and (\datain_reg[2]__0 ) is actual driver [C:/Users/PrimeBo/Desktop/Files/GRADE 3.1/Computer Organization/Experiments/RAM/adder_display.v:42]
INFO: [Synth 8-5966] Removing register instance (\datain_reg[2] ) from module (register_display) as it has self-loop and (\datain_reg[2]__0 ) is actual driver [C:/Users/PrimeBo/Desktop/Files/GRADE 3.1/Computer Organization/Experiments/RAM/adder_display.v:116]
INFO: [Synth 8-5966] Removing register instance (\datain_reg[1]__1 ) from module (register_display) as it has self-loop and (\datain_reg[1]__0 ) is actual driver [C:/Users/PrimeBo/Desktop/Files/GRADE 3.1/Computer Organization/Experiments/RAM/adder_display.v:42]
INFO: [Synth 8-5966] Removing register instance (\datain_reg[1] ) from module (register_display) as it has self-loop and (\datain_reg[1]__0 ) is actual driver [C:/Users/PrimeBo/Desktop/Files/GRADE 3.1/Computer Organization/Experiments/RAM/adder_display.v:116]
INFO: [Synth 8-5966] Removing register instance (\datain_reg[0]__1 ) from module (register_display) as it has self-loop and (\datain_reg[0]__0 ) is actual driver [C:/Users/PrimeBo/Desktop/Files/GRADE 3.1/Computer Organization/Experiments/RAM/adder_display.v:42]
INFO: [Synth 8-5966] Removing register instance (\datain_reg[0] ) from module (register_display) as it has self-loop and (\datain_reg[0]__0 ) is actual driver [C:/Users/PrimeBo/Desktop/Files/GRADE 3.1/Computer Organization/Experiments/RAM/adder_display.v:116]
INFO: [Synth 8-3886] merging instance 'i_240' (FDE) to 'r_addr_reg[0]'
INFO: [Synth 8-3886] merging instance 'i_8' (FDE) to 'r_addr_reg[1]'
INFO: [Synth 8-3886] merging instance 'i_9' (FDE) to 'r_addr_reg[2]'
INFO: [Synth 8-3886] merging instance 'i_10' (FDE) to 'r_addr_reg[3]'
INFO: [Synth 8-3886] merging instance 'i_11' (FDE) to 'r_addr_reg[4]'
INFO: [Synth 8-3886] merging instance 'i_12' (FDE) to 'r_addr_reg[5]'
INFO: [Synth 8-3886] merging instance 'i_13' (FDE) to 'r_addr_reg[6]'
INFO: [Synth 8-3886] merging instance 'i_14' (FDE) to 'r_addr_reg[7]'
INFO: [Synth 8-7053] The timing for the instance ram_module/ram_reg (implemented as a Block RAM) might be sub-optimal as no optional output register could be merged into the ram block. Providing additional output register may help in improving timing.
---------------------------------------------------------------------------------
Finished Technology Mapping : Time (s): cpu = 00:00:01 ; elapsed = 00:00:14 . Memory (MB): peak = 1132.199 ; gain = 399.242
---------------------------------------------------------------------------------

Report RTL Partitions: 
+-+--------------+------------+----------+
| |RTL Partition |Replication |Instances |
+-+--------------+------------+----------+
+-+--------------+------------+----------+
---------------------------------------------------------------------------------
Start IO Insertion
---------------------------------------------------------------------------------
---------------------------------------------------------------------------------
Start Flattening Before IO Insertion
---------------------------------------------------------------------------------
---------------------------------------------------------------------------------
Finished Flattening Before IO Insertion
---------------------------------------------------------------------------------
---------------------------------------------------------------------------------
Start Final Netlist Cleanup
---------------------------------------------------------------------------------
---------------------------------------------------------------------------------
Finished Final Netlist Cleanup
---------------------------------------------------------------------------------
---------------------------------------------------------------------------------
Finished IO Insertion : Time (s): cpu = 00:00:01 ; elapsed = 00:00:17 . Memory (MB): peak = 1146.965 ; gain = 414.008
---------------------------------------------------------------------------------
---------------------------------------------------------------------------------
Start Renaming Generated Instances
---------------------------------------------------------------------------------
---------------------------------------------------------------------------------
Finished Renaming Generated Instances : Time (s): cpu = 00:00:01 ; elapsed = 00:00:17 . Memory (MB): peak = 1146.965 ; gain = 414.008
---------------------------------------------------------------------------------

Report RTL Partitions: 
+-+--------------+------------+----------+
| |RTL Partition |Replication |Instances |
+-+--------------+------------+----------+
+-+--------------+------------+----------+

Report Check Netlist: 
+------+------------------+-------+---------+-------+------------------+
|      |Item              |Errors |Warnings |Status |Description       |
+------+------------------+-------+---------+-------+------------------+
|1     |multi_driven_nets |      0|        0|Passed |Multi driven nets |
+------+------------------+-------+---------+-------+------------------+
---------------------------------------------------------------------------------
Start Rebuilding User Hierarchy
---------------------------------------------------------------------------------
---------------------------------------------------------------------------------
Finished Rebuilding User Hierarchy : Time (s): cpu = 00:00:01 ; elapsed = 00:00:17 . Memory (MB): peak = 1146.965 ; gain = 414.008
---------------------------------------------------------------------------------
---------------------------------------------------------------------------------
Start Renaming Generated Ports
---------------------------------------------------------------------------------
---------------------------------------------------------------------------------
Finished Renaming Generated Ports : Time (s): cpu = 00:00:01 ; elapsed = 00:00:17 . Memory (MB): peak = 1146.965 ; gain = 414.008
---------------------------------------------------------------------------------
---------------------------------------------------------------------------------
Start Handling Custom Attributes
---------------------------------------------------------------------------------
---------------------------------------------------------------------------------
Finished Handling Custom Attributes : Time (s): cpu = 00:00:01 ; elapsed = 00:00:17 . Memory (MB): peak = 1146.984 ; gain = 414.027
---------------------------------------------------------------------------------
---------------------------------------------------------------------------------
Start Renaming Generated Nets
---------------------------------------------------------------------------------
---------------------------------------------------------------------------------
Finished Renaming Generated Nets : Time (s): cpu = 00:00:01 ; elapsed = 00:00:17 . Memory (MB): peak = 1146.984 ; gain = 414.027
---------------------------------------------------------------------------------
---------------------------------------------------------------------------------
Start Writing Synthesis Report
---------------------------------------------------------------------------------

Report BlackBoxes: 
+------+--------------+----------+
|      |BlackBox name |Instances |
+------+--------------+----------+
|1     |lcd_module    |         1|
+------+--------------+----------+

Report Cell Usage: 
+------+-----------+------+
|      |Cell       |Count |
+------+-----------+------+
|1     |lcd_module |     1|
|2     |BUFG       |     1|
|3     |LUT1       |     1|
|4     |LUT2       |     2|
|5     |LUT3       |    16|
|6     |LUT4       |     2|
|7     |LUT5       |    10|
|8     |LUT6       |    36|
|9     |RAMB18E1   |     1|
|10    |FDRE       |    85|
|11    |IBUF       |     5|
|12    |OBUF       |     8|
+------+-----------+------+

Report Instance Areas: 
+------+-------------+-------+------+
|      |Instance     |Module |Cells |
+------+-------------+-------+------+
|1     |top          |       |   214|
|2     |  ram_module |RAM    |    42|
+------+-------------+-------+------+
---------------------------------------------------------------------------------
Finished Writing Synthesis Report : Time (s): cpu = 00:00:01 ; elapsed = 00:00:17 . Memory (MB): peak = 1146.984 ; gain = 414.027
---------------------------------------------------------------------------------
Synthesis finished with 0 errors, 0 critical warnings and 0 warnings.
Synthesis Optimization Runtime : Time (s): cpu = 00:00:01 ; elapsed = 00:00:15 . Memory (MB): peak = 1146.984 ; gain = 331.742
Synthesis Optimization Complete : Time (s): cpu = 00:00:01 ; elapsed = 00:00:17 . Memory (MB): peak = 1146.984 ; gain = 414.027
INFO: [Project 1-571] Translating synthesized netlist
Netlist sorting complete. Time (s): cpu = 00:00:00 ; elapsed = 00:00:00.003 . Memory (MB): peak = 1159.094 ; gain = 0.000
INFO: [Netlist 29-17] Analyzing 1 Unisim elements for replacement
INFO: [Netlist 29-28] Unisim Transformation completed in 0 CPU seconds
INFO: [Project 1-570] Preparing netlist for logic optimization
INFO: [Opt 31-138] Pushed 0 inverter(s) to 0 load pin(s).
Netlist sorting complete. Time (s): cpu = 00:00:00 ; elapsed = 00:00:00 . Memory (MB): peak = 1168.934 ; gain = 0.000
INFO: [Project 1-111] Unisim Transformation Summary:
No Unisim elements were transformed.

INFO: [Common 17-83] Releasing license: Synthesis
131 Infos, 0 Warnings, 0 Critical Warnings and 0 Errors encountered.
synth_design completed successfully
synth_design: Time (s): cpu = 00:00:02 ; elapsed = 00:00:21 . Memory (MB): peak = 1168.934 ; gain = 777.688
Netlist sorting complete. Time (s): cpu = 00:00:00 ; elapsed = 00:00:00 . Memory (MB): peak = 1168.934 ; gain = 0.000
WARNING: [Constraints 18-5210] No constraints selected for write.
Resolution: This message can indicate that there are no constraints for the design, or it can indicate that the used_in flags are set such that the constraints are ignored. This later case is used when running synth_design to not write synthesis constraints to the resulting checkpoint. Instead, project constraints are read when the synthesized design is opened.
INFO: [Common 17-1381] The checkpoint 'C:/Users/PrimeBo/Desktop/Files/GRADE 3.1/Computer Organization/Experiments/RAM/RAM/RAM.runs/synth_1/register_display.dcp' has been generated.
INFO: [runtcl-4] Executing : report_utilization -file register_display_utilization_synth.rpt -pb register_display_utilization_synth.pb
INFO: [Common 17-206] Exiting Vivado at Mon Nov 11 22:23:40 2024...
