#-----------------------------------------------------------
# Vivado v2019.1 (64-bit)
# SW Build 2552052 on Fri May 24 14:49:42 MDT 2019
# IP Build 2548770 on Fri May 24 18:01:18 MDT 2019
# Start of session at: Thu Nov  4 11:28:50 2021
# Process ID: 3952
# Current directory: F:/project_2
# Command line: vivado.exe -gui_launcher_event rodinguilauncherevent1108 F:\project_2\project_2.xpr
# Log file: F:/project_2/vivado.log
# Journal file: F:/project_2\vivado.jou
#-----------------------------------------------------------
start_gui
open_project F:/project_2/project_2.xpr
INFO: [Project 1-313] Project file moved from 'E:/Exp1_Tool/Exp1_2/project_2' since last save.
CRITICAL WARNING: [Project 1-19] Could not find the file 'C:/Users/lenovo/Desktop/lcd_module.dcp'.
WARNING: [Project 1-865] Could not find the file C:/Users/lenovo/Desktop/lcd_module.dcp
CRITICAL WARNING: [Project 1-19] Could not find the file 'C:/Users/lenovo/Desktop/dcram.v'.
CRITICAL WARNING: [Project 1-19] Could not find the file 'C:/Users/lenovo/Desktop/dcram_display.v'.
Scanning sources...
Finished scanning sources
WARNING: [Project 1-865] Could not find the file C:/Users/lenovo/Desktop/lcd_module.dcp
WARNING: [Project 1-865] Could not find the file C:/Users/lenovo/Desktop/lcd_module.dcp
INFO: [IP_Flow 19-234] Refreshing IP repositories
INFO: [IP_Flow 19-1704] No user IP repositories specified
INFO: [IP_Flow 19-2313] Loaded Vivado IP repository 'E:/Xilinx2019/Vivado/2019.1/data/ip'.
update_compile_order -fileset sources_1
exit
INFO: [Common 17-206] Exiting Vivado at Thu Nov  4 11:29:24 2021...
