Copyright 1986-2019 Xilinx, Inc. All Rights Reserved.
-----------------------------------------------------------------------------------------------------------------------------------------------
| Tool Version : Vivado v.2019.1 (win64) Build 2552052 Fri May 24 14:49:42 MDT 2019
| Date         : Wed Nov  2 11:48:25 2022
| Host         : stu-4 running 64-bit Service Pack 1  (build 7601)
| Command      : report_methodology -file alu_methodology_drc_routed.rpt -pb alu_methodology_drc_routed.pb -rpx alu_methodology_drc_routed.rpx
| Design       : alu
| Device       : xc7a200tfbg676-2
| Speed File   : -2
| Design State : Fully Routed
-----------------------------------------------------------------------------------------------------------------------------------------------

Report Methodology

Table of Contents
-----------------
1. REPORT SUMMARY
2. REPORT DETAILS

1. REPORT SUMMARY
-----------------
            Netlist: netlist
          Floorplan: checkpoint_alu
      Design limits: <entire design considered>
             Max violations: <unlimited>
             Violations found: 3
+----------+----------+-----------------+------------+
| Rule     | Severity | Description     | Violations |
+----------+----------+-----------------+------------+
| SYNTH-10 | Warning  | Wide multiplier | 3          |
+----------+----------+-----------------+------------+

2. REPORT DETAILS
-----------------
SYNTH-10#1 Warning
Wide multiplier  
Detected multiplier at cal0 of size 16x18, it is decomposed from a wide multipler into 4 DSP blocks.
Related violations: <none>

SYNTH-10#2 Warning
Wide multiplier  
Detected multiplier at cal0__0 of size 18x18, it is decomposed from a wide multipler into 4 DSP blocks.
Related violations: <none>

SYNTH-10#3 Warning
Wide multiplier  
Detected multiplier at cal0__1 of size 18x16, it is decomposed from a wide multipler into 4 DSP blocks.
Related violations: <none>


