
*** Running vivado
    with args -log alu.vdi -applog -m64 -product Vivado -messageDb vivado.pb -mode batch -source alu.tcl -notrace


****** Vivado v2019.1 (64-bit)
  **** SW Build 2552052 on Fri May 24 14:49:42 MDT 2019
  **** IP Build 2548770 on Fri May 24 18:01:18 MDT 2019
    ** Copyright 1986-2019 Xilinx, Inc. All Rights Reserved.

source alu.tcl -notrace
Command: open_checkpoint F:/111111/exp_1.runs/impl_1/alu.dcp

Starting open_checkpoint Task

Time (s): cpu = 00:00:00 ; elapsed = 00:00:00.032 . Memory (MB): peak = 302.016 ; gain = 0.000
INFO: [Device 21-403] Loading part xc7a200tfbg676-2
INFO: [Netlist 29-17] Analyzing 347 Unisim elements for replacement
INFO: [Netlist 29-28] Unisim Transformation completed in 0 CPU seconds
WARNING: [Netlist 29-101] Netlist 'alu' is not ideal for floorplanning, since the cellview 'alu' contains a large number of primitives.  Please consider enabling hierarchy in synthesis if you want to do floorplanning.
INFO: [Project 1-479] Netlist was created with Vivado 2019.1
INFO: [Project 1-570] Preparing netlist for logic optimization
INFO: [Timing 38-478] Restoring timing data from binary archive.
INFO: [Timing 38-479] Binary timing data restore complete.
INFO: [Project 1-856] Restoring constraints from binary archive.
INFO: [Project 1-853] Binary constraint restore complete.
Netlist sorting complete. Time (s): cpu = 00:00:00 ; elapsed = 00:00:00.001 . Memory (MB): peak = 1163.117 ; gain = 0.000
INFO: [Project 1-111] Unisim Transformation Summary:
No Unisim elements were transformed.

INFO: [Project 1-604] Checkpoint was created with Vivado v2019.1 (64-bit) build 2552052
open_checkpoint: Time (s): cpu = 00:00:16 ; elapsed = 00:00:26 . Memory (MB): peak = 1163.117 ; gain = 861.102
Command: opt_design
Attempting to get a license for feature 'Implementation' and/or device 'xc7a200t'
INFO: [Common 17-349] Got license for feature 'Implementation' and/or device 'xc7a200t'
Running DRC as a precondition to command opt_design

Starting DRC Task
INFO: [DRC 23-27] Running DRC with 2 threads
INFO: [Project 1-461] DRC finished with 0 Errors
INFO: [Project 1-462] Please refer to the DRC report (report_drc) for more information.

Time (s): cpu = 00:00:01 ; elapsed = 00:00:00.724 . Memory (MB): peak = 1193.188 ; gain = 16.969

Starting Cache Timing Information Task
INFO: [Timing 38-35] Done setting XDC timing constraints.
Ending Cache Timing Information Task | Checksum: 38b0e6ce

Time (s): cpu = 00:00:00 ; elapsed = 00:00:00.174 . Memory (MB): peak = 1220.582 ; gain = 27.395

Starting Logic Optimization Task

Phase 1 Retarget
INFO: [Opt 31-138] Pushed 0 inverter(s) to 0 load pin(s).
INFO: [Opt 31-49] Retargeted 0 cell(s).
Phase 1 Retarget | Checksum: 38b0e6ce

Time (s): cpu = 00:00:00 ; elapsed = 00:00:00.212 . Memory (MB): peak = 1361.527 ; gain = 0.102
INFO: [Opt 31-389] Phase Retarget created 0 cells and removed 0 cells

Phase 2 Constant propagation
INFO: [Opt 31-138] Pushed 0 inverter(s) to 0 load pin(s).
Phase 2 Constant propagation | Checksum: 66e60609

Time (s): cpu = 00:00:00 ; elapsed = 00:00:00.260 . Memory (MB): peak = 1361.527 ; gain = 0.102
INFO: [Opt 31-389] Phase Constant propagation created 0 cells and removed 0 cells

Phase 3 Sweep
Phase 3 Sweep | Checksum: 5b18a7e4

Time (s): cpu = 00:00:00 ; elapsed = 00:00:00.379 . Memory (MB): peak = 1361.527 ; gain = 0.102
INFO: [Opt 31-389] Phase Sweep created 0 cells and removed 0 cells

Phase 4 BUFG optimization
Phase 4 BUFG optimization | Checksum: 5b18a7e4

Time (s): cpu = 00:00:00 ; elapsed = 00:00:00.469 . Memory (MB): peak = 1361.527 ; gain = 0.102
INFO: [Opt 31-662] Phase BUFG optimization created 0 cells of which 0 are BUFGs and removed 0 cells.

Phase 5 Shift Register Optimization
INFO: [Opt 31-1064] SRL Remap converted 0 SRLs to 0 registers and converted 0 registers of register chains to 0 SRLs
Phase 5 Shift Register Optimization | Checksum: 5b18a7e4

Time (s): cpu = 00:00:00 ; elapsed = 00:00:00.490 . Memory (MB): peak = 1361.527 ; gain = 0.102
INFO: [Opt 31-389] Phase Shift Register Optimization created 0 cells and removed 0 cells

Phase 6 Post Processing Netlist
Phase 6 Post Processing Netlist | Checksum: 5b18a7e4

Time (s): cpu = 00:00:00 ; elapsed = 00:00:00.504 . Memory (MB): peak = 1361.527 ; gain = 0.102
INFO: [Opt 31-389] Phase Post Processing Netlist created 0 cells and removed 0 cells
Opt_design Change Summary
=========================


-------------------------------------------------------------------------------------------------------------------------
|  Phase                        |  #Cells created  |  #Cells Removed  |  #Constrained objects preventing optimizations  |
-------------------------------------------------------------------------------------------------------------------------
|  Retarget                     |               0  |               0  |                                              0  |
|  Constant propagation         |               0  |               0  |                                              0  |
|  Sweep                        |               0  |               0  |                                              0  |
|  BUFG optimization            |               0  |               0  |                                              0  |
|  Shift Register Optimization  |               0  |               0  |                                              0  |
|  Post Processing Netlist      |               0  |               0  |                                              0  |
-------------------------------------------------------------------------------------------------------------------------



Starting Connectivity Check Task

Time (s): cpu = 00:00:00 ; elapsed = 00:00:00.004 . Memory (MB): peak = 1361.527 ; gain = 0.000
Ending Logic Optimization Task | Checksum: 13693191f

Time (s): cpu = 00:00:00 ; elapsed = 00:00:00.612 . Memory (MB): peak = 1361.527 ; gain = 0.102

Starting Power Optimization Task
INFO: [Pwropt 34-132] Skipping clock gating for clocks with a period < 2.00 ns.
Ending Power Optimization Task | Checksum: 13693191f

Time (s): cpu = 00:00:00 ; elapsed = 00:00:00.029 . Memory (MB): peak = 1361.527 ; gain = 0.000

Starting Final Cleanup Task
Ending Final Cleanup Task | Checksum: 13693191f

Time (s): cpu = 00:00:00 ; elapsed = 00:00:00.001 . Memory (MB): peak = 1361.527 ; gain = 0.000

Starting Netlist Obfuscation Task
Netlist sorting complete. Time (s): cpu = 00:00:00 ; elapsed = 00:00:00 . Memory (MB): peak = 1361.527 ; gain = 0.000
Ending Netlist Obfuscation Task | Checksum: 13693191f

Time (s): cpu = 00:00:00 ; elapsed = 00:00:00 . Memory (MB): peak = 1361.527 ; gain = 0.000
INFO: [Common 17-83] Releasing license: Implementation
28 Infos, 1 Warnings, 0 Critical Warnings and 0 Errors encountered.
opt_design completed successfully
Netlist sorting complete. Time (s): cpu = 00:00:00 ; elapsed = 00:00:00 . Memory (MB): peak = 1361.527 ; gain = 0.000
INFO: [Timing 38-480] Writing timing data to binary archive.
INFO: [Common 17-1381] The checkpoint 'F:/111111/exp_1.runs/impl_1/alu_opt.dcp' has been generated.
write_checkpoint: Time (s): cpu = 00:00:01 ; elapsed = 00:00:07 . Memory (MB): peak = 1361.527 ; gain = 0.000
INFO: [runtcl-4] Executing : report_drc -file alu_drc_opted.rpt -pb alu_drc_opted.pb -rpx alu_drc_opted.rpx
Command: report_drc -file alu_drc_opted.rpt -pb alu_drc_opted.pb -rpx alu_drc_opted.rpx
INFO: [IP_Flow 19-234] Refreshing IP repositories
INFO: [IP_Flow 19-1704] No user IP repositories specified
INFO: [IP_Flow 19-2313] Loaded Vivado IP repository 'E:/Xilinx2019/Vivado/2019.1/data/ip'.
INFO: [DRC 23-27] Running DRC with 2 threads
INFO: [Coretcl 2-168] The results of DRC are in file F:/111111/exp_1.runs/impl_1/alu_drc_opted.rpt.
report_drc completed successfully
Command: place_design
Attempting to get a license for feature 'Implementation' and/or device 'xc7a200t'
INFO: [Common 17-349] Got license for feature 'Implementation' and/or device 'xc7a200t'
INFO: [DRC 23-27] Running DRC with 2 threads
INFO: [Vivado_Tcl 4-198] DRC finished with 0 Errors
INFO: [Vivado_Tcl 4-199] Please refer to the DRC report (report_drc) for more information.
Running DRC as a precondition to command place_design
INFO: [DRC 23-27] Running DRC with 2 threads
INFO: [Vivado_Tcl 4-198] DRC finished with 0 Errors
INFO: [Vivado_Tcl 4-199] Please refer to the DRC report (report_drc) for more information.

Starting Placer Task
INFO: [Place 30-611] Multithreading enabled for place_design using a maximum of 2 CPUs

Phase 1 Placer Initialization

Phase 1.1 Placer Initialization Netlist Sorting
Netlist sorting complete. Time (s): cpu = 00:00:00 ; elapsed = 00:00:00 . Memory (MB): peak = 1368.160 ; gain = 0.000
Phase 1.1 Placer Initialization Netlist Sorting | Checksum: 994729eb

Time (s): cpu = 00:00:00 ; elapsed = 00:00:00.030 . Memory (MB): peak = 1368.160 ; gain = 0.000
Netlist sorting complete. Time (s): cpu = 00:00:00 ; elapsed = 00:00:00.001 . Memory (MB): peak = 1368.160 ; gain = 0.000

Phase 1.2 IO Placement/ Clock Placement/ Build Placer Device
INFO: [Timing 38-35] Done setting XDC timing constraints.
Phase 1.2 IO Placement/ Clock Placement/ Build Placer Device | Checksum: b3811452

Time (s): cpu = 00:00:02 ; elapsed = 00:00:02 . Memory (MB): peak = 1381.375 ; gain = 13.215

Phase 1.3 Build Placer Netlist Model
Phase 1.3 Build Placer Netlist Model | Checksum: d65b5bef

Time (s): cpu = 00:00:02 ; elapsed = 00:00:02 . Memory (MB): peak = 1389.715 ; gain = 21.555

Phase 1.4 Constrain Clocks/Macros
Phase 1.4 Constrain Clocks/Macros | Checksum: d65b5bef

Time (s): cpu = 00:00:02 ; elapsed = 00:00:02 . Memory (MB): peak = 1389.715 ; gain = 21.555
Phase 1 Placer Initialization | Checksum: d65b5bef

Time (s): cpu = 00:00:02 ; elapsed = 00:00:02 . Memory (MB): peak = 1389.715 ; gain = 21.555

Phase 2 Global Placement

Phase 2.1 Floorplanning
Phase 2.1 Floorplanning | Checksum: d65b5bef

Time (s): cpu = 00:00:02 ; elapsed = 00:00:02 . Memory (MB): peak = 1389.715 ; gain = 21.555

Phase 2.2 Global Placement Core
WARNING: [Place 46-29] place_design is not in timing mode. Skip physical synthesis in placer
Phase 2.2 Global Placement Core | Checksum: f914917f

Time (s): cpu = 00:00:06 ; elapsed = 00:00:04 . Memory (MB): peak = 1389.715 ; gain = 21.555
Phase 2 Global Placement | Checksum: f914917f

Time (s): cpu = 00:00:06 ; elapsed = 00:00:04 . Memory (MB): peak = 1389.715 ; gain = 21.555

Phase 3 Detail Placement

Phase 3.1 Commit Multi Column Macros
Phase 3.1 Commit Multi Column Macros | Checksum: f914917f

Time (s): cpu = 00:00:06 ; elapsed = 00:00:04 . Memory (MB): peak = 1389.715 ; gain = 21.555

Phase 3.2 Commit Most Macros & LUTRAMs
Phase 3.2 Commit Most Macros & LUTRAMs | Checksum: 181ba7615

Time (s): cpu = 00:00:06 ; elapsed = 00:00:04 . Memory (MB): peak = 1389.715 ; gain = 21.555

Phase 3.3 Area Swap Optimization
Phase 3.3 Area Swap Optimization | Checksum: 23e3b3378

Time (s): cpu = 00:00:06 ; elapsed = 00:00:04 . Memory (MB): peak = 1389.715 ; gain = 21.555

Phase 3.4 Pipeline Register Optimization
Phase 3.4 Pipeline Register Optimization | Checksum: 23e3b3378

Time (s): cpu = 00:00:06 ; elapsed = 00:00:04 . Memory (MB): peak = 1389.715 ; gain = 21.555

Phase 3.5 Small Shape Detail Placement
Phase 3.5 Small Shape Detail Placement | Checksum: 141264408

Time (s): cpu = 00:00:07 ; elapsed = 00:00:05 . Memory (MB): peak = 1392.324 ; gain = 24.164

Phase 3.6 Re-assign LUT pins
Phase 3.6 Re-assign LUT pins | Checksum: 141264408

Time (s): cpu = 00:00:07 ; elapsed = 00:00:05 . Memory (MB): peak = 1392.324 ; gain = 24.164

Phase 3.7 Pipeline Register Optimization
Phase 3.7 Pipeline Register Optimization | Checksum: 141264408

Time (s): cpu = 00:00:07 ; elapsed = 00:00:05 . Memory (MB): peak = 1392.324 ; gain = 24.164
Phase 3 Detail Placement | Checksum: 141264408

Time (s): cpu = 00:00:07 ; elapsed = 00:00:05 . Memory (MB): peak = 1392.324 ; gain = 24.164

Phase 4 Post Placement Optimization and Clean-Up

Phase 4.1 Post Commit Optimization
Phase 4.1 Post Commit Optimization | Checksum: 141264408

Time (s): cpu = 00:00:07 ; elapsed = 00:00:05 . Memory (MB): peak = 1392.324 ; gain = 24.164

Phase 4.2 Post Placement Cleanup
Phase 4.2 Post Placement Cleanup | Checksum: 141264408

Time (s): cpu = 00:00:07 ; elapsed = 00:00:05 . Memory (MB): peak = 1392.324 ; gain = 24.164

Phase 4.3 Placer Reporting
Phase 4.3 Placer Reporting | Checksum: 141264408

Time (s): cpu = 00:00:07 ; elapsed = 00:00:05 . Memory (MB): peak = 1392.324 ; gain = 24.164

Phase 4.4 Final Placement Cleanup
Netlist sorting complete. Time (s): cpu = 00:00:00 ; elapsed = 00:00:00 . Memory (MB): peak = 1392.324 ; gain = 0.000
Phase 4.4 Final Placement Cleanup | Checksum: 141264408

Time (s): cpu = 00:00:07 ; elapsed = 00:00:05 . Memory (MB): peak = 1392.324 ; gain = 24.164
Phase 4 Post Placement Optimization and Clean-Up | Checksum: 141264408

Time (s): cpu = 00:00:07 ; elapsed = 00:00:05 . Memory (MB): peak = 1392.324 ; gain = 24.164
Ending Placer Task | Checksum: a07f866d

Time (s): cpu = 00:00:07 ; elapsed = 00:00:05 . Memory (MB): peak = 1392.324 ; gain = 24.164
INFO: [Common 17-83] Releasing license: Implementation
46 Infos, 2 Warnings, 0 Critical Warnings and 0 Errors encountered.
place_design completed successfully
place_design: Time (s): cpu = 00:00:09 ; elapsed = 00:00:06 . Memory (MB): peak = 1392.324 ; gain = 24.164
Netlist sorting complete. Time (s): cpu = 00:00:00 ; elapsed = 00:00:00 . Memory (MB): peak = 1392.324 ; gain = 0.000
INFO: [Timing 38-480] Writing timing data to binary archive.
Writing placer database...
Writing XDEF routing.
Writing XDEF routing logical nets.
Writing XDEF routing special nets.
Write XDEF Complete: Time (s): cpu = 00:00:01 ; elapsed = 00:00:00.337 . Memory (MB): peak = 1408.066 ; gain = 15.742
INFO: [Common 17-1381] The checkpoint 'F:/111111/exp_1.runs/impl_1/alu_placed.dcp' has been generated.
INFO: [runtcl-4] Executing : report_io -file alu_io_placed.rpt
report_io: Time (s): cpu = 00:00:01 ; elapsed = 00:00:00.273 . Memory (MB): peak = 1408.066 ; gain = 0.000
INFO: [runtcl-4] Executing : report_utilization -file alu_utilization_placed.rpt -pb alu_utilization_placed.pb
INFO: [runtcl-4] Executing : report_control_sets -verbose -file alu_control_sets_placed.rpt
report_control_sets: Time (s): cpu = 00:00:00 ; elapsed = 00:00:00.027 . Memory (MB): peak = 1408.066 ; gain = 0.000
Command: route_design
Attempting to get a license for feature 'Implementation' and/or device 'xc7a200t'
INFO: [Common 17-349] Got license for feature 'Implementation' and/or device 'xc7a200t'
Running DRC as a precondition to command route_design
INFO: [DRC 23-27] Running DRC with 2 threads
INFO: [Vivado_Tcl 4-198] DRC finished with 0 Errors
INFO: [Vivado_Tcl 4-199] Please refer to the DRC report (report_drc) for more information.


Starting Routing Task
INFO: [Route 35-254] Multithreading enabled for route_design using a maximum of 2 CPUs
Checksum: PlaceDB: 7385c82 ConstDB: 0 ShapeSum: 994729eb RouteDB: 0

Phase 1 Build RT Design
Phase 1 Build RT Design | Checksum: 3d56c0dc

Time (s): cpu = 00:00:59 ; elapsed = 00:00:52 . Memory (MB): peak = 1628.340 ; gain = 217.152
Post Restoration Checksum: NetGraph: 9588ed2 NumContArr: 33fe320a Constraints: 0 Timing: 0

Phase 2 Router Initialization
INFO: [Route 35-64] No timing constraints were detected. The router will operate in resource-optimization mode.

Phase 2.1 Fix Topology Constraints
Phase 2.1 Fix Topology Constraints | Checksum: 3d56c0dc

Time (s): cpu = 00:00:59 ; elapsed = 00:00:52 . Memory (MB): peak = 1637.254 ; gain = 226.066

Phase 2.2 Pre Route Cleanup
Phase 2.2 Pre Route Cleanup | Checksum: 3d56c0dc

Time (s): cpu = 00:00:59 ; elapsed = 00:00:52 . Memory (MB): peak = 1637.254 ; gain = 226.066
 Number of Nodes with overlaps = 0
Phase 2 Router Initialization | Checksum: 14c96e661

Time (s): cpu = 00:00:59 ; elapsed = 00:00:52 . Memory (MB): peak = 1650.199 ; gain = 239.012

Router Utilization Summary
  Global Vertical Routing Utilization    = 0 %
  Global Horizontal Routing Utilization  = 0 %
  Routable Net Status*
  *Does not include unroutable nets such as driverless and loadless.
  Run report_route_status for detailed report.
  Number of Failed Nets               = 1675
    (Failed Nets is the sum of unrouted and partially routed nets)
  Number of Unrouted Nets             = 1675
  Number of Partially Routed Nets     = 0
  Number of Node Overlaps             = 0


Phase 3 Initial Routing
Phase 3 Initial Routing | Checksum: 10759094c

Time (s): cpu = 00:01:00 ; elapsed = 00:00:53 . Memory (MB): peak = 1655.246 ; gain = 244.059

Phase 4 Rip-up And Reroute

Phase 4.1 Global Iteration 0
 Number of Nodes with overlaps = 45
 Number of Nodes with overlaps = 0
Phase 4.1 Global Iteration 0 | Checksum: ce76c164

Time (s): cpu = 00:01:01 ; elapsed = 00:00:53 . Memory (MB): peak = 1655.246 ; gain = 244.059
Phase 4 Rip-up And Reroute | Checksum: ce76c164

Time (s): cpu = 00:01:01 ; elapsed = 00:00:53 . Memory (MB): peak = 1655.246 ; gain = 244.059

Phase 5 Delay and Skew Optimization
Phase 5 Delay and Skew Optimization | Checksum: ce76c164

Time (s): cpu = 00:01:01 ; elapsed = 00:00:53 . Memory (MB): peak = 1655.246 ; gain = 244.059

Phase 6 Post Hold Fix

Phase 6.1 Hold Fix Iter
Phase 6.1 Hold Fix Iter | Checksum: ce76c164

Time (s): cpu = 00:01:01 ; elapsed = 00:00:53 . Memory (MB): peak = 1655.246 ; gain = 244.059
Phase 6 Post Hold Fix | Checksum: ce76c164

Time (s): cpu = 00:01:01 ; elapsed = 00:00:53 . Memory (MB): peak = 1655.246 ; gain = 244.059

Phase 7 Route finalize

Router Utilization Summary
  Global Vertical Routing Utilization    = 0.144711 %
  Global Horizontal Routing Utilization  = 0.332783 %
  Routable Net Status*
  *Does not include unroutable nets such as driverless and loadless.
  Run report_route_status for detailed report.
  Number of Failed Nets               = 0
    (Failed Nets is the sum of unrouted and partially routed nets)
  Number of Unrouted Nets             = 0
  Number of Partially Routed Nets     = 0
  Number of Node Overlaps             = 0

Congestion Report
North Dir 1x1 Area, Max Cong = 32.4324%, No Congested Regions.
South Dir 1x1 Area, Max Cong = 37.8378%, No Congested Regions.
East Dir 1x1 Area, Max Cong = 38.2353%, No Congested Regions.
West Dir 1x1 Area, Max Cong = 42.6471%, No Congested Regions.

------------------------------
Reporting congestion hotspots
------------------------------
Direction: North
----------------
Congested clusters found at Level 0
Effective congestion level: 0 Aspect Ratio: 1 Sparse Ratio: 0
Direction: South
----------------
Congested clusters found at Level 0
Effective congestion level: 0 Aspect Ratio: 1 Sparse Ratio: 0
Direction: East
----------------
Congested clusters found at Level 0
Effective congestion level: 0 Aspect Ratio: 1 Sparse Ratio: 0
Direction: West
----------------
Congested clusters found at Level 0
Effective congestion level: 0 Aspect Ratio: 1 Sparse Ratio: 0

Phase 7 Route finalize | Checksum: ce76c164

Time (s): cpu = 00:01:01 ; elapsed = 00:00:53 . Memory (MB): peak = 1655.246 ; gain = 244.059

Phase 8 Verifying routed nets

 Verification completed successfully
Phase 8 Verifying routed nets | Checksum: ce76c164

Time (s): cpu = 00:01:01 ; elapsed = 00:00:53 . Memory (MB): peak = 1655.641 ; gain = 244.453

Phase 9 Depositing Routes
Phase 9 Depositing Routes | Checksum: 1130085df

Time (s): cpu = 00:01:01 ; elapsed = 00:00:53 . Memory (MB): peak = 1655.641 ; gain = 244.453
INFO: [Route 35-16] Router Completed Successfully

Time (s): cpu = 00:01:01 ; elapsed = 00:00:53 . Memory (MB): peak = 1655.641 ; gain = 244.453

Routing Is Done.
INFO: [Common 17-83] Releasing license: Implementation
59 Infos, 2 Warnings, 0 Critical Warnings and 0 Errors encountered.
route_design completed successfully
route_design: Time (s): cpu = 00:01:02 ; elapsed = 00:00:54 . Memory (MB): peak = 1655.641 ; gain = 247.574
Netlist sorting complete. Time (s): cpu = 00:00:00 ; elapsed = 00:00:00 . Memory (MB): peak = 1655.641 ; gain = 0.000
INFO: [Timing 38-480] Writing timing data to binary archive.
Writing placer database...
Writing XDEF routing.
Writing XDEF routing logical nets.
Writing XDEF routing special nets.
Write XDEF Complete: Time (s): cpu = 00:00:00 ; elapsed = 00:00:00.962 . Memory (MB): peak = 1665.734 ; gain = 10.094
INFO: [Common 17-1381] The checkpoint 'F:/111111/exp_1.runs/impl_1/alu_routed.dcp' has been generated.
INFO: [runtcl-4] Executing : report_drc -file alu_drc_routed.rpt -pb alu_drc_routed.pb -rpx alu_drc_routed.rpx
Command: report_drc -file alu_drc_routed.rpt -pb alu_drc_routed.pb -rpx alu_drc_routed.rpx
INFO: [IP_Flow 19-1839] IP Catalog is up to date.
INFO: [DRC 23-27] Running DRC with 2 threads
INFO: [Coretcl 2-168] The results of DRC are in file F:/111111/exp_1.runs/impl_1/alu_drc_routed.rpt.
report_drc completed successfully
INFO: [runtcl-4] Executing : report_methodology -file alu_methodology_drc_routed.rpt -pb alu_methodology_drc_routed.pb -rpx alu_methodology_drc_routed.rpx
Command: report_methodology -file alu_methodology_drc_routed.rpt -pb alu_methodology_drc_routed.pb -rpx alu_methodology_drc_routed.rpx
INFO: [Timing 38-35] Done setting XDC timing constraints.
INFO: [DRC 23-133] Running Methodology with 2 threads
INFO: [Coretcl 2-1520] The results of Report Methodology are in file F:/111111/exp_1.runs/impl_1/alu_methodology_drc_routed.rpt.
report_methodology completed successfully
INFO: [runtcl-4] Executing : report_power -file alu_power_routed.rpt -pb alu_power_summary_routed.pb -rpx alu_power_routed.rpx
Command: report_power -file alu_power_routed.rpt -pb alu_power_summary_routed.pb -rpx alu_power_routed.rpx
INFO: [Timing 38-35] Done setting XDC timing constraints.
WARNING: [Power 33-232] No user defined clocks were found in the design! Power estimation will be inaccurate until this is corrected.
Resolution: Please specify clocks using create_clock/create_generated_clock for sequential elements. For pure combinatorial circuits, please specify a virtual clock, otherwise the vectorless estimation might be inaccurate
Running Vector-less Activity Propagation...

Finished Running Vector-less Activity Propagation
71 Infos, 3 Warnings, 0 Critical Warnings and 0 Errors encountered.
report_power completed successfully
INFO: [runtcl-4] Executing : report_route_status -file alu_route_status.rpt -pb alu_route_status.pb
INFO: [runtcl-4] Executing : report_timing_summary -max_paths 10 -file alu_timing_summary_routed.rpt -pb alu_timing_summary_routed.pb -rpx alu_timing_summary_routed.rpx -warn_on_violation 
INFO: [Timing 38-91] UpdateTimingParams: Speed grade: -2, Delay Type: min_max.
INFO: [Timing 38-191] Multithreading enabled for timing update using a maximum of 2 CPUs
WARNING: [Timing 38-313] There are no user specified timing constraints. Timing constraints are needed for proper timing analysis.
INFO: [runtcl-4] Executing : report_incremental_reuse -file alu_incremental_reuse_routed.rpt
INFO: [Vivado_Tcl 4-1062] Incremental flow is disabled. No incremental reuse Info to report.
INFO: [runtcl-4] Executing : report_clock_utilization -file alu_clock_utilization_routed.rpt
INFO: [runtcl-4] Executing : report_bus_skew -warn_on_violation -file alu_bus_skew_routed.rpt -pb alu_bus_skew_routed.pb -rpx alu_bus_skew_routed.rpx
INFO: [Timing 38-91] UpdateTimingParams: Speed grade: -2, Delay Type: min_max.
INFO: [Timing 38-191] Multithreading enabled for timing update using a maximum of 2 CPUs
Command: write_bitstream -force alu.bit
Attempting to get a license for feature 'Implementation' and/or device 'xc7a200t'
INFO: [Common 17-349] Got license for feature 'Implementation' and/or device 'xc7a200t'
Running DRC as a precondition to command write_bitstream
INFO: [IP_Flow 19-1839] IP Catalog is up to date.
INFO: [DRC 23-27] Running DRC with 2 threads
ERROR: [DRC NSTD-1] Unspecified I/O Standard: 100 out of 100 logical ports use I/O standard (IOSTANDARD) value 'DEFAULT', instead of a user assigned specific value. This may cause I/O contention or incompatibility with the board power or connectivity affecting performance, signal integrity or in extreme cases cause damage to the device or the components to which it is connected. To correct this violation, specify all I/O standards. This design will fail to generate a bitstream unless all logical ports have a user specified I/O standard value defined. To allow bitstream creation with unspecified I/O standard values (not recommended), use this command: set_property SEVERITY {Warning} [get_drc_checks NSTD-1].  NOTE: When using the Vivado Runs infrastructure (e.g. launch_runs Tcl command), add this command to a .tcl file and add that file as a pre-hook for write_bitstream step for the implementation run. Problem ports: aluc[2], aluc[1], aluc[0], operand1[31:0], operand2[31:0], result[31:0], and cout.
ERROR: [DRC UCIO-1] Unconstrained Logical Port: 100 out of 100 logical ports have no user assigned specific location constraint (LOC). This may cause I/O contention or incompatibility with the board power or connectivity affecting performance, signal integrity or in extreme cases cause damage to the device or the components to which it is connected. To correct this violation, specify all pin locations. This design will fail to generate a bitstream unless all logical ports have a user specified site LOC constraint defined.  To allow bitstream creation with unspecified pin locations (not recommended), use this command: set_property SEVERITY {Warning} [get_drc_checks UCIO-1].  NOTE: When using the Vivado Runs infrastructure (e.g. launch_runs Tcl command), add this command to a .tcl file and add that file as a pre-hook for write_bitstream step for the implementation run.  Problem ports: aluc[2], aluc[1], aluc[0], operand1[31:0], operand2[31:0], result[31:0], and cout.
WARNING: [DRC CFGBVS-1] Missing CFGBVS and CONFIG_VOLTAGE Design Properties: Neither the CFGBVS nor CONFIG_VOLTAGE voltage property is set in the current_design.  Configuration bank voltage select (CFGBVS) must be set to VCCO or GND, and CONFIG_VOLTAGE must be set to the correct configuration voltage, in order to determine the I/O voltage support for the pins in bank 0.  It is suggested to specify these either using the 'Edit Device Properties' function in the GUI or directly in the XDC file using the following syntax:

 set_property CFGBVS value1 [current_design]
 #where value1 is either VCCO or GND

 set_property CONFIG_VOLTAGE value2 [current_design]
 #where value2 is the voltage provided to configuration bank 0

Refer to the device configuration user guide for more information.
WARNING: [DRC DPIP-1] Input pipelining: DSP cal0 input cal0/A[29:0] is not pipelined. Pipelining DSP48 input will improve performance.
WARNING: [DRC DPIP-1] Input pipelining: DSP cal0 input cal0/B[17:0] is not pipelined. Pipelining DSP48 input will improve performance.
WARNING: [DRC DPIP-1] Input pipelining: DSP cal0__0 input cal0__0/A[29:0] is not pipelined. Pipelining DSP48 input will improve performance.
WARNING: [DRC DPIP-1] Input pipelining: DSP cal0__0 input cal0__0/B[17:0] is not pipelined. Pipelining DSP48 input will improve performance.
WARNING: [DRC DPIP-1] Input pipelining: DSP cal0__1 input cal0__1/A[29:0] is not pipelined. Pipelining DSP48 input will improve performance.
WARNING: [DRC DPIP-1] Input pipelining: DSP cal0__1 input cal0__1/B[17:0] is not pipelined. Pipelining DSP48 input will improve performance.
WARNING: [DRC DPOP-1] PREG Output pipelining: DSP cal0 output cal0/P[47:0] is not pipelined (PREG=0). Pipelining the DSP48 output will improve performance and often saves power so it is suggested whenever possible to fully pipeline this function.  If this DSP48 function was inferred, it is suggested to describe an additional register stage after this function.  If the DSP48 was instantiated in the design, it is suggested to set the PREG attribute to 1.
WARNING: [DRC DPOP-1] PREG Output pipelining: DSP cal0__0 output cal0__0/P[47:0] is not pipelined (PREG=0). Pipelining the DSP48 output will improve performance and often saves power so it is suggested whenever possible to fully pipeline this function.  If this DSP48 function was inferred, it is suggested to describe an additional register stage after this function.  If the DSP48 was instantiated in the design, it is suggested to set the PREG attribute to 1.
WARNING: [DRC DPOP-1] PREG Output pipelining: DSP cal0__1 output cal0__1/P[47:0] is not pipelined (PREG=0). Pipelining the DSP48 output will improve performance and often saves power so it is suggested whenever possible to fully pipeline this function.  If this DSP48 function was inferred, it is suggested to describe an additional register stage after this function.  If the DSP48 was instantiated in the design, it is suggested to set the PREG attribute to 1.
WARNING: [DRC DPOP-2] MREG Output pipelining: DSP cal0 multiplier stage cal0/P[47:0] is not pipelined (MREG=0). Pipelining the multiplier function will improve performance and will save significant power so it is suggested whenever possible to fully pipeline this function.  If this multiplier was inferred, it is suggested to describe an additional register stage after this function.  If there is no registered adder/accumulator following the multiply function, two pipeline stages are suggested to allow both the MREG and PREG registers to be used.  If the DSP48 was instantiated in the design, it is suggested to set both the MREG and PREG attributes to 1 when performing multiply functions.
WARNING: [DRC DPOP-2] MREG Output pipelining: DSP cal0__0 multiplier stage cal0__0/P[47:0] is not pipelined (MREG=0). Pipelining the multiplier function will improve performance and will save significant power so it is suggested whenever possible to fully pipeline this function.  If this multiplier was inferred, it is suggested to describe an additional register stage after this function.  If there is no registered adder/accumulator following the multiply function, two pipeline stages are suggested to allow both the MREG and PREG registers to be used.  If the DSP48 was instantiated in the design, it is suggested to set both the MREG and PREG attributes to 1 when performing multiply functions.
WARNING: [DRC DPOP-2] MREG Output pipelining: DSP cal0__1 multiplier stage cal0__1/P[47:0] is not pipelined (MREG=0). Pipelining the multiplier function will improve performance and will save significant power so it is suggested whenever possible to fully pipeline this function.  If this multiplier was inferred, it is suggested to describe an additional register stage after this function.  If there is no registered adder/accumulator following the multiply function, two pipeline stages are suggested to allow both the MREG and PREG registers to be used.  If the DSP48 was instantiated in the design, it is suggested to set both the MREG and PREG attributes to 1 when performing multiply functions.
INFO: [Vivado 12-3199] DRC finished with 2 Errors, 13 Warnings
INFO: [Vivado 12-3200] Please refer to the DRC report (report_drc) for more information.
ERROR: [Vivado 12-1345] Error(s) found during DRC. Bitgen not run.
INFO: [Common 17-83] Releasing license: Implementation
87 Infos, 17 Warnings, 0 Critical Warnings and 3 Errors encountered.
write_bitstream failed
ERROR: [Common 17-39] 'write_bitstream' failed due to earlier errors.

INFO: [Common 17-206] Exiting Vivado at Wed Nov  2 11:48:30 2022...
