#-----------------------------------------------------------
# Vivado v2019.1 (64-bit)
# SW Build 2552052 on Fri May 24 14:49:42 MDT 2019
# IP Build 2548770 on Fri May 24 18:01:18 MDT 2019
# Start of session at: Fri Oct 21 19:12:32 2022
# Process ID: 4612
# Current directory: C:/Users/lenovo/Desktop/001
# Command line: vivado.exe -gui_launcher_event rodinguilauncherevent1360 C:\Users\lenovo\Desktop\001\exp_1.xpr
# Log file: C:/Users/lenovo/Desktop/001/vivado.log
# Journal file: C:/Users/lenovo/Desktop/001\vivado.jou
#-----------------------------------------------------------
start_gui
open_project C:/Users/lenovo/Desktop/001/exp_1.xpr
CRITICAL WARNING: [Project 1-19] Could not find the file 'C:/Users/lenovo/组原/组原实验/lcd_module.dcp'.
WARNING: [Project 1-865] Could not find the file C:/Users/lenovo/组原/组原实验/lcd_module.dcp
CRITICAL WARNING: [Project 1-19] Could not find the file 'C:/Users/lenovo/组原/组原实验/adder_display.v'.
Scanning sources...
Finished scanning sources
INFO: [IP_Flow 19-234] Refreshing IP repositories
INFO: [IP_Flow 19-1704] No user IP repositories specified
INFO: [IP_Flow 19-2313] Loaded Vivado IP repository 'E:/Xilinx2019/Vivado/2019.1/data/ip'.
update_compile_order -fileset sources_1
open_hw
connect_hw_server
INFO: [Labtools 27-2285] Connecting to hw_server url TCP:localhost:3121
INFO: [Labtools 27-2222] Launching hw_server...
INFO: [Labtools 27-2221] Launch Output:

****** Xilinx hw_server v2019.1
  **** Build date : May 24 2019 at 15:13:31
    ** Copyright 1986-2019 Xilinx, Inc. All Rights Reserved.


open_hw_target
INFO: [Labtoolstcl 44-466] Opening hw_target localhost:3121/xilinx_tcf/Digilent/210251A08870
current_hw_device [get_hw_devices xc7a200t_0]
refresh_hw_device -update_hw_probes false [lindex [get_hw_devices xc7a200t_0] 0]
INFO: [Labtools 27-1434] Device xc7a200t (JTAG device index = 0) is programmed with a design that has no supported debug core(s) in it.
create_hw_cfgmem -hw_device [get_hw_devices xc7a200t_0] -mem_dev [lindex [get_cfgmem_parts {28f00am29ew-bpi-x16}] 0]
launch_runs impl_1 -jobs 2
[Fri Oct 21 19:13:49 2022] Launched synth_1...
Run output will be captured here: C:/Users/lenovo/Desktop/001/exp_1.runs/synth_1/runme.log
[Fri Oct 21 19:13:49 2022] Launched impl_1...
Run output will be captured here: C:/Users/lenovo/Desktop/001/exp_1.runs/impl_1/runme.log
open_run impl_1
INFO: [Device 21-403] Loading part xc7a200tfbg676-2
INFO: [Netlist 29-17] Analyzing 320 Unisim elements for replacement
INFO: [Netlist 29-28] Unisim Transformation completed in 0 CPU seconds
INFO: [Project 1-479] Netlist was created with Vivado 2019.1
INFO: [Project 1-570] Preparing netlist for logic optimization
INFO: [Timing 38-478] Restoring timing data from binary archive.
INFO: [Timing 38-479] Binary timing data restore complete.
INFO: [Project 1-856] Restoring constraints from binary archive.
INFO: [Project 1-853] Binary constraint restore complete.
Reading XDEF placement.
Reading placer database...
Reading XDEF routing.
Read XDEF File: Time (s): cpu = 00:00:00 ; elapsed = 00:00:00.302 . Memory (MB): peak = 2797.988 ; gain = 0.000
Restored from archive | CPU: 0.000000 secs | Memory: 0.000000 MB |
Finished XDEF File Restore: Time (s): cpu = 00:00:00 ; elapsed = 00:00:00.302 . Memory (MB): peak = 2797.988 ; gain = 0.000
Netlist sorting complete. Time (s): cpu = 00:00:00 ; elapsed = 00:00:00.001 . Memory (MB): peak = 2797.988 ; gain = 0.000
INFO: [Project 1-111] Unisim Transformation Summary:
  A total of 2 instances were transformed.
  IOBUF => IOBUF (IBUF, OBUFT): 2 instances

open_run: Time (s): cpu = 00:00:32 ; elapsed = 00:00:27 . Memory (MB): peak = 2956.773 ; gain = 1020.883
WARNING: [Timing 38-313] There are no user specified timing constraints. Timing constraints are needed for proper timing analysis.
reset_run impl_1
launch_runs impl_1 -jobs 2
[Fri Oct 21 19:16:54 2022] Launched impl_1...
Run output will be captured here: C:/Users/lenovo/Desktop/001/exp_1.runs/impl_1/runme.log
launch_runs impl_1 -to_step write_bitstream -jobs 2
[Fri Oct 21 19:18:39 2022] Launched impl_1...
Run output will be captured here: C:/Users/lenovo/Desktop/001/exp_1.runs/impl_1/runme.log
set_property PROBES.FILE {} [get_hw_devices xc7a200t_0]
set_property FULL_PROBES.FILE {} [get_hw_devices xc7a200t_0]
set_property PROGRAM.FILE {C:/Users/lenovo/Desktop/001/exp_1.runs/impl_1/adder_display.bit} [get_hw_devices xc7a200t_0]
program_hw_devices [get_hw_devices xc7a200t_0]
INFO: [Labtools 27-3164] End of startup status: HIGH
program_hw_devices: Time (s): cpu = 00:00:06 ; elapsed = 00:00:06 . Memory (MB): peak = 3067.383 ; gain = 0.000
refresh_hw_device [lindex [get_hw_devices xc7a200t_0] 0]
INFO: [Labtools 27-1434] Device xc7a200t (JTAG device index = 0) is programmed with a design that has no supported debug core(s) in it.
reset_run impl_1 -prev_step 
launch_runs impl_1 -to_step write_bitstream -jobs 2
[Fri Oct 21 19:22:20 2022] Launched impl_1...
Run output will be captured here: C:/Users/lenovo/Desktop/001/exp_1.runs/impl_1/runme.log
set_property PROBES.FILE {} [get_hw_devices xc7a200t_0]
set_property FULL_PROBES.FILE {} [get_hw_devices xc7a200t_0]
set_property PROGRAM.FILE {C:/Users/lenovo/Desktop/001/exp_1.runs/impl_1/adder_display.bit} [get_hw_devices xc7a200t_0]
program_hw_devices [get_hw_devices xc7a200t_0]
INFO: [Labtools 27-3164] End of startup status: HIGH
program_hw_devices: Time (s): cpu = 00:00:06 ; elapsed = 00:00:06 . Memory (MB): peak = 3127.449 ; gain = 0.000
refresh_hw_device [lindex [get_hw_devices xc7a200t_0] 0]
INFO: [Labtools 27-1434] Device xc7a200t (JTAG device index = 0) is programmed with a design that has no supported debug core(s) in it.
set_property PROBES.FILE {} [get_hw_devices xc7a200t_0]
set_property FULL_PROBES.FILE {} [get_hw_devices xc7a200t_0]
set_property PROGRAM.FILE {C:/Users/lenovo/Desktop/001/exp_1.runs/impl_1/adder_display.bit} [get_hw_devices xc7a200t_0]
program_hw_devices [get_hw_devices xc7a200t_0]
INFO: [Labtools 27-3164] End of startup status: HIGH
program_hw_devices: Time (s): cpu = 00:00:06 ; elapsed = 00:00:06 . Memory (MB): peak = 3127.449 ; gain = 0.000
refresh_hw_device [lindex [get_hw_devices xc7a200t_0] 0]
INFO: [Labtools 27-1434] Device xc7a200t (JTAG device index = 0) is programmed with a design that has no supported debug core(s) in it.
set_property PROBES.FILE {} [get_hw_devices xc7a200t_0]
set_property FULL_PROBES.FILE {} [get_hw_devices xc7a200t_0]
set_property PROGRAM.FILE {C:/Users/lenovo/Desktop/001/exp_1.runs/impl_1/adder_display.bit} [get_hw_devices xc7a200t_0]
program_hw_devices [get_hw_devices xc7a200t_0]
INFO: [Labtools 27-3164] End of startup status: HIGH
program_hw_devices: Time (s): cpu = 00:00:06 ; elapsed = 00:00:06 . Memory (MB): peak = 3127.449 ; gain = 0.000
refresh_hw_device [lindex [get_hw_devices xc7a200t_0] 0]
INFO: [Labtools 27-1434] Device xc7a200t (JTAG device index = 0) is programmed with a design that has no supported debug core(s) in it.
reset_run impl_1 -prev_step 
launch_runs impl_1 -to_step write_bitstream -jobs 2
[Fri Oct 21 19:25:38 2022] Launched impl_1...
Run output will be captured here: C:/Users/lenovo/Desktop/001/exp_1.runs/impl_1/runme.log
reset_run synth_1
WARNING: [Vivado 12-1017] Problems encountered:
1. PID not specified
2. Failed to delete one or more files in run directory C:/Users/lenovo/Desktop/001/exp_1.runs/synth_1

launch_runs synth_1 -jobs 2
CRITICAL WARNING: [HDL 9-806] Syntax error near "module". [C:/Users/lenovo/Desktop/001/exp_1.srcs/sources_1/new/adder.v:31]
[Fri Oct 21 19:25:52 2022] Launched synth_1...
Run output will be captured here: C:/Users/lenovo/Desktop/001/exp_1.runs/synth_1/runme.log
reset_run synth_1
WARNING: [Vivado 12-1017] Problems encountered:
1. PID not specified

launch_runs synth_1 -jobs 2
CRITICAL WARNING: [HDL 9-806] Syntax error near "module". [C:/Users/lenovo/Desktop/001/exp_1.srcs/sources_1/new/adder.v:31]
[Fri Oct 21 19:25:56 2022] Launched synth_1...
Run output will be captured here: C:/Users/lenovo/Desktop/001/exp_1.runs/synth_1/runme.log
launch_runs impl_1 -jobs 2
[Fri Oct 21 19:26:32 2022] Launched impl_1...
Run output will be captured here: C:/Users/lenovo/Desktop/001/exp_1.runs/impl_1/runme.log
reset_run impl_1
WARNING: [Vivado 12-1017] Problems encountered:
1. PID not specified

launch_runs impl_1 -to_step write_bitstream -jobs 2
[Fri Oct 21 19:26:35 2022] Launched impl_1...
Run output will be captured here: C:/Users/lenovo/Desktop/001/exp_1.runs/impl_1/runme.log
reset_run impl_1
launch_runs impl_1 -jobs 2
[Fri Oct 21 19:26:50 2022] Launched impl_1...
Run output will be captured here: C:/Users/lenovo/Desktop/001/exp_1.runs/impl_1/runme.log
launch_runs impl_1 -to_step write_bitstream -jobs 2
[Fri Oct 21 19:28:38 2022] Launched impl_1...
Run output will be captured here: C:/Users/lenovo/Desktop/001/exp_1.runs/impl_1/runme.log
set_property PROBES.FILE {} [get_hw_devices xc7a200t_0]
set_property FULL_PROBES.FILE {} [get_hw_devices xc7a200t_0]
set_property PROGRAM.FILE {C:/Users/lenovo/Desktop/001/exp_1.runs/impl_1/adder_display.bit} [get_hw_devices xc7a200t_0]
program_hw_devices [get_hw_devices xc7a200t_0]
INFO: [Labtools 27-3164] End of startup status: HIGH
program_hw_devices: Time (s): cpu = 00:00:06 ; elapsed = 00:00:06 . Memory (MB): peak = 3130.348 ; gain = 0.000
refresh_hw_device [lindex [get_hw_devices xc7a200t_0] 0]
INFO: [Labtools 27-1434] Device xc7a200t (JTAG device index = 0) is programmed with a design that has no supported debug core(s) in it.
exit
INFO: [Common 17-206] Exiting Vivado at Fri Oct 21 19:40:29 2022...
